#! /usr/bin/vvp
:ivl_version "11.0 (stable)";
:ivl_delay_selection "TYPICAL";
:vpi_time_precision - 12;
:vpi_module "/usr/lib/x86_64-linux-gnu/ivl/system.vpi";
:vpi_module "/usr/lib/x86_64-linux-gnu/ivl/vhdl_sys.vpi";
:vpi_module "/usr/lib/x86_64-linux-gnu/ivl/vhdl_textio.vpi";
:vpi_module "/usr/lib/x86_64-linux-gnu/ivl/v2005_math.vpi";
:vpi_module "/usr/lib/x86_64-linux-gnu/ivl/va_math.vpi";
S_0x55a42a834050 .scope module, "tb_credit_manager" "tb_credit_manager" 2 4;
 .timescale -9 -12;
P_0x55a42a8364b0 .param/l "CREDITS_MAX" 0 2 6, +C4<00000000000000000000000000000100>;
v0x55a42a86d1d0_0 .var "clk", 0 0;
v0x55a42a86d290_0 .net "credit_avail", 0 0, L_0x55a42a87da20;  1 drivers
v0x55a42a86d360_0 .net "credit_count", 31 0, L_0x55a42a87dbb0;  1 drivers
v0x55a42a86d460_0 .var "credit_dec", 0 0;
v0x55a42a86d530_0 .var "credit_inc", 0 0;
v0x55a42a86d5d0_0 .var/i "errors", 31 0;
v0x55a42a86d670_0 .var "rst_n", 0 0;
v0x55a42a86d740_0 .net "stat_credit_stall", 0 0, L_0x55a42a835c40;  1 drivers
v0x55a42a86d810_0 .var/i "test_num", 31 0;
E_0x55a42a83c4d0 .event posedge, v0x55a42a86cab0_0;
S_0x55a42a840840 .scope task, "check" "check" 2 28, 2 28 0, S_0x55a42a834050;
 .timescale -9 -12;
v0x55a42a834ab0_0 .var "exp_avail", 0 0;
v0x55a42a834e20_0 .var "exp_count", 31 0;
v0x55a42a835da0_0 .var "msg", 127 0;
TD_tb_credit_manager.check ;
    %load/vec4 v0x55a42a86d360_0;
    %load/vec4 v0x55a42a834e20_0;
    %cmp/ne;
    %flag_mov 8, 6;
    %load/vec4 v0x55a42a86d290_0;
    %load/vec4 v0x55a42a834ab0_0;
    %cmp/ne;
    %flag_or 6, 8;
    %jmp/0xz  T_0.0, 6;
    %vpi_call 2 31 "$display", "FAIL [T%0d] %0s: count=%0d (exp %0d) avail=%0b (exp %0b)", v0x55a42a86d810_0, v0x55a42a835da0_0, v0x55a42a86d360_0, v0x55a42a834e20_0, v0x55a42a86d290_0, v0x55a42a834ab0_0 {0 0 0};
    %load/vec4 v0x55a42a86d5d0_0;
    %addi 1, 0, 32;
    %store/vec4 v0x55a42a86d5d0_0, 0, 32;
    %jmp T_0.1;
T_0.0 ;
    %vpi_call 2 35 "$display", "PASS [T%0d] %0s", v0x55a42a86d810_0, v0x55a42a835da0_0 {0 0 0};
T_0.1 ;
    %end;
S_0x55a42a86c510 .scope module, "dut" "credit_manager" 2 17, 3 5 0, S_0x55a42a834050;
 .timescale 0 0;
    .port_info 0 /INPUT 1 "clk";
    .port_info 1 /INPUT 1 "rst_n";
    .port_info 2 /INPUT 1 "credit_dec";
    .port_info 3 /INPUT 1 "credit_inc";
    .port_info 4 /OUTPUT 1 "credit_avail";
    .port_info 5 /OUTPUT 32 "credit_count";
    .port_info 6 /OUTPUT 1 "stat_credit_stall";
P_0x55a42a82e7f0 .param/l "CREDITS_MAX" 0 3 6, +C4<00000000000000000000000000000100>;
P_0x55a42a82e830 .param/l "CW" 1 3 25, +C4<00000000000000000000000000000011>;
L_0x55a42a834cc0 .functor NOT 1, L_0x55a42a87da20, C4<0>, C4<0>, C4<0>;
L_0x55a42a835c40 .functor AND 1, v0x55a42a86d460_0, L_0x55a42a834cc0, C4<1>, C4<1>;
v0x55a42a8360d0_0 .net *"_ivl_0", 31 0, L_0x55a42a86d8b0;  1 drivers
v0x55a42a837130_0 .net *"_ivl_12", 0 0, L_0x55a42a834cc0;  1 drivers
L_0x7ff872a01018 .functor BUFT 1, C4<00000000000000000000000000000>, C4<0>, C4<0>, C4<0>;
v0x55a42a837460_0 .net *"_ivl_3", 28 0, L_0x7ff872a01018;  1 drivers
L_0x7ff872a01060 .functor BUFT 1, C4<00000000000000000000000000000000>, C4<0>, C4<0>, C4<0>;
v0x55a42a8381f0_0 .net/2u *"_ivl_4", 31 0, L_0x7ff872a01060;  1 drivers
L_0x7ff872a010a8 .functor BUFT 1, C4<00000000000000000000000000000>, C4<0>, C4<0>, C4<0>;
v0x55a42a86c980_0 .net/2u *"_ivl_8", 28 0, L_0x7ff872a010a8;  1 drivers
v0x55a42a86cab0_0 .net "clk", 0 0, v0x55a42a86d1d0_0;  1 drivers
v0x55a42a86cb70_0 .net "credit_avail", 0 0, L_0x55a42a87da20;  alias, 1 drivers
v0x55a42a86cc30_0 .net "credit_count", 31 0, L_0x55a42a87dbb0;  alias, 1 drivers
v0x55a42a86cd10_0 .net "credit_dec", 0 0, v0x55a42a86d460_0;  1 drivers
v0x55a42a86cdd0_0 .net "credit_inc", 0 0, v0x55a42a86d530_0;  1 drivers
v0x55a42a86ce90_0 .var "credits", 2 0;
v0x55a42a86cf70_0 .net "rst_n", 0 0, v0x55a42a86d670_0;  1 drivers
v0x55a42a86d030_0 .net "stat_credit_stall", 0 0, L_0x55a42a835c40;  alias, 1 drivers
E_0x55a42a8269b0/0 .event negedge, v0x55a42a86cf70_0;
E_0x55a42a8269b0/1 .event posedge, v0x55a42a86cab0_0;
E_0x55a42a8269b0 .event/or E_0x55a42a8269b0/0, E_0x55a42a8269b0/1;
L_0x55a42a86d8b0 .concat [ 3 29 0 0], v0x55a42a86ce90_0, L_0x7ff872a01018;
L_0x55a42a87da20 .cmp/ne 32, L_0x55a42a86d8b0, L_0x7ff872a01060;
L_0x55a42a87dbb0 .concat [ 3 29 0 0], v0x55a42a86ce90_0, L_0x7ff872a010a8;
    .scope S_0x55a42a86c510;
T_1 ;
    %wait E_0x55a42a8269b0;
    %load/vec4 v0x55a42a86cf70_0;
    %nor/r;
    %flag_set/vec4 8;
    %jmp/0xz  T_1.0, 8;
    %pushi/vec4 4, 0, 3;
    %assign/vec4 v0x55a42a86ce90_0, 0;
    %jmp T_1.1;
T_1.0 ;
    %load/vec4 v0x55a42a86cdd0_0;
    %load/vec4 v0x55a42a86cd10_0;
    %concat/vec4; draw_concat_vec4
    %dup/vec4;
    %pushi/vec4 2, 0, 2;
    %cmp/u;
    %jmp/1 T_1.2, 6;
    %dup/vec4;
    %pushi/vec4 1, 0, 2;
    %cmp/u;
    %jmp/1 T_1.3, 6;
    %dup/vec4;
    %pushi/vec4 3, 0, 2;
    %cmp/u;
    %jmp/1 T_1.4, 6;
    %load/vec4 v0x55a42a86ce90_0;
    %assign/vec4 v0x55a42a86ce90_0, 0;
    %jmp T_1.6;
T_1.2 ;
    %load/vec4 v0x55a42a86ce90_0;
    %cmpi/u 4, 0, 3;
    %jmp/0xz  T_1.7, 5;
    %load/vec4 v0x55a42a86ce90_0;
    %addi 1, 0, 3;
    %assign/vec4 v0x55a42a86ce90_0, 0;
T_1.7 ;
    %jmp T_1.6;
T_1.3 ;
    %load/vec4 v0x55a42a86ce90_0;
    %pad/u 32;
    %cmpi/u 0, 0, 32;
    %flag_or 5, 4; GT is !LE
    %flag_inv 5;
    %jmp/0xz  T_1.9, 5;
    %load/vec4 v0x55a42a86ce90_0;
    %subi 1, 0, 3;
    %assign/vec4 v0x55a42a86ce90_0, 0;
T_1.9 ;
    %jmp T_1.6;
T_1.4 ;
    %load/vec4 v0x55a42a86ce90_0;
    %assign/vec4 v0x55a42a86ce90_0, 0;
    %jmp T_1.6;
T_1.6 ;
    %pop/vec4 1;
T_1.1 ;
    %jmp T_1;
    .thread T_1;
    .scope S_0x55a42a834050;
T_2 ;
    %pushi/vec4 0, 0, 32;
    %store/vec4 v0x55a42a86d5d0_0, 0, 32;
    %pushi/vec4 0, 0, 32;
    %store/vec4 v0x55a42a86d810_0, 0, 32;
    %end;
    .thread T_2;
    .scope S_0x55a42a834050;
T_3 ;
    %delay 500, 0;
    %load/vec4 v0x55a42a86d1d0_0;
    %inv;
    %store/vec4 v0x55a42a86d1d0_0, 0, 1;
    %jmp T_3;
    .thread T_3;
    .scope S_0x55a42a834050;
T_4 ;
    %vpi_call 2 41 "$dumpfile", "tb_credit_manager.vcd" {0 0 0};
    %vpi_call 2 42 "$dumpvars", 32'sb00000000000000000000000000000000, S_0x55a42a834050 {0 0 0};
    %pushi/vec4 0, 0, 1;
    %store/vec4 v0x55a42a86d1d0_0, 0, 1;
    %pushi/vec4 0, 0, 1;
    %store/vec4 v0x55a42a86d670_0, 0, 1;
    %pushi/vec4 0, 0, 1;
    %store/vec4 v0x55a42a86d460_0, 0, 1;
    %pushi/vec4 0, 0, 1;
    %store/vec4 v0x55a42a86d530_0, 0, 1;
    %delay 2000, 0;
    %pushi/vec4 1, 0, 1;
    %store/vec4 v0x55a42a86d670_0, 0, 1;
    %delay 1000, 0;
    %pushi/vec4 1, 0, 32;
    %store/vec4 v0x55a42a86d810_0, 0, 32;
    %pushi/vec4 4, 0, 32;
    %store/vec4 v0x55a42a834e20_0, 0, 32;
    %pushi/vec4 1, 0, 1;
    %store/vec4 v0x55a42a834ab0_0, 0, 1;
    %pushi/vec4 0, 0, 32; draw_string_vec4
    %pushi/vec4 7497075, 0, 32; draw_string_vec4
    %concat/vec4; draw_string_vec4
    %pushi/vec4 1702109302, 0, 32; draw_string_vec4
    %concat/vec4; draw_string_vec4
    %pushi/vec4 1634497893, 0, 32; draw_string_vec4
    %concat/vec4; draw_string_vec4
    %store/vec4 v0x55a42a835da0_0, 0, 128;
    %fork TD_tb_credit_manager.check, S_0x55a42a840840;
    %join;
    %pushi/vec4 2, 0, 32;
    %store/vec4 v0x55a42a86d810_0, 0, 32;
    %pushi/vec4 4, 0, 32;
T_4.0 %dup/vec4;
    %pushi/vec4 0, 0, 32;
    %cmp/s;
    %jmp/1xz T_4.1, 5;
    %jmp/1 T_4.1, 4;
    %pushi/vec4 1, 0, 32;
    %sub;
    %pushi/vec4 1, 0, 1;
    %store/vec4 v0x55a42a86d460_0, 0, 1;
    %wait E_0x55a42a83c4d0;
    %delay 100, 0;
    %jmp T_4.0;
T_4.1 ;
    %pop/vec4 1;
    %pushi/vec4 0, 0, 1;
    %store/vec4 v0x55a42a86d460_0, 0, 1;
    %wait E_0x55a42a83c4d0;
    %delay 100, 0;
    %pushi/vec4 0, 0, 32;
    %store/vec4 v0x55a42a834e20_0, 0, 32;
    %pushi/vec4 0, 0, 1;
    %store/vec4 v0x55a42a834ab0_0, 0, 1;
    %pushi/vec4 3838499530, 0, 33;
    %concati/vec4 3706243784, 0, 32;
    %concati/vec4 2178006145, 0, 33;
    %concati/vec4 979726959, 0, 30;
    %store/vec4 v0x55a42a835da0_0, 0, 128;
    %fork TD_tb_credit_manager.check, S_0x55a42a840840;
    %join;
    %pushi/vec4 3, 0, 32;
    %store/vec4 v0x55a42a86d810_0, 0, 32;
    %pushi/vec4 1, 0, 1;
    %store/vec4 v0x55a42a86d460_0, 0, 1;
    %wait E_0x55a42a83c4d0;
    %delay 100, 0;
    %load/vec4 v0x55a42a86d740_0;
    %pad/u 32;
    %cmpi/ne 1, 0, 32;
    %jmp/0xz  T_4.2, 6;
    %vpi_call 2 63 "$display", "FAIL [T3] stall not asserted at zero" {0 0 0};
    %load/vec4 v0x55a42a86d5d0_0;
    %addi 1, 0, 32;
    %store/vec4 v0x55a42a86d5d0_0, 0, 32;
    %jmp T_4.3;
T_4.2 ;
    %vpi_call 2 66 "$display", "PASS [T3] stall asserted at zero" {0 0 0};
T_4.3 ;
    %pushi/vec4 0, 0, 1;
    %store/vec4 v0x55a42a86d460_0, 0, 1;
    %pushi/vec4 0, 0, 32;
    %store/vec4 v0x55a42a834e20_0, 0, 32;
    %pushi/vec4 0, 0, 1;
    %store/vec4 v0x55a42a834ab0_0, 0, 1;
    %pushi/vec4 0, 0, 32; draw_string_vec4
    %pushi/vec4 1852776565, 0, 32; draw_string_vec4
    %concat/vec4; draw_string_vec4
    %pushi/vec4 1852073330, 0, 32; draw_string_vec4
    %concat/vec4; draw_string_vec4
    %pushi/vec4 1718382455, 0, 32; draw_string_vec4
    %concat/vec4; draw_string_vec4
    %store/vec4 v0x55a42a835da0_0, 0, 128;
    %fork TD_tb_credit_manager.check, S_0x55a42a840840;
    %join;
    %pushi/vec4 4, 0, 32;
    %store/vec4 v0x55a42a86d810_0, 0, 32;
    %pushi/vec4 4, 0, 32;
T_4.4 %dup/vec4;
    %pushi/vec4 0, 0, 32;
    %cmp/s;
    %jmp/1xz T_4.5, 5;
    %jmp/1 T_4.5, 4;
    %pushi/vec4 1, 0, 32;
    %sub;
    %pushi/vec4 1, 0, 1;
    %store/vec4 v0x55a42a86d530_0, 0, 1;
    %wait E_0x55a42a83c4d0;
    %delay 100, 0;
    %jmp T_4.4;
T_4.5 ;
    %pop/vec4 1;
    %pushi/vec4 0, 0, 1;
    %store/vec4 v0x55a42a86d530_0, 0, 1;
    %wait E_0x55a42a83c4d0;
    %delay 100, 0;
    %pushi/vec4 4, 0, 32;
    %store/vec4 v0x55a42a834e20_0, 0, 32;
    %pushi/vec4 1, 0, 1;
    %store/vec4 v0x55a42a834ab0_0, 0, 1;
    %pushi/vec4 3336882906, 0, 33;
    %concati/vec4 3403475146, 0, 32;
    %concati/vec4 3359697118, 0, 32;
    %concati/vec4 544039288, 0, 31;
    %store/vec4 v0x55a42a835da0_0, 0, 128;
    %fork TD_tb_credit_manager.check, S_0x55a42a840840;
    %join;
    %pushi/vec4 5, 0, 32;
    %store/vec4 v0x55a42a86d810_0, 0, 32;
    %pushi/vec4 1, 0, 1;
    %store/vec4 v0x55a42a86d530_0, 0, 1;
    %wait E_0x55a42a83c4d0;
    %delay 100, 0;
    %pushi/vec4 0, 0, 1;
    %store/vec4 v0x55a42a86d530_0, 0, 1;
    %wait E_0x55a42a83c4d0;
    %delay 100, 0;
    %pushi/vec4 4, 0, 32;
    %store/vec4 v0x55a42a834e20_0, 0, 32;
    %pushi/vec4 1, 0, 1;
    %store/vec4 v0x55a42a834ab0_0, 0, 1;
    %pushi/vec4 3972719820, 0, 33;
    %concati/vec4 3638488640, 0, 32;
    %concati/vec4 3770869480, 0, 32;
    %concati/vec4 544039288, 0, 31;
    %store/vec4 v0x55a42a835da0_0, 0, 128;
    %fork TD_tb_credit_manager.check, S_0x55a42a840840;
    %join;
    %pushi/vec4 6, 0, 32;
    %store/vec4 v0x55a42a86d810_0, 0, 32;
    %pushi/vec4 1, 0, 1;
    %store/vec4 v0x55a42a86d460_0, 0, 1;
    %wait E_0x55a42a83c4d0;
    %delay 100, 0;
    %pushi/vec4 0, 0, 1;
    %store/vec4 v0x55a42a86d460_0, 0, 1;
    %wait E_0x55a42a83c4d0;
    %delay 100, 0;
    %pushi/vec4 3, 0, 32;
    %store/vec4 v0x55a42a834e20_0, 0, 32;
    %pushi/vec4 1, 0, 1;
    %store/vec4 v0x55a42a834ab0_0, 0, 1;
    %pushi/vec4 0, 0, 32; draw_string_vec4
    %pushi/vec4 1684366112, 0, 32; draw_string_vec4
    %concat/vec4; draw_string_vec4
    %pushi/vec4 1953439821, 0, 32; draw_string_vec4
    %concat/vec4; draw_string_vec4
    %pushi/vec4 1096297777, 0, 32; draw_string_vec4
    %concat/vec4; draw_string_vec4
    %store/vec4 v0x55a42a835da0_0, 0, 128;
    %fork TD_tb_credit_manager.check, S_0x55a42a840840;
    %join;
    %pushi/vec4 1, 0, 1;
    %store/vec4 v0x55a42a86d530_0, 0, 1;
    %pushi/vec4 1, 0, 1;
    %store/vec4 v0x55a42a86d460_0, 0, 1;
    %wait E_0x55a42a83c4d0;
    %delay 100, 0;
    %pushi/vec4 0, 0, 1;
    %store/vec4 v0x55a42a86d530_0, 0, 1;
    %pushi/vec4 0, 0, 1;
    %store/vec4 v0x55a42a86d460_0, 0, 1;
    %wait E_0x55a42a83c4d0;
    %delay 100, 0;
    %pushi/vec4 3, 0, 32;
    %store/vec4 v0x55a42a834e20_0, 0, 32;
    %pushi/vec4 1, 0, 1;
    %store/vec4 v0x55a42a834ab0_0, 0, 1;
    %pushi/vec4 3703985864, 0, 33;
    %concati/vec4 3401990364, 0, 32;
    %concati/vec4 3728787152, 0, 32;
    %concati/vec4 1634625381, 0, 31;
    %store/vec4 v0x55a42a835da0_0, 0, 128;
    %fork TD_tb_credit_manager.check, S_0x55a42a840840;
    %join;
    %vpi_call 2 97 "$display", "---" {0 0 0};
    %load/vec4 v0x55a42a86d5d0_0;
    %cmpi/e 0, 0, 32;
    %jmp/0xz  T_4.6, 4;
    %vpi_call 2 99 "$display", "credit_manager: ALL TESTS PASSED" {0 0 0};
    %jmp T_4.7;
T_4.6 ;
    %vpi_call 2 101 "$display", "credit_manager: %0d ERRORS", v0x55a42a86d5d0_0 {0 0 0};
T_4.7 ;
    %vpi_call 2 102 "$finish" {0 0 0};
    %end;
    .thread T_4;
# The file index is used to find the file name in the following table.
:file_names 4;
    "N/A";
    "<interactive>";
    "tb/tb_credit_manager.v";
    "src/credit_manager.v";
