#! /usr/bin/vvp
:ivl_version "11.0 (stable)";
:ivl_delay_selection "TYPICAL";
:vpi_time_precision - 12;
:vpi_module "/usr/lib/x86_64-linux-gnu/ivl/system.vpi";
:vpi_module "/usr/lib/x86_64-linux-gnu/ivl/vhdl_sys.vpi";
:vpi_module "/usr/lib/x86_64-linux-gnu/ivl/vhdl_textio.vpi";
:vpi_module "/usr/lib/x86_64-linux-gnu/ivl/v2005_math.vpi";
:vpi_module "/usr/lib/x86_64-linux-gnu/ivl/va_math.vpi";
S_0x562494313eb0 .scope module, "tb_cq_engine" "tb_cq_engine" 2 4;
 .timescale -9 -12;
P_0x562494313af0 .param/l "BATCH_N" 0 2 8, +C4<00000000000000000000000000000100>;
P_0x562494313b30 .param/l "BATCH_T" 0 2 9, +C4<00000000000000000000000001100100>;
P_0x562494313b70 .param/l "DW" 0 2 11, +C4<00000000000000000000000010000000>;
P_0x562494313bb0 .param/l "NUM_QUEUES" 0 2 6, +C4<00000000000000000000000000000100>;
P_0x562494313bf0 .param/l "QUEUE_DEPTH" 0 2 7, +C4<00000000000000000000000000001000>;
P_0x562494313c30 .param/l "SRAM_AW" 0 2 10, +C4<00000000000000000000000000001100>;
v0x56249438ff60_0 .var "clk", 0 0;
v0x562494390020_0 .var "cqe_data", 127 0;
v0x5624943900c0_0 .var "cqe_qid", 1 0;
v0x562494390160_0 .var "cqe_valid", 0 0;
v0x562494390200_0 .net "credit_inc", 0 0, v0x56249438e630_0;  1 drivers
v0x5624943902f0_0 .net "dma_wr_addr", 63 0, v0x56249438e8b0_0;  1 drivers
v0x5624943903c0_0 .net "dma_wr_data", 127 0, v0x56249438e990_0;  1 drivers
v0x562494390490_0 .net "dma_wr_req", 0 0, v0x56249438ea70_0;  1 drivers
v0x562494390560_0 .var/i "errors", 31 0;
v0x562494390600_0 .net "hint_ready", 31 0, L_0x562494367440;  1 drivers
v0x5624943906d0 .array "mock_sram", 4095 0, 127 0;
v0x562494390770_0 .var "rst_n", 0 0;
v0x562494390840_0 .net "sram_addr", 11 0, v0x56249438f130_0;  1 drivers
v0x562494390910_0 .var "sram_grant", 0 0;
v0x5624943909e0_0 .var "sram_rdata", 127 0;
v0x562494390ab0_0 .net "sram_req", 0 0, v0x56249438f3b0_0;  1 drivers
v0x562494390b80_0 .net "sram_wdata", 127 0, v0x56249438f470_0;  1 drivers
v0x562494390c50_0 .net "sram_wr", 0 0, v0x56249438f550_0;  1 drivers
v0x562494390d20_0 .net "stat_batch_flush", 0 0, L_0x562494391130;  1 drivers
v0x562494390df0_0 .net "stat_cqe_enqueued", 0 0, L_0x5624943674b0;  1 drivers
E_0x56249432c000 .event edge, v0x56249438f3b0_0;
S_0x562494313cd0 .scope module, "dut" "cq_engine" 2 39, 3 5 0, S_0x562494313eb0;
 .timescale 0 0;
    .port_info 0 /INPUT 1 "clk";
    .port_info 1 /INPUT 1 "rst_n";
    .port_info 2 /INPUT 1 "cqe_valid";
    .port_info 3 /INPUT 128 "cqe_data";
    .port_info 4 /INPUT 2 "cqe_qid";
    .port_info 5 /OUTPUT 1 "sram_req";
    .port_info 6 /OUTPUT 1 "sram_wr";
    .port_info 7 /OUTPUT 12 "sram_addr";
    .port_info 8 /OUTPUT 128 "sram_wdata";
    .port_info 9 /INPUT 128 "sram_rdata";
    .port_info 10 /INPUT 1 "sram_grant";
    .port_info 11 /OUTPUT 1 "credit_inc";
    .port_info 12 /OUTPUT 32 "hint_ready";
    .port_info 13 /OUTPUT 1 "dma_wr_req";
    .port_info 14 /OUTPUT 64 "dma_wr_addr";
    .port_info 15 /OUTPUT 128 "dma_wr_data";
    .port_info 16 /OUTPUT 1 "stat_cqe_enqueued";
    .port_info 17 /OUTPUT 1 "stat_batch_flush";
P_0x5624943608a0 .param/l "BATCH_N" 0 3 8, +C4<00000000000000000000000000000100>;
P_0x5624943608e0 .param/l "BATCH_T" 0 3 9, +C4<00000000000000000000000001100100>;
P_0x562494360920 .param/l "BW" 1 3 47, +C4<00000000000000000000000000000011>;
P_0x562494360960 .param/l "CQ_SRAM_BASE" 1 3 52, +C4<000000000000000000000000000000000000000000000000000000000000000000000000000000000000000010000000>;
P_0x5624943609a0 .param/l "C_CHECK" 1 3 63, C4<010>;
P_0x5624943609e0 .param/l "C_ENQUEUE" 1 3 62, C4<001>;
P_0x562494360a20 .param/l "C_FLUSH" 1 3 64, C4<011>;
P_0x562494360a60 .param/l "C_IDLE" 1 3 61, C4<000>;
P_0x562494360aa0 .param/l "C_WRITEBACK" 1 3 65, C4<100>;
P_0x562494360ae0 .param/l "DATA_WIDTH" 0 3 11, +C4<00000000000000000000000010000000>;
P_0x562494360b20 .param/l "DW" 1 3 46, +C4<00000000000000000000000000000011>;
P_0x562494360b60 .param/l "NUM_QUEUES" 0 3 6, +C4<00000000000000000000000000000100>;
P_0x562494360ba0 .param/l "QUEUE_DEPTH" 0 3 7, +C4<00000000000000000000000000001000>;
P_0x562494360be0 .param/l "QW" 1 3 45, +C4<00000000000000000000000000000010>;
P_0x562494360c20 .param/l "SRAM_ADDR_WIDTH" 0 3 10, +C4<00000000000000000000000000001100>;
P_0x562494360c60 .param/l "TW" 1 3 48, +C4<00000000000000000000000000000111>;
L_0x562494367440 .functor BUFZ 32, v0x56249438eeb0_0, C4<00000000000000000000000000000000>, C4<00000000000000000000000000000000>, C4<00000000000000000000000000000000>;
L_0x5624943674b0 .functor AND 1, L_0x562494390ef0, v0x562494390910_0, C4<1>, C4<1>;
L_0x7f7e534a1018 .functor BUFT 1, C4<001>, C4<0>, C4<0>, C4<0>;
v0x56249436d9f0_0 .net/2u *"_ivl_2", 2 0, L_0x7f7e534a1018;  1 drivers
v0x56249436eba0_0 .net *"_ivl_4", 0 0, L_0x562494390ef0;  1 drivers
L_0x7f7e534a1060 .functor BUFT 1, C4<100>, C4<0>, C4<0>, C4<0>;
v0x56249431bc80_0 .net/2u *"_ivl_8", 2 0, L_0x7f7e534a1060;  1 drivers
v0x562494321250 .array "batch_count", 3 0, 2 0;
v0x5624943212f0_0 .net "clk", 0 0, v0x56249438ff60_0;  1 drivers
v0x5624942ee350 .array "cq_tail", 3 0, 2 0;
v0x56249438e3b0_0 .net "cqe_data", 127 0, v0x562494390020_0;  1 drivers
v0x56249438e490_0 .net "cqe_qid", 1 0, v0x5624943900c0_0;  1 drivers
v0x56249438e570_0 .net "cqe_valid", 0 0, v0x562494390160_0;  1 drivers
v0x56249438e630_0 .var "credit_inc", 0 0;
v0x56249438e6f0_0 .var "cur_cqe", 127 0;
v0x56249438e7d0_0 .var "cur_qid", 1 0;
v0x56249438e8b0_0 .var "dma_wr_addr", 63 0;
v0x56249438e990_0 .var "dma_wr_data", 127 0;
v0x56249438ea70_0 .var "dma_wr_req", 0 0;
v0x56249438eb30_0 .var "flush_count", 2 0;
v0x56249438ec10_0 .var "flush_idx", 2 0;
v0x56249438ecf0_0 .var/i "hi", 31 0;
v0x56249438edd0_0 .net "hint_ready", 31 0, L_0x562494367440;  alias, 1 drivers
v0x56249438eeb0_0 .var "hint_sum", 31 0;
v0x56249438ef90_0 .var/i "i", 31 0;
v0x56249438f070_0 .net "rst_n", 0 0, v0x562494390770_0;  1 drivers
v0x56249438f130_0 .var "sram_addr", 11 0;
v0x56249438f210_0 .net "sram_grant", 0 0, v0x562494390910_0;  1 drivers
v0x56249438f2d0_0 .net "sram_rdata", 127 0, v0x5624943909e0_0;  1 drivers
v0x56249438f3b0_0 .var "sram_req", 0 0;
v0x56249438f470_0 .var "sram_wdata", 127 0;
v0x56249438f550_0 .var "sram_wr", 0 0;
v0x56249438f610_0 .net "stat_batch_flush", 0 0, L_0x562494391130;  alias, 1 drivers
v0x56249438f6d0_0 .net "stat_cqe_enqueued", 0 0, L_0x5624943674b0;  alias, 1 drivers
v0x56249438f790_0 .var "state", 2 0;
v0x56249438f870 .array "timer", 3 0, 6 0;
v0x56249438f930 .array "timer_active", 3 0, 0 0;
E_0x56249432c460/0 .event negedge, v0x56249438f070_0;
E_0x56249432c460/1 .event posedge, v0x5624943212f0_0;
E_0x56249432c460 .event/or E_0x56249432c460/0, E_0x56249432c460/1;
v0x562494321250_0 .array/port v0x562494321250, 0;
v0x562494321250_1 .array/port v0x562494321250, 1;
v0x562494321250_2 .array/port v0x562494321250, 2;
E_0x5624943109b0/0 .event edge, v0x56249438eeb0_0, v0x562494321250_0, v0x562494321250_1, v0x562494321250_2;
v0x562494321250_3 .array/port v0x562494321250, 3;
E_0x5624943109b0/1 .event edge, v0x562494321250_3;
E_0x5624943109b0 .event/or E_0x5624943109b0/0, E_0x5624943109b0/1;
L_0x562494390ef0 .cmp/eq 3, v0x56249438f790_0, L_0x7f7e534a1018;
L_0x562494391130 .cmp/eq 3, v0x56249438f790_0, L_0x7f7e534a1060;
S_0x562494313960 .scope task, "enqueue_cqe" "enqueue_cqe" 2 62, 2 62 0, S_0x562494313eb0;
 .timescale -9 -12;
v0x56249436b780_0 .var "data", 127 0;
v0x56249438fd50_0 .var "qid", 1 0;
E_0x56249436f510 .event posedge, v0x5624943212f0_0;
TD_tb_cq_engine.enqueue_cqe ;
    %pushi/vec4 1, 0, 1;
    %store/vec4 v0x562494390160_0, 0, 1;
    %load/vec4 v0x56249438fd50_0;
    %store/vec4 v0x5624943900c0_0, 0, 2;
    %load/vec4 v0x56249436b780_0;
    %store/vec4 v0x562494390020_0, 0, 128;
    %wait E_0x56249436f510;
    %delay 100, 0;
    %pushi/vec4 0, 0, 1;
    %store/vec4 v0x562494390160_0, 0, 1;
    %pushi/vec4 4, 0, 32;
T_0.0 %dup/vec4;
    %pushi/vec4 0, 0, 32;
    %cmp/s;
    %jmp/1xz T_0.1, 5;
    %jmp/1 T_0.1, 4;
    %pushi/vec4 1, 0, 32;
    %sub;
    %wait E_0x56249436f510;
    %jmp T_0.0;
T_0.1 ;
    %pop/vec4 1;
    %delay 100, 0;
    %end;
S_0x5624943141d0 .scope begin, "wrap_block" "wrap_block" 2 159, 2 159 0, S_0x562494313eb0;
 .timescale -9 -12;
v0x56249438fe80_0 .var/i "j", 31 0;
    .scope S_0x562494313cd0;
T_1 ;
    %wait E_0x5624943109b0;
    %pushi/vec4 0, 0, 32;
    %store/vec4 v0x56249438eeb0_0, 0, 32;
    %pushi/vec4 0, 0, 32;
    %store/vec4 v0x56249438ecf0_0, 0, 32;
T_1.0 ;
    %load/vec4 v0x56249438ecf0_0;
    %cmpi/s 4, 0, 32;
    %jmp/0xz T_1.1, 5;
    %load/vec4 v0x56249438eeb0_0;
    %pushi/vec4 0, 0, 29;
    %ix/getv/s 4, v0x56249438ecf0_0;
    %load/vec4a v0x562494321250, 4;
    %concat/vec4; draw_concat_vec4
    %add;
    %store/vec4 v0x56249438eeb0_0, 0, 32;
    %load/vec4 v0x56249438ecf0_0;
    %addi 1, 0, 32;
    %store/vec4 v0x56249438ecf0_0, 0, 32;
    %jmp T_1.0;
T_1.1 ;
    %jmp T_1;
    .thread T_1, $push;
    .scope S_0x562494313cd0;
T_2 ;
    %wait E_0x56249432c460;
    %load/vec4 v0x56249438f070_0;
    %nor/r;
    %flag_set/vec4 8;
    %jmp/0xz  T_2.0, 8;
    %pushi/vec4 0, 0, 32;
    %store/vec4 v0x56249438ef90_0, 0, 32;
T_2.2 ;
    %load/vec4 v0x56249438ef90_0;
    %cmpi/s 4, 0, 32;
    %jmp/0xz T_2.3, 5;
    %pushi/vec4 0, 0, 7;
    %ix/getv/s 3, v0x56249438ef90_0;
    %ix/load 4, 0, 0; Constant delay
    %assign/vec4/a/d v0x56249438f870, 0, 4;
    %pushi/vec4 0, 0, 1;
    %ix/getv/s 3, v0x56249438ef90_0;
    %ix/load 4, 0, 0; Constant delay
    %assign/vec4/a/d v0x56249438f930, 0, 4;
    %load/vec4 v0x56249438ef90_0;
    %addi 1, 0, 32;
    %store/vec4 v0x56249438ef90_0, 0, 32;
    %jmp T_2.2;
T_2.3 ;
    %jmp T_2.1;
T_2.0 ;
    %pushi/vec4 0, 0, 32;
    %store/vec4 v0x56249438ef90_0, 0, 32;
T_2.4 ;
    %load/vec4 v0x56249438ef90_0;
    %cmpi/s 4, 0, 32;
    %jmp/0xz T_2.5, 5;
    %load/vec4 v0x56249438f790_0;
    %pushi/vec4 4, 0, 3;
    %cmp/e;
    %flag_get/vec4 4;
    %load/vec4 v0x56249438e7d0_0;
    %load/vec4 v0x56249438ef90_0;
    %parti/s 2, 0, 2;
    %cmp/e;
    %flag_get/vec4 4;
    %and;
    %flag_set/vec4 8;
    %jmp/0xz  T_2.6, 8;
    %pushi/vec4 0, 0, 7;
    %ix/getv/s 3, v0x56249438ef90_0;
    %ix/load 4, 0, 0; Constant delay
    %assign/vec4/a/d v0x56249438f870, 0, 4;
    %pushi/vec4 0, 0, 1;
    %ix/getv/s 3, v0x56249438ef90_0;
    %ix/load 4, 0, 0; Constant delay
    %assign/vec4/a/d v0x56249438f930, 0, 4;
    %jmp T_2.7;
T_2.6 ;
    %load/vec4 v0x56249438f790_0;
    %pushi/vec4 1, 0, 3;
    %cmp/e;
    %flag_get/vec4 4;
    %load/vec4 v0x56249438f210_0;
    %and;
    %load/vec4 v0x56249438e7d0_0;
    %load/vec4 v0x56249438ef90_0;
    %parti/s 2, 0, 2;
    %cmp/e;
    %flag_get/vec4 4;
    %and;
    %ix/getv/s 4, v0x56249438ef90_0;
    %load/vec4a v0x562494321250, 4;
    %pad/u 32;
    %pushi/vec4 0, 0, 32;
    %cmp/e;
    %flag_get/vec4 4;
    %and;
    %flag_set/vec4 8;
    %jmp/0xz  T_2.8, 8;
    %pushi/vec4 100, 0, 7;
    %ix/getv/s 3, v0x56249438ef90_0;
    %ix/load 4, 0, 0; Constant delay
    %assign/vec4/a/d v0x56249438f870, 0, 4;
    %pushi/vec4 1, 0, 1;
    %ix/getv/s 3, v0x56249438ef90_0;
    %ix/load 4, 0, 0; Constant delay
    %assign/vec4/a/d v0x56249438f930, 0, 4;
    %jmp T_2.9;
T_2.8 ;
    %ix/getv/s 4, v0x56249438ef90_0;
    %load/vec4a v0x56249438f930, 4;
    %pushi/vec4 0, 0, 32;
    %ix/getv/s 4, v0x56249438ef90_0;
    %load/vec4a v0x56249438f870, 4;
    %pad/u 32;
    %cmp/u;
    %flag_get/vec4 5;
    %and;
    %flag_set/vec4 8;
    %jmp/0xz  T_2.10, 8;
    %ix/getv/s 4, v0x56249438ef90_0;
    %load/vec4a v0x56249438f870, 4;
    %subi 1, 0, 7;
    %ix/getv/s 3, v0x56249438ef90_0;
    %ix/load 4, 0, 0; Constant delay
    %assign/vec4/a/d v0x56249438f870, 0, 4;
T_2.10 ;
T_2.9 ;
T_2.7 ;
    %load/vec4 v0x56249438ef90_0;
    %addi 1, 0, 32;
    %store/vec4 v0x56249438ef90_0, 0, 32;
    %jmp T_2.4;
T_2.5 ;
T_2.1 ;
    %jmp T_2;
    .thread T_2;
    .scope S_0x562494313cd0;
T_3 ;
    %wait E_0x56249432c460;
    %load/vec4 v0x56249438f070_0;
    %nor/r;
    %flag_set/vec4 8;
    %jmp/0xz  T_3.0, 8;
    %pushi/vec4 0, 0, 3;
    %assign/vec4 v0x56249438f790_0, 0;
    %pushi/vec4 0, 0, 2;
    %assign/vec4 v0x56249438e7d0_0, 0;
    %pushi/vec4 0, 0, 128;
    %assign/vec4 v0x56249438e6f0_0, 0;
    %pushi/vec4 0, 0, 3;
    %assign/vec4 v0x56249438eb30_0, 0;
    %pushi/vec4 0, 0, 3;
    %assign/vec4 v0x56249438ec10_0, 0;
    %pushi/vec4 0, 0, 1;
    %assign/vec4 v0x56249438f3b0_0, 0;
    %pushi/vec4 0, 0, 1;
    %assign/vec4 v0x56249438f550_0, 0;
    %pushi/vec4 0, 0, 12;
    %assign/vec4 v0x56249438f130_0, 0;
    %pushi/vec4 0, 0, 128;
    %assign/vec4 v0x56249438f470_0, 0;
    %pushi/vec4 0, 0, 1;
    %assign/vec4 v0x56249438e630_0, 0;
    %pushi/vec4 0, 0, 1;
    %assign/vec4 v0x56249438ea70_0, 0;
    %pushi/vec4 0, 0, 64;
    %assign/vec4 v0x56249438e8b0_0, 0;
    %pushi/vec4 0, 0, 128;
    %assign/vec4 v0x56249438e990_0, 0;
    %pushi/vec4 0, 0, 32;
    %store/vec4 v0x56249438ef90_0, 0, 32;
T_3.2 ;
    %load/vec4 v0x56249438ef90_0;
    %cmpi/s 4, 0, 32;
    %jmp/0xz T_3.3, 5;
    %pushi/vec4 0, 0, 3;
    %ix/getv/s 3, v0x56249438ef90_0;
    %ix/load 4, 0, 0; Constant delay
    %assign/vec4/a/d v0x5624942ee350, 0, 4;
    %pushi/vec4 0, 0, 3;
    %ix/getv/s 3, v0x56249438ef90_0;
    %ix/load 4, 0, 0; Constant delay
    %assign/vec4/a/d v0x562494321250, 0, 4;
    %load/vec4 v0x56249438ef90_0;
    %addi 1, 0, 32;
    %store/vec4 v0x56249438ef90_0, 0, 32;
    %jmp T_3.2;
T_3.3 ;
    %jmp T_3.1;
T_3.0 ;
    %pushi/vec4 0, 0, 1;
    %assign/vec4 v0x56249438e630_0, 0;
    %pushi/vec4 0, 0, 1;
    %assign/vec4 v0x56249438ea70_0, 0;
    %pushi/vec4 0, 0, 1;
    %assign/vec4 v0x56249438f3b0_0, 0;
    %load/vec4 v0x56249438f790_0;
    %dup/vec4;
    %pushi/vec4 0, 0, 3;
    %cmp/u;
    %jmp/1 T_3.4, 6;
    %dup/vec4;
    %pushi/vec4 1, 0, 3;
    %cmp/u;
    %jmp/1 T_3.5, 6;
    %dup/vec4;
    %pushi/vec4 2, 0, 3;
    %cmp/u;
    %jmp/1 T_3.6, 6;
    %dup/vec4;
    %pushi/vec4 3, 0, 3;
    %cmp/u;
    %jmp/1 T_3.7, 6;
    %dup/vec4;
    %pushi/vec4 4, 0, 3;
    %cmp/u;
    %jmp/1 T_3.8, 6;
    %pushi/vec4 0, 0, 3;
    %assign/vec4 v0x56249438f790_0, 0;
    %jmp T_3.10;
T_3.4 ;
    %load/vec4 v0x56249438e570_0;
    %flag_set/vec4 8;
    %jmp/0xz  T_3.11, 8;
    %load/vec4 v0x56249438e490_0;
    %assign/vec4 v0x56249438e7d0_0, 0;
    %load/vec4 v0x56249438e3b0_0;
    %assign/vec4 v0x56249438e6f0_0, 0;
    %pushi/vec4 1, 0, 1;
    %assign/vec4 v0x56249438f3b0_0, 0;
    %pushi/vec4 1, 0, 1;
    %assign/vec4 v0x56249438f550_0, 0;
    %pushi/vec4 128, 0, 12;
    %pushi/vec4 0, 0, 7;
    %load/vec4 v0x56249438e490_0;
    %concat/vec4; draw_concat_vec4
    %load/vec4 v0x56249438e490_0;
    %pad/u 4;
    %ix/vec4 4;
    %load/vec4a v0x5624942ee350, 4;
    %concat/vec4; draw_concat_vec4
    %add;
    %assign/vec4 v0x56249438f130_0, 0;
    %load/vec4 v0x56249438e3b0_0;
    %assign/vec4 v0x56249438f470_0, 0;
    %pushi/vec4 1, 0, 3;
    %assign/vec4 v0x56249438f790_0, 0;
    %jmp T_3.12;
T_3.11 ;
    %pushi/vec4 0, 0, 32;
    %store/vec4 v0x56249438ef90_0, 0, 32;
T_3.13 ;
    %load/vec4 v0x56249438ef90_0;
    %cmpi/s 4, 0, 32;
    %jmp/0xz T_3.14, 5;
    %ix/getv/s 4, v0x56249438ef90_0;
    %load/vec4a v0x56249438f930, 4;
    %ix/getv/s 4, v0x56249438ef90_0;
    %load/vec4a v0x56249438f870, 4;
    %pad/u 32;
    %pushi/vec4 0, 0, 32;
    %cmp/e;
    %flag_get/vec4 4;
    %and;
    %pushi/vec4 0, 0, 32;
    %ix/getv/s 4, v0x56249438ef90_0;
    %load/vec4a v0x562494321250, 4;
    %pad/u 32;
    %cmp/u;
    %flag_get/vec4 5;
    %and;
    %flag_set/vec4 8;
    %jmp/0xz  T_3.15, 8;
    %load/vec4 v0x56249438ef90_0;
    %parti/s 2, 0, 2;
    %assign/vec4 v0x56249438e7d0_0, 0;
    %ix/getv/s 4, v0x56249438ef90_0;
    %load/vec4a v0x562494321250, 4;
    %assign/vec4 v0x56249438eb30_0, 0;
    %pushi/vec4 0, 0, 3;
    %assign/vec4 v0x56249438ec10_0, 0;
    %pushi/vec4 3, 0, 3;
    %assign/vec4 v0x56249438f790_0, 0;
T_3.15 ;
    %load/vec4 v0x56249438ef90_0;
    %addi 1, 0, 32;
    %store/vec4 v0x56249438ef90_0, 0, 32;
    %jmp T_3.13;
T_3.14 ;
T_3.12 ;
    %jmp T_3.10;
T_3.5 ;
    %load/vec4 v0x56249438f210_0;
    %flag_set/vec4 8;
    %jmp/0xz  T_3.17, 8;
    %load/vec4 v0x56249438e7d0_0;
    %pad/u 4;
    %ix/vec4 4;
    %load/vec4a v0x5624942ee350, 4;
    %pad/u 32;
    %cmpi/e 4294967295, 0, 32;
    %flag_mov 8, 4;
    %jmp/0 T_3.19, 8;
    %pushi/vec4 0, 0, 3;
    %jmp/1 T_3.20, 8;
T_3.19 ; End of true expr.
    %load/vec4 v0x56249438e7d0_0;
    %pad/u 4;
    %ix/vec4 4;
    %load/vec4a v0x5624942ee350, 4;
    %addi 1, 0, 3;
    %jmp/0 T_3.20, 8;
 ; End of false expr.
    %blend;
T_3.20;
    %load/vec4 v0x56249438e7d0_0;
    %pad/u 4;
    %ix/vec4 3;
    %ix/load 4, 0, 0; Constant delay
    %assign/vec4/a/d v0x5624942ee350, 0, 4;
    %load/vec4 v0x56249438e7d0_0;
    %pad/u 4;
    %ix/vec4 4;
    %load/vec4a v0x562494321250, 4;
    %addi 1, 0, 3;
    %load/vec4 v0x56249438e7d0_0;
    %pad/u 4;
    %ix/vec4 3;
    %ix/load 4, 0, 0; Constant delay
    %assign/vec4/a/d v0x562494321250, 0, 4;
    %pushi/vec4 1, 0, 1;
    %assign/vec4 v0x56249438e630_0, 0;
    %pushi/vec4 2, 0, 3;
    %assign/vec4 v0x56249438f790_0, 0;
    %jmp T_3.18;
T_3.17 ;
    %pushi/vec4 1, 0, 1;
    %assign/vec4 v0x56249438f3b0_0, 0;
T_3.18 ;
    %jmp T_3.10;
T_3.6 ;
    %load/vec4 v0x56249438e7d0_0;
    %pad/u 4;
    %ix/vec4 4;
    %load/vec4a v0x562494321250, 4;
    %cmpi/u 4, 0, 3;
    %flag_inv 5; GE is !LT
    %jmp/0xz  T_3.21, 5;
    %load/vec4 v0x56249438e7d0_0;
    %pad/u 4;
    %ix/vec4 4;
    %load/vec4a v0x562494321250, 4;
    %assign/vec4 v0x56249438eb30_0, 0;
    %pushi/vec4 0, 0, 3;
    %assign/vec4 v0x56249438ec10_0, 0;
    %pushi/vec4 3, 0, 3;
    %assign/vec4 v0x56249438f790_0, 0;
    %jmp T_3.22;
T_3.21 ;
    %pushi/vec4 0, 0, 3;
    %assign/vec4 v0x56249438f790_0, 0;
T_3.22 ;
    %jmp T_3.10;
T_3.7 ;
    %load/vec4 v0x56249438ec10_0;
    %load/vec4 v0x56249438eb30_0;
    %cmp/u;
    %jmp/0xz  T_3.23, 5;
    %pushi/vec4 1, 0, 1;
    %assign/vec4 v0x56249438f3b0_0, 0;
    %pushi/vec4 0, 0, 1;
    %assign/vec4 v0x56249438f550_0, 0;
    %pushi/vec4 128, 0, 12;
    %pushi/vec4 0, 0, 7;
    %load/vec4 v0x56249438e7d0_0;
    %concat/vec4; draw_concat_vec4
    %load/vec4 v0x56249438ec10_0;
    %concat/vec4; draw_concat_vec4
    %add;
    %assign/vec4 v0x56249438f130_0, 0;
    %load/vec4 v0x56249438f210_0;
    %flag_set/vec4 8;
    %jmp/0xz  T_3.25, 8;
    %pushi/vec4 1, 0, 1;
    %assign/vec4 v0x56249438ea70_0, 0;
    %load/vec4 v0x56249438f2d0_0;
    %assign/vec4 v0x56249438e990_0, 0;
    %pushi/vec4 0, 0, 48;
    %load/vec4 v0x56249438e7d0_0;
    %concat/vec4; draw_concat_vec4
    %load/vec4 v0x56249438ec10_0;
    %concat/vec4; draw_concat_vec4
    %concati/vec4 0, 0, 4;
    %pad/u 64;
    %assign/vec4 v0x56249438e8b0_0, 0;
    %load/vec4 v0x56249438ec10_0;
    %addi 1, 0, 3;
    %assign/vec4 v0x56249438ec10_0, 0;
T_3.25 ;
    %jmp T_3.24;
T_3.23 ;
    %pushi/vec4 4, 0, 3;
    %assign/vec4 v0x56249438f790_0, 0;
T_3.24 ;
    %jmp T_3.10;
T_3.8 ;
    %pushi/vec4 0, 0, 3;
    %load/vec4 v0x56249438e7d0_0;
    %pad/u 4;
    %ix/vec4 3;
    %ix/load 4, 0, 0; Constant delay
    %assign/vec4/a/d v0x562494321250, 0, 4;
    %pushi/vec4 0, 0, 3;
    %assign/vec4 v0x56249438f790_0, 0;
    %jmp T_3.10;
T_3.10 ;
    %pop/vec4 1;
T_3.1 ;
    %jmp T_3;
    .thread T_3;
    .scope S_0x562494313eb0;
T_4 ;
    %pushi/vec4 0, 0, 32;
    %store/vec4 v0x562494390560_0, 0, 32;
    %end;
    .thread T_4;
    .scope S_0x562494313eb0;
T_5 ;
    %delay 500, 0;
    %load/vec4 v0x56249438ff60_0;
    %inv;
    %store/vec4 v0x56249438ff60_0, 0, 1;
    %jmp T_5;
    .thread T_5;
    .scope S_0x562494313eb0;
T_6 ;
    %wait E_0x56249432c000;
    %load/vec4 v0x562494390ab0_0;
    %store/vec4 v0x562494390910_0, 0, 1;
    %jmp T_6;
    .thread T_6, $push;
    .scope S_0x562494313eb0;
T_7 ;
    %wait E_0x56249436f510;
    %load/vec4 v0x562494390ab0_0;
    %load/vec4 v0x562494390c50_0;
    %and;
    %load/vec4 v0x562494390910_0;
    %and;
    %flag_set/vec4 8;
    %jmp/0xz  T_7.0, 8;
    %load/vec4 v0x562494390b80_0;
    %load/vec4 v0x562494390840_0;
    %pad/u 14;
    %ix/vec4 3;
    %ix/load 4, 0, 0; Constant delay
    %assign/vec4/a/d v0x5624943906d0, 0, 4;
T_7.0 ;
    %load/vec4 v0x562494390ab0_0;
    %load/vec4 v0x562494390c50_0;
    %nor/r;
    %and;
    %load/vec4 v0x562494390910_0;
    %and;
    %flag_set/vec4 8;
    %jmp/0xz  T_7.2, 8;
    %load/vec4 v0x562494390840_0;
    %pad/u 14;
    %ix/vec4 4;
    %load/vec4a v0x5624943906d0, 4;
    %assign/vec4 v0x5624943909e0_0, 0;
T_7.2 ;
    %jmp T_7;
    .thread T_7;
    .scope S_0x562494313eb0;
T_8 ;
    %vpi_call 2 73 "$dumpfile", "tb_cq_engine.vcd" {0 0 0};
    %vpi_call 2 74 "$dumpvars", 32'sb00000000000000000000000000000000, S_0x562494313eb0 {0 0 0};
    %pushi/vec4 0, 0, 1;
    %store/vec4 v0x56249438ff60_0, 0, 1;
    %pushi/vec4 0, 0, 1;
    %store/vec4 v0x562494390770_0, 0, 1;
    %pushi/vec4 0, 0, 1;
    %store/vec4 v0x562494390160_0, 0, 1;
    %pushi/vec4 0, 0, 128;
    %store/vec4 v0x562494390020_0, 0, 128;
    %pushi/vec4 0, 0, 2;
    %store/vec4 v0x5624943900c0_0, 0, 2;
    %pushi/vec4 0, 0, 128;
    %store/vec4 v0x5624943909e0_0, 0, 128;
    %delay 2000, 0;
    %pushi/vec4 1, 0, 1;
    %store/vec4 v0x562494390770_0, 0, 1;
    %delay 1000, 0;
    %vpi_call 2 83 "$display", "--- T2.1: Single CQE enqueue ---" {0 0 0};
    %pushi/vec4 0, 0, 2;
    %store/vec4 v0x56249438fd50_0, 0, 2;
    %pushi/vec4 202244097, 0, 128;
    %store/vec4 v0x56249436b780_0, 0, 128;
    %fork TD_tb_cq_engine.enqueue_cqe, S_0x562494313960;
    %join;
    %load/vec4 v0x562494390600_0;
    %cmpi/ne 1, 0, 32;
    %jmp/0xz  T_8.0, 4;
    %vpi_call 2 86 "$display", "FAIL T2.1: hint_ready=%0d (exp 1)", v0x562494390600_0 {0 0 0};
    %load/vec4 v0x562494390560_0;
    %addi 1, 0, 32;
    %store/vec4 v0x562494390560_0, 0, 32;
    %jmp T_8.1;
T_8.0 ;
    %vpi_call 2 88 "$display", "PASS T2.1: hint_ready=1 after 1 CQE" {0 0 0};
T_8.1 ;
    %vpi_call 2 93 "$display", "--- T2.2: N-threshold flush ---" {0 0 0};
    %pushi/vec4 0, 0, 2;
    %store/vec4 v0x56249438fd50_0, 0, 2;
    %pushi/vec4 202244098, 0, 128;
    %store/vec4 v0x56249436b780_0, 0, 128;
    %fork TD_tb_cq_engine.enqueue_cqe, S_0x562494313960;
    %join;
    %pushi/vec4 0, 0, 2;
    %store/vec4 v0x56249438fd50_0, 0, 2;
    %pushi/vec4 202244099, 0, 128;
    %store/vec4 v0x56249436b780_0, 0, 128;
    %fork TD_tb_cq_engine.enqueue_cqe, S_0x562494313960;
    %join;
    %pushi/vec4 0, 0, 2;
    %store/vec4 v0x56249438fd50_0, 0, 2;
    %pushi/vec4 202244100, 0, 128;
    %store/vec4 v0x56249436b780_0, 0, 128;
    %fork TD_tb_cq_engine.enqueue_cqe, S_0x562494313960;
    %join;
    %pushi/vec4 20, 0, 32;
T_8.2 %dup/vec4;
    %pushi/vec4 0, 0, 32;
    %cmp/s;
    %jmp/1xz T_8.3, 5;
    %jmp/1 T_8.3, 4;
    %pushi/vec4 1, 0, 32;
    %sub;
    %wait E_0x56249436f510;
    %jmp T_8.2;
T_8.3 ;
    %pop/vec4 1;
    %delay 100, 0;
    %load/vec4 v0x562494390600_0;
    %cmpi/ne 0, 0, 32;
    %jmp/0xz  T_8.4, 4;
    %vpi_call 2 101 "$display", "FAIL T2.2: hint_ready=%0d after flush (exp 0)", v0x562494390600_0 {0 0 0};
    %load/vec4 v0x562494390560_0;
    %addi 1, 0, 32;
    %store/vec4 v0x562494390560_0, 0, 32;
    %jmp T_8.5;
T_8.4 ;
    %vpi_call 2 103 "$display", "PASS T2.2: hint_ready=0 after N-flush" {0 0 0};
T_8.5 ;
    %vpi_call 2 108 "$display", "--- T2.3: Timeout flush ---" {0 0 0};
    %pushi/vec4 0, 0, 2;
    %store/vec4 v0x56249438fd50_0, 0, 2;
    %pushi/vec4 202246657, 0, 128;
    %store/vec4 v0x56249436b780_0, 0, 128;
    %fork TD_tb_cq_engine.enqueue_cqe, S_0x562494313960;
    %join;
    %pushi/vec4 0, 0, 2;
    %store/vec4 v0x56249438fd50_0, 0, 2;
    %pushi/vec4 202246658, 0, 128;
    %store/vec4 v0x56249436b780_0, 0, 128;
    %fork TD_tb_cq_engine.enqueue_cqe, S_0x562494313960;
    %join;
    %load/vec4 v0x562494390600_0;
    %cmpi/ne 2, 0, 32;
    %jmp/0xz  T_8.6, 4;
    %vpi_call 2 113 "$display", "FAIL T2.3a: hint_ready=%0d (exp 2)", v0x562494390600_0 {0 0 0};
    %load/vec4 v0x562494390560_0;
    %addi 1, 0, 32;
    %store/vec4 v0x562494390560_0, 0, 32;
    %jmp T_8.7;
T_8.6 ;
    %vpi_call 2 115 "$display", "PASS T2.3a: hint_ready=2 before timeout" {0 0 0};
T_8.7 ;
    %pushi/vec4 120, 0, 32;
T_8.8 %dup/vec4;
    %pushi/vec4 0, 0, 32;
    %cmp/s;
    %jmp/1xz T_8.9, 5;
    %jmp/1 T_8.9, 4;
    %pushi/vec4 1, 0, 32;
    %sub;
    %wait E_0x56249436f510;
    %jmp T_8.8;
T_8.9 ;
    %pop/vec4 1;
    %delay 100, 0;
    %load/vec4 v0x562494390600_0;
    %cmpi/ne 0, 0, 32;
    %jmp/0xz  T_8.10, 4;
    %vpi_call 2 119 "$display", "FAIL T2.3b: hint_ready=%0d after timeout (exp 0)", v0x562494390600_0 {0 0 0};
    %load/vec4 v0x562494390560_0;
    %addi 1, 0, 32;
    %store/vec4 v0x562494390560_0, 0, 32;
    %jmp T_8.11;
T_8.10 ;
    %vpi_call 2 121 "$display", "PASS T2.3b: hint_ready=0 after timeout flush" {0 0 0};
T_8.11 ;
    %vpi_call 2 126 "$display", "--- T2.4: Hint register multi-queue ---" {0 0 0};
    %pushi/vec4 0, 0, 2;
    %store/vec4 v0x56249438fd50_0, 0, 2;
    %pushi/vec4 10, 0, 128;
    %store/vec4 v0x56249436b780_0, 0, 128;
    %fork TD_tb_cq_engine.enqueue_cqe, S_0x562494313960;
    %join;
    %pushi/vec4 0, 0, 2;
    %store/vec4 v0x56249438fd50_0, 0, 2;
    %pushi/vec4 11, 0, 128;
    %store/vec4 v0x56249436b780_0, 0, 128;
    %fork TD_tb_cq_engine.enqueue_cqe, S_0x562494313960;
    %join;
    %pushi/vec4 1, 0, 2;
    %store/vec4 v0x56249438fd50_0, 0, 2;
    %pushi/vec4 26, 0, 128;
    %store/vec4 v0x56249436b780_0, 0, 128;
    %fork TD_tb_cq_engine.enqueue_cqe, S_0x562494313960;
    %join;
    %pushi/vec4 1, 0, 2;
    %store/vec4 v0x56249438fd50_0, 0, 2;
    %pushi/vec4 27, 0, 128;
    %store/vec4 v0x56249436b780_0, 0, 128;
    %fork TD_tb_cq_engine.enqueue_cqe, S_0x562494313960;
    %join;
    %pushi/vec4 2, 0, 2;
    %store/vec4 v0x56249438fd50_0, 0, 2;
    %pushi/vec4 42, 0, 128;
    %store/vec4 v0x56249436b780_0, 0, 128;
    %fork TD_tb_cq_engine.enqueue_cqe, S_0x562494313960;
    %join;
    %load/vec4 v0x562494390600_0;
    %cmpi/ne 5, 0, 32;
    %jmp/0xz  T_8.12, 4;
    %vpi_call 2 133 "$display", "FAIL T2.4a: hint_ready=%0d (exp 5)", v0x562494390600_0 {0 0 0};
    %load/vec4 v0x562494390560_0;
    %addi 1, 0, 32;
    %store/vec4 v0x562494390560_0, 0, 32;
    %jmp T_8.13;
T_8.12 ;
    %vpi_call 2 135 "$display", "PASS T2.4a: hint_ready=5 across 3 queues" {0 0 0};
T_8.13 ;
    %pushi/vec4 0, 0, 2;
    %store/vec4 v0x56249438fd50_0, 0, 2;
    %pushi/vec4 12, 0, 128;
    %store/vec4 v0x56249436b780_0, 0, 128;
    %fork TD_tb_cq_engine.enqueue_cqe, S_0x562494313960;
    %join;
    %pushi/vec4 0, 0, 2;
    %store/vec4 v0x56249438fd50_0, 0, 2;
    %pushi/vec4 13, 0, 128;
    %store/vec4 v0x56249436b780_0, 0, 128;
    %fork TD_tb_cq_engine.enqueue_cqe, S_0x562494313960;
    %join;
    %pushi/vec4 20, 0, 32;
T_8.14 %dup/vec4;
    %pushi/vec4 0, 0, 32;
    %cmp/s;
    %jmp/1xz T_8.15, 5;
    %jmp/1 T_8.15, 4;
    %pushi/vec4 1, 0, 32;
    %sub;
    %wait E_0x56249436f510;
    %jmp T_8.14;
T_8.15 ;
    %pop/vec4 1;
    %delay 100, 0;
    %load/vec4 v0x562494390600_0;
    %cmpi/ne 3, 0, 32;
    %jmp/0xz  T_8.16, 4;
    %vpi_call 2 142 "$display", "FAIL T2.4b: hint_ready=%0d (exp 3)", v0x562494390600_0 {0 0 0};
    %load/vec4 v0x562494390560_0;
    %addi 1, 0, 32;
    %store/vec4 v0x562494390560_0, 0, 32;
    %jmp T_8.17;
T_8.16 ;
    %vpi_call 2 144 "$display", "PASS T2.4b: hint_ready=3 after Q0 flush" {0 0 0};
T_8.17 ;
    %vpi_call 2 149 "$display", "--- T2.5: Concurrent enqueue during flush ---" {0 0 0};
    %vpi_call 2 150 "$display", "PASS T2.5: concurrent enqueue tested via T2.4 interleaving" {0 0 0};
    %vpi_call 2 155 "$display", "--- T2.6: CQ ring wraparound ---" {0 0 0};
    %pushi/vec4 120, 0, 32;
T_8.18 %dup/vec4;
    %pushi/vec4 0, 0, 32;
    %cmp/s;
    %jmp/1xz T_8.19, 5;
    %jmp/1 T_8.19, 4;
    %pushi/vec4 1, 0, 32;
    %sub;
    %wait E_0x56249436f510;
    %jmp T_8.18;
T_8.19 ;
    %pop/vec4 1;
    %delay 100, 0;
    %fork t_1, S_0x5624943141d0;
    %jmp t_0;
    .scope S_0x5624943141d0;
t_1 ;
    %pushi/vec4 0, 0, 32;
    %store/vec4 v0x56249438fe80_0, 0, 32;
T_8.20 ;
    %load/vec4 v0x56249438fe80_0;
    %cmpi/s 8, 0, 32;
    %jmp/0xz T_8.21, 5;
    %pushi/vec4 3, 0, 2;
    %store/vec4 v0x56249438fd50_0, 0, 2;
    %pushi/vec4 0, 0, 96;
    %load/vec4 v0x56249438fe80_0;
    %concat/vec4; draw_concat_vec4
    %store/vec4 v0x56249436b780_0, 0, 128;
    %fork TD_tb_cq_engine.enqueue_cqe, S_0x562494313960;
    %join;
    %load/vec4 v0x56249438fe80_0;
    %addi 1, 0, 32;
    %store/vec4 v0x56249438fe80_0, 0, 32;
    %jmp T_8.20;
T_8.21 ;
    %end;
    .scope S_0x562494313eb0;
t_0 %join;
    %pushi/vec4 20, 0, 32;
T_8.22 %dup/vec4;
    %pushi/vec4 0, 0, 32;
    %cmp/s;
    %jmp/1xz T_8.23, 5;
    %jmp/1 T_8.23, 4;
    %pushi/vec4 1, 0, 32;
    %sub;
    %wait E_0x56249436f510;
    %jmp T_8.22;
T_8.23 ;
    %pop/vec4 1;
    %delay 100, 0;
    %vpi_call 2 166 "$display", "PASS T2.6: CQ wraparound exercised (QD=%0d CQEs enqueued)", P_0x562494313bf0 {0 0 0};
    %vpi_call 2 169 "$display", "---" {0 0 0};
    %load/vec4 v0x562494390560_0;
    %cmpi/e 0, 0, 32;
    %jmp/0xz  T_8.24, 4;
    %vpi_call 2 171 "$display", "cq_engine: ALL TESTS PASSED" {0 0 0};
    %jmp T_8.25;
T_8.24 ;
    %vpi_call 2 173 "$display", "cq_engine: %0d ERRORS", v0x562494390560_0 {0 0 0};
T_8.25 ;
    %vpi_call 2 174 "$finish" {0 0 0};
    %end;
    .thread T_8;
# The file index is used to find the file name in the following table.
:file_names 4;
    "N/A";
    "<interactive>";
    "tb/tb_cq_engine.v";
    "src/cq_engine.v";
