#! /usr/bin/vvp
:ivl_version "11.0 (stable)";
:ivl_delay_selection "TYPICAL";
:vpi_time_precision - 12;
:vpi_module "/usr/lib/x86_64-linux-gnu/ivl/system.vpi";
:vpi_module "/usr/lib/x86_64-linux-gnu/ivl/vhdl_sys.vpi";
:vpi_module "/usr/lib/x86_64-linux-gnu/ivl/vhdl_textio.vpi";
:vpi_module "/usr/lib/x86_64-linux-gnu/ivl/v2005_math.vpi";
:vpi_module "/usr/lib/x86_64-linux-gnu/ivl/va_math.vpi";
S_0x55e342fb1500 .scope module, "tb_db_coalescer" "tb_db_coalescer" 2 4;
 .timescale -9 -12;
P_0x55e342fb1690 .param/l "COALESCE_COUNT" 0 2 7, +C4<00000000000000000000000000000100>;
P_0x55e342fb16d0 .param/l "NUM_QUEUES" 0 2 6, +C4<00000000000000000000000000000100>;
P_0x55e342fb1710 .param/l "TIMEOUT_CYCLES" 0 2 8, +C4<00000000000000000000000000010100>;
v0x55e342fe6e80_0 .var "clk", 0 0;
v0x55e342fe6f70_0 .var "db_wr_is_sq", 0 0;
v0x55e342fe7040_0 .var "db_wr_qid", 1 0;
v0x55e342fe7140_0 .var "db_wr_tail", 15 0;
v0x55e342fe7210_0 .var "db_wr_valid", 0 0;
v0x55e342fe7300_0 .net "dev_db_is_sq", 0 0, v0x55e342fe5eb0_0;  1 drivers
v0x55e342fe73d0_0 .net "dev_db_qid", 1 0, v0x55e342fe5f70_0;  1 drivers
v0x55e342fe74a0_0 .net "dev_db_tail", 15 0, v0x55e342fe6050_0;  1 drivers
v0x55e342fe7570_0 .net "dev_db_valid", 0 0, v0x55e342fe6130_0;  1 drivers
v0x55e342fe7640_0 .var/i "errors", 31 0;
v0x55e342fe76e0_0 .var "rst_n", 0 0;
v0x55e342fe77b0_0 .var/i "send_count", 31 0;
v0x55e342fe7850_0 .net "stat_db_coalesced", 0 0, L_0x55e342fe7b10;  1 drivers
v0x55e342fe7920_0 .net "stat_db_received", 0 0, L_0x55e342fe7a20;  1 drivers
S_0x55e342f64cf0 .scope module, "dut" "db_coalescer" 2 29, 3 6 0, S_0x55e342fb1500;
 .timescale 0 0;
    .port_info 0 /INPUT 1 "clk";
    .port_info 1 /INPUT 1 "rst_n";
    .port_info 2 /INPUT 1 "db_wr_valid";
    .port_info 3 /INPUT 2 "db_wr_qid";
    .port_info 4 /INPUT 16 "db_wr_tail";
    .port_info 5 /INPUT 1 "db_wr_is_sq";
    .port_info 6 /OUTPUT 1 "dev_db_valid";
    .port_info 7 /OUTPUT 2 "dev_db_qid";
    .port_info 8 /OUTPUT 16 "dev_db_tail";
    .port_info 9 /OUTPUT 1 "dev_db_is_sq";
    .port_info 10 /OUTPUT 1 "stat_db_received";
    .port_info 11 /OUTPUT 1 "stat_db_coalesced";
P_0x55e342f64ed0 .param/l "COALESCE_COUNT" 0 3 8, +C4<00000000000000000000000000000100>;
P_0x55e342f64f10 .param/l "CW" 1 3 32, +C4<00000000000000000000000000000011>;
P_0x55e342f64f50 .param/l "NUM_QUEUES" 0 3 7, +C4<00000000000000000000000000000100>;
P_0x55e342f64f90 .param/l "QW" 1 3 31, +C4<00000000000000000000000000000010>;
P_0x55e342f64fd0 .param/l "S_ACCUMULATE" 1 3 44, C4<01>;
P_0x55e342f65010 .param/l "S_EVAL" 1 3 45, C4<10>;
P_0x55e342f65050 .param/l "S_IDLE" 1 3 43, C4<00>;
P_0x55e342f65090 .param/l "S_SEND" 1 3 46, C4<11>;
P_0x55e342f650d0 .param/l "TIMEOUT_CYCLES" 0 3 9, +C4<00000000000000000000000000010100>;
P_0x55e342f65110 .param/l "TW" 1 3 33, +C4<00000000000000000000000000000101>;
L_0x7f1a455e4018 .functor BUFT 1, C4<01>, C4<0>, C4<0>, C4<0>;
v0x55e342f9c230_0 .net/2u *"_ivl_0", 1 0, L_0x7f1a455e4018;  1 drivers
L_0x7f1a455e4060 .functor BUFT 1, C4<11>, C4<0>, C4<0>, C4<0>;
v0x55e342fc0330_0 .net/2u *"_ivl_4", 1 0, L_0x7f1a455e4060;  1 drivers
v0x55e342fc2fc0_0 .net "clk", 0 0, v0x55e342fe6e80_0;  1 drivers
v0x55e342fc5080_0 .var "cur_qid", 1 0;
v0x55e342f8fec0 .array "db_count", 3 0, 2 0;
v0x55e342f93780_0 .net "db_wr_is_sq", 0 0, v0x55e342fe6f70_0;  1 drivers
v0x55e342f93820_0 .net "db_wr_qid", 1 0, v0x55e342fe7040_0;  1 drivers
v0x55e342fe5d10_0 .net "db_wr_tail", 15 0, v0x55e342fe7140_0;  1 drivers
v0x55e342fe5df0_0 .net "db_wr_valid", 0 0, v0x55e342fe7210_0;  1 drivers
v0x55e342fe5eb0_0 .var "dev_db_is_sq", 0 0;
v0x55e342fe5f70_0 .var "dev_db_qid", 1 0;
v0x55e342fe6050_0 .var "dev_db_tail", 15 0;
v0x55e342fe6130_0 .var "dev_db_valid", 0 0;
v0x55e342fe61f0_0 .var/i "i", 31 0;
v0x55e342fe62d0 .array "latest_is_sq", 3 0, 0 0;
v0x55e342fe6370 .array "latest_tail", 3 0, 15 0;
v0x55e342fe6430_0 .net "rst_n", 0 0, v0x55e342fe76e0_0;  1 drivers
v0x55e342fe64f0_0 .net "stat_db_coalesced", 0 0, L_0x55e342fe7b10;  alias, 1 drivers
v0x55e342fe65b0_0 .net "stat_db_received", 0 0, L_0x55e342fe7a20;  alias, 1 drivers
v0x55e342fe6670_0 .var "state", 1 0;
v0x55e342fe6750 .array "timer", 3 0, 4 0;
v0x55e342fe6810 .array "timer_active", 3 0, 0 0;
E_0x55e342fa1e90/0 .event negedge, v0x55e342fe6430_0;
E_0x55e342fa1e90/1 .event posedge, v0x55e342fc2fc0_0;
E_0x55e342fa1e90 .event/or E_0x55e342fa1e90/0, E_0x55e342fa1e90/1;
L_0x55e342fe7a20 .cmp/eq 2, v0x55e342fe6670_0, L_0x7f1a455e4018;
L_0x55e342fe7b10 .cmp/eq 2, v0x55e342fe6670_0, L_0x7f1a455e4060;
S_0x55e342fe6a30 .scope task, "send_doorbell" "send_doorbell" 2 41, 2 41 0, S_0x55e342fb1500;
 .timescale -9 -12;
v0x55e342fe6c00_0 .var "is_sq", 0 0;
v0x55e342fe6ce0_0 .var "qid", 1 0;
v0x55e342fe6dc0_0 .var "tail", 15 0;
E_0x55e342fa22f0 .event posedge, v0x55e342fc2fc0_0;
TD_tb_db_coalescer.send_doorbell ;
    %pushi/vec4 1, 0, 1;
    %store/vec4 v0x55e342fe7210_0, 0, 1;
    %load/vec4 v0x55e342fe6ce0_0;
    %store/vec4 v0x55e342fe7040_0, 0, 2;
    %load/vec4 v0x55e342fe6dc0_0;
    %store/vec4 v0x55e342fe7140_0, 0, 16;
    %load/vec4 v0x55e342fe6c00_0;
    %store/vec4 v0x55e342fe6f70_0, 0, 1;
    %wait E_0x55e342fa22f0;
    %delay 100, 0;
    %pushi/vec4 0, 0, 1;
    %store/vec4 v0x55e342fe7210_0, 0, 1;
    %wait E_0x55e342fa22f0;
    %delay 100, 0;
    %end;
    .scope S_0x55e342f64cf0;
T_1 ;
    %wait E_0x55e342fa1e90;
    %load/vec4 v0x55e342fe6430_0;
    %nor/r;
    %flag_set/vec4 8;
    %jmp/0xz  T_1.0, 8;
    %pushi/vec4 0, 0, 32;
    %store/vec4 v0x55e342fe61f0_0, 0, 32;
T_1.2 ;
    %load/vec4 v0x55e342fe61f0_0;
    %cmpi/s 4, 0, 32;
    %jmp/0xz T_1.3, 5;
    %pushi/vec4 0, 0, 5;
    %ix/getv/s 3, v0x55e342fe61f0_0;
    %ix/load 4, 0, 0; Constant delay
    %assign/vec4/a/d v0x55e342fe6750, 0, 4;
    %pushi/vec4 0, 0, 1;
    %ix/getv/s 3, v0x55e342fe61f0_0;
    %ix/load 4, 0, 0; Constant delay
    %assign/vec4/a/d v0x55e342fe6810, 0, 4;
    %load/vec4 v0x55e342fe61f0_0;
    %addi 1, 0, 32;
    %store/vec4 v0x55e342fe61f0_0, 0, 32;
    %jmp T_1.2;
T_1.3 ;
    %jmp T_1.1;
T_1.0 ;
    %pushi/vec4 0, 0, 32;
    %store/vec4 v0x55e342fe61f0_0, 0, 32;
T_1.4 ;
    %load/vec4 v0x55e342fe61f0_0;
    %cmpi/s 4, 0, 32;
    %jmp/0xz T_1.5, 5;
    %load/vec4 v0x55e342fe6670_0;
    %pushi/vec4 3, 0, 2;
    %cmp/e;
    %flag_get/vec4 4;
    %load/vec4 v0x55e342fc5080_0;
    %load/vec4 v0x55e342fe61f0_0;
    %parti/s 2, 0, 2;
    %cmp/e;
    %flag_get/vec4 4;
    %and;
    %flag_set/vec4 8;
    %jmp/0xz  T_1.6, 8;
    %pushi/vec4 0, 0, 5;
    %ix/getv/s 3, v0x55e342fe61f0_0;
    %ix/load 4, 0, 0; Constant delay
    %assign/vec4/a/d v0x55e342fe6750, 0, 4;
    %pushi/vec4 0, 0, 1;
    %ix/getv/s 3, v0x55e342fe61f0_0;
    %ix/load 4, 0, 0; Constant delay
    %assign/vec4/a/d v0x55e342fe6810, 0, 4;
    %jmp T_1.7;
T_1.6 ;
    %load/vec4 v0x55e342fe6670_0;
    %pushi/vec4 1, 0, 2;
    %cmp/e;
    %flag_get/vec4 4;
    %load/vec4 v0x55e342fc5080_0;
    %load/vec4 v0x55e342fe61f0_0;
    %parti/s 2, 0, 2;
    %cmp/e;
    %flag_get/vec4 4;
    %and;
    %flag_set/vec4 8;
    %jmp/0xz  T_1.8, 8;
    %pushi/vec4 20, 0, 5;
    %ix/getv/s 3, v0x55e342fe61f0_0;
    %ix/load 4, 0, 0; Constant delay
    %assign/vec4/a/d v0x55e342fe6750, 0, 4;
    %pushi/vec4 1, 0, 1;
    %ix/getv/s 3, v0x55e342fe61f0_0;
    %ix/load 4, 0, 0; Constant delay
    %assign/vec4/a/d v0x55e342fe6810, 0, 4;
    %jmp T_1.9;
T_1.8 ;
    %ix/getv/s 4, v0x55e342fe61f0_0;
    %load/vec4a v0x55e342fe6810, 4;
    %pushi/vec4 0, 0, 32;
    %ix/getv/s 4, v0x55e342fe61f0_0;
    %load/vec4a v0x55e342fe6750, 4;
    %pad/u 32;
    %cmp/u;
    %flag_get/vec4 5;
    %and;
    %flag_set/vec4 8;
    %jmp/0xz  T_1.10, 8;
    %ix/getv/s 4, v0x55e342fe61f0_0;
    %load/vec4a v0x55e342fe6750, 4;
    %subi 1, 0, 5;
    %ix/getv/s 3, v0x55e342fe61f0_0;
    %ix/load 4, 0, 0; Constant delay
    %assign/vec4/a/d v0x55e342fe6750, 0, 4;
T_1.10 ;
T_1.9 ;
T_1.7 ;
    %load/vec4 v0x55e342fe61f0_0;
    %addi 1, 0, 32;
    %store/vec4 v0x55e342fe61f0_0, 0, 32;
    %jmp T_1.4;
T_1.5 ;
T_1.1 ;
    %jmp T_1;
    .thread T_1;
    .scope S_0x55e342f64cf0;
T_2 ;
    %wait E_0x55e342fa1e90;
    %load/vec4 v0x55e342fe6430_0;
    %nor/r;
    %flag_set/vec4 8;
    %jmp/0xz  T_2.0, 8;
    %pushi/vec4 0, 0, 2;
    %assign/vec4 v0x55e342fe6670_0, 0;
    %pushi/vec4 0, 0, 2;
    %assign/vec4 v0x55e342fc5080_0, 0;
    %pushi/vec4 0, 0, 1;
    %assign/vec4 v0x55e342fe6130_0, 0;
    %pushi/vec4 0, 0, 2;
    %assign/vec4 v0x55e342fe5f70_0, 0;
    %pushi/vec4 0, 0, 16;
    %assign/vec4 v0x55e342fe6050_0, 0;
    %pushi/vec4 0, 0, 1;
    %assign/vec4 v0x55e342fe5eb0_0, 0;
    %pushi/vec4 0, 0, 32;
    %store/vec4 v0x55e342fe61f0_0, 0, 32;
T_2.2 ;
    %load/vec4 v0x55e342fe61f0_0;
    %cmpi/s 4, 0, 32;
    %jmp/0xz T_2.3, 5;
    %pushi/vec4 0, 0, 16;
    %ix/getv/s 3, v0x55e342fe61f0_0;
    %ix/load 4, 0, 0; Constant delay
    %assign/vec4/a/d v0x55e342fe6370, 0, 4;
    %pushi/vec4 0, 0, 1;
    %ix/getv/s 3, v0x55e342fe61f0_0;
    %ix/load 4, 0, 0; Constant delay
    %assign/vec4/a/d v0x55e342fe62d0, 0, 4;
    %pushi/vec4 0, 0, 3;
    %ix/getv/s 3, v0x55e342fe61f0_0;
    %ix/load 4, 0, 0; Constant delay
    %assign/vec4/a/d v0x55e342f8fec0, 0, 4;
    %load/vec4 v0x55e342fe61f0_0;
    %addi 1, 0, 32;
    %store/vec4 v0x55e342fe61f0_0, 0, 32;
    %jmp T_2.2;
T_2.3 ;
    %jmp T_2.1;
T_2.0 ;
    %pushi/vec4 0, 0, 1;
    %assign/vec4 v0x55e342fe6130_0, 0;
    %load/vec4 v0x55e342fe6670_0;
    %dup/vec4;
    %pushi/vec4 0, 0, 2;
    %cmp/u;
    %jmp/1 T_2.4, 6;
    %dup/vec4;
    %pushi/vec4 2, 0, 2;
    %cmp/u;
    %jmp/1 T_2.5, 6;
    %dup/vec4;
    %pushi/vec4 3, 0, 2;
    %cmp/u;
    %jmp/1 T_2.6, 6;
    %pushi/vec4 0, 0, 2;
    %assign/vec4 v0x55e342fe6670_0, 0;
    %jmp T_2.8;
T_2.4 ;
    %load/vec4 v0x55e342fe5df0_0;
    %flag_set/vec4 8;
    %jmp/0xz  T_2.9, 8;
    %load/vec4 v0x55e342f93820_0;
    %assign/vec4 v0x55e342fc5080_0, 0;
    %load/vec4 v0x55e342fe5d10_0;
    %load/vec4 v0x55e342f93820_0;
    %pad/u 4;
    %ix/vec4 3;
    %ix/load 4, 0, 0; Constant delay
    %assign/vec4/a/d v0x55e342fe6370, 0, 4;
    %load/vec4 v0x55e342f93780_0;
    %load/vec4 v0x55e342f93820_0;
    %pad/u 4;
    %ix/vec4 3;
    %ix/load 4, 0, 0; Constant delay
    %assign/vec4/a/d v0x55e342fe62d0, 0, 4;
    %load/vec4 v0x55e342f93820_0;
    %pad/u 4;
    %ix/vec4 4;
    %load/vec4a v0x55e342f8fec0, 4;
    %addi 1, 0, 3;
    %load/vec4 v0x55e342f93820_0;
    %pad/u 4;
    %ix/vec4 3;
    %ix/load 4, 0, 0; Constant delay
    %assign/vec4/a/d v0x55e342f8fec0, 0, 4;
    %pushi/vec4 2, 0, 2;
    %assign/vec4 v0x55e342fe6670_0, 0;
    %jmp T_2.10;
T_2.9 ;
    %pushi/vec4 0, 0, 32;
    %store/vec4 v0x55e342fe61f0_0, 0, 32;
T_2.11 ;
    %load/vec4 v0x55e342fe61f0_0;
    %cmpi/s 4, 0, 32;
    %jmp/0xz T_2.12, 5;
    %ix/getv/s 4, v0x55e342fe61f0_0;
    %load/vec4a v0x55e342fe6810, 4;
    %ix/getv/s 4, v0x55e342fe61f0_0;
    %load/vec4a v0x55e342fe6750, 4;
    %pad/u 32;
    %pushi/vec4 0, 0, 32;
    %cmp/e;
    %flag_get/vec4 4;
    %and;
    %pushi/vec4 0, 0, 32;
    %ix/getv/s 4, v0x55e342fe61f0_0;
    %load/vec4a v0x55e342f8fec0, 4;
    %pad/u 32;
    %cmp/u;
    %flag_get/vec4 5;
    %and;
    %flag_set/vec4 8;
    %jmp/0xz  T_2.13, 8;
    %load/vec4 v0x55e342fe61f0_0;
    %parti/s 2, 0, 2;
    %assign/vec4 v0x55e342fc5080_0, 0;
    %pushi/vec4 3, 0, 2;
    %assign/vec4 v0x55e342fe6670_0, 0;
T_2.13 ;
    %load/vec4 v0x55e342fe61f0_0;
    %addi 1, 0, 32;
    %store/vec4 v0x55e342fe61f0_0, 0, 32;
    %jmp T_2.11;
T_2.12 ;
T_2.10 ;
    %jmp T_2.8;
T_2.5 ;
    %load/vec4 v0x55e342fc5080_0;
    %pad/u 4;
    %ix/vec4 4;
    %load/vec4a v0x55e342f8fec0, 4;
    %cmpi/u 4, 0, 3;
    %flag_inv 5; GE is !LT
    %jmp/0xz  T_2.15, 5;
    %pushi/vec4 3, 0, 2;
    %assign/vec4 v0x55e342fe6670_0, 0;
    %jmp T_2.16;
T_2.15 ;
    %load/vec4 v0x55e342fc5080_0;
    %pad/u 4;
    %ix/vec4 4;
    %load/vec4a v0x55e342fe6810, 4;
    %load/vec4 v0x55e342fc5080_0;
    %pad/u 4;
    %ix/vec4 4;
    %load/vec4a v0x55e342fe6750, 4;
    %pad/u 32;
    %pushi/vec4 0, 0, 32;
    %cmp/e;
    %flag_get/vec4 4;
    %and;
    %flag_set/vec4 8;
    %jmp/0xz  T_2.17, 8;
    %pushi/vec4 3, 0, 2;
    %assign/vec4 v0x55e342fe6670_0, 0;
    %jmp T_2.18;
T_2.17 ;
    %pushi/vec4 0, 0, 2;
    %assign/vec4 v0x55e342fe6670_0, 0;
T_2.18 ;
T_2.16 ;
    %jmp T_2.8;
T_2.6 ;
    %pushi/vec4 1, 0, 1;
    %assign/vec4 v0x55e342fe6130_0, 0;
    %load/vec4 v0x55e342fc5080_0;
    %assign/vec4 v0x55e342fe5f70_0, 0;
    %load/vec4 v0x55e342fc5080_0;
    %pad/u 4;
    %ix/vec4 4;
    %load/vec4a v0x55e342fe6370, 4;
    %assign/vec4 v0x55e342fe6050_0, 0;
    %load/vec4 v0x55e342fc5080_0;
    %pad/u 4;
    %ix/vec4 4;
    %load/vec4a v0x55e342fe62d0, 4;
    %assign/vec4 v0x55e342fe5eb0_0, 0;
    %pushi/vec4 0, 0, 3;
    %load/vec4 v0x55e342fc5080_0;
    %pad/u 4;
    %ix/vec4 3;
    %ix/load 4, 0, 0; Constant delay
    %assign/vec4/a/d v0x55e342f8fec0, 0, 4;
    %pushi/vec4 0, 0, 2;
    %assign/vec4 v0x55e342fe6670_0, 0;
    %jmp T_2.8;
T_2.8 ;
    %pop/vec4 1;
T_2.1 ;
    %jmp T_2;
    .thread T_2;
    .scope S_0x55e342fb1500;
T_3 ;
    %pushi/vec4 0, 0, 32;
    %store/vec4 v0x55e342fe7640_0, 0, 32;
    %end;
    .thread T_3;
    .scope S_0x55e342fb1500;
T_4 ;
    %delay 500, 0;
    %load/vec4 v0x55e342fe6e80_0;
    %inv;
    %store/vec4 v0x55e342fe6e80_0, 0, 1;
    %jmp T_4;
    .thread T_4;
    .scope S_0x55e342fb1500;
T_5 ;
    %vpi_call 2 54 "$dumpfile", "tb_db_coalescer.vcd" {0 0 0};
    %vpi_call 2 55 "$dumpvars", 32'sb00000000000000000000000000000000, S_0x55e342fb1500 {0 0 0};
    %pushi/vec4 0, 0, 1;
    %store/vec4 v0x55e342fe6e80_0, 0, 1;
    %pushi/vec4 0, 0, 1;
    %store/vec4 v0x55e342fe76e0_0, 0, 1;
    %pushi/vec4 0, 0, 1;
    %store/vec4 v0x55e342fe7210_0, 0, 1;
    %pushi/vec4 0, 0, 2;
    %store/vec4 v0x55e342fe7040_0, 0, 2;
    %pushi/vec4 0, 0, 16;
    %store/vec4 v0x55e342fe7140_0, 0, 16;
    %pushi/vec4 0, 0, 1;
    %store/vec4 v0x55e342fe6f70_0, 0, 1;
    %delay 2000, 0;
    %pushi/vec4 1, 0, 1;
    %store/vec4 v0x55e342fe76e0_0, 0, 1;
    %delay 1000, 0;
    %vpi_call 2 65 "$display", "--- T3.1: Count-based coalescing (B=4) ---" {0 0 0};
    %pushi/vec4 0, 0, 32;
    %store/vec4 v0x55e342fe77b0_0, 0, 32;
    %pushi/vec4 0, 0, 2;
    %store/vec4 v0x55e342fe6ce0_0, 0, 2;
    %pushi/vec4 1, 0, 16;
    %store/vec4 v0x55e342fe6dc0_0, 0, 16;
    %pushi/vec4 1, 0, 1;
    %store/vec4 v0x55e342fe6c00_0, 0, 1;
    %fork TD_tb_db_coalescer.send_doorbell, S_0x55e342fe6a30;
    %join;
    %pushi/vec4 0, 0, 2;
    %store/vec4 v0x55e342fe6ce0_0, 0, 2;
    %pushi/vec4 2, 0, 16;
    %store/vec4 v0x55e342fe6dc0_0, 0, 16;
    %pushi/vec4 1, 0, 1;
    %store/vec4 v0x55e342fe6c00_0, 0, 1;
    %fork TD_tb_db_coalescer.send_doorbell, S_0x55e342fe6a30;
    %join;
    %pushi/vec4 0, 0, 2;
    %store/vec4 v0x55e342fe6ce0_0, 0, 2;
    %pushi/vec4 3, 0, 16;
    %store/vec4 v0x55e342fe6dc0_0, 0, 16;
    %pushi/vec4 1, 0, 1;
    %store/vec4 v0x55e342fe6c00_0, 0, 1;
    %fork TD_tb_db_coalescer.send_doorbell, S_0x55e342fe6a30;
    %join;
    %pushi/vec4 0, 0, 2;
    %store/vec4 v0x55e342fe6ce0_0, 0, 2;
    %pushi/vec4 4, 0, 16;
    %store/vec4 v0x55e342fe6dc0_0, 0, 16;
    %pushi/vec4 1, 0, 1;
    %store/vec4 v0x55e342fe6c00_0, 0, 1;
    %fork TD_tb_db_coalescer.send_doorbell, S_0x55e342fe6a30;
    %join;
    %pushi/vec4 4, 0, 32;
T_5.0 %dup/vec4;
    %pushi/vec4 0, 0, 32;
    %cmp/s;
    %jmp/1xz T_5.1, 5;
    %jmp/1 T_5.1, 4;
    %pushi/vec4 1, 0, 32;
    %sub;
    %wait E_0x55e342fa22f0;
    %jmp T_5.0;
T_5.1 ;
    %pop/vec4 1;
    %delay 100, 0;
    %pushi/vec4 0, 0, 2;
    %store/vec4 v0x55e342fe6ce0_0, 0, 2;
    %pushi/vec4 5, 0, 16;
    %store/vec4 v0x55e342fe6dc0_0, 0, 16;
    %pushi/vec4 1, 0, 1;
    %store/vec4 v0x55e342fe6c00_0, 0, 1;
    %fork TD_tb_db_coalescer.send_doorbell, S_0x55e342fe6a30;
    %join;
    %pushi/vec4 0, 0, 2;
    %store/vec4 v0x55e342fe6ce0_0, 0, 2;
    %pushi/vec4 6, 0, 16;
    %store/vec4 v0x55e342fe6dc0_0, 0, 16;
    %pushi/vec4 1, 0, 1;
    %store/vec4 v0x55e342fe6c00_0, 0, 1;
    %fork TD_tb_db_coalescer.send_doorbell, S_0x55e342fe6a30;
    %join;
    %pushi/vec4 0, 0, 2;
    %store/vec4 v0x55e342fe6ce0_0, 0, 2;
    %pushi/vec4 7, 0, 16;
    %store/vec4 v0x55e342fe6dc0_0, 0, 16;
    %pushi/vec4 1, 0, 1;
    %store/vec4 v0x55e342fe6c00_0, 0, 1;
    %fork TD_tb_db_coalescer.send_doorbell, S_0x55e342fe6a30;
    %join;
    %pushi/vec4 0, 0, 2;
    %store/vec4 v0x55e342fe6ce0_0, 0, 2;
    %pushi/vec4 8, 0, 16;
    %store/vec4 v0x55e342fe6dc0_0, 0, 16;
    %pushi/vec4 1, 0, 1;
    %store/vec4 v0x55e342fe6c00_0, 0, 1;
    %fork TD_tb_db_coalescer.send_doorbell, S_0x55e342fe6a30;
    %join;
    %pushi/vec4 4, 0, 32;
T_5.2 %dup/vec4;
    %pushi/vec4 0, 0, 32;
    %cmp/s;
    %jmp/1xz T_5.3, 5;
    %jmp/1 T_5.3, 4;
    %pushi/vec4 1, 0, 32;
    %sub;
    %wait E_0x55e342fa22f0;
    %jmp T_5.2;
T_5.3 ;
    %pop/vec4 1;
    %delay 100, 0;
    %vpi_call 2 83 "$display", "PASS T3.1: count-based coalescing exercised" {0 0 0};
    %vpi_call 2 89 "$display", "--- T3.2: Timer-based coalescing ---" {0 0 0};
    %pushi/vec4 0, 0, 2;
    %store/vec4 v0x55e342fe6ce0_0, 0, 2;
    %pushi/vec4 10, 0, 16;
    %store/vec4 v0x55e342fe6dc0_0, 0, 16;
    %pushi/vec4 1, 0, 1;
    %store/vec4 v0x55e342fe6c00_0, 0, 1;
    %fork TD_tb_db_coalescer.send_doorbell, S_0x55e342fe6a30;
    %join;
    %pushi/vec4 0, 0, 2;
    %store/vec4 v0x55e342fe6ce0_0, 0, 2;
    %pushi/vec4 11, 0, 16;
    %store/vec4 v0x55e342fe6dc0_0, 0, 16;
    %pushi/vec4 1, 0, 1;
    %store/vec4 v0x55e342fe6c00_0, 0, 1;
    %fork TD_tb_db_coalescer.send_doorbell, S_0x55e342fe6a30;
    %join;
    %pushi/vec4 30, 0, 32;
T_5.4 %dup/vec4;
    %pushi/vec4 0, 0, 32;
    %cmp/s;
    %jmp/1xz T_5.5, 5;
    %jmp/1 T_5.5, 4;
    %pushi/vec4 1, 0, 32;
    %sub;
    %wait E_0x55e342fa22f0;
    %jmp T_5.4;
T_5.5 ;
    %pop/vec4 1;
    %delay 100, 0;
    %vpi_call 2 96 "$display", "PASS T3.2: timer-based coalescing exercised" {0 0 0};
    %vpi_call 2 102 "$display", "--- T3.3: Multi-queue independence ---" {0 0 0};
    %pushi/vec4 0, 0, 2;
    %store/vec4 v0x55e342fe6ce0_0, 0, 2;
    %pushi/vec4 20, 0, 16;
    %store/vec4 v0x55e342fe6dc0_0, 0, 16;
    %pushi/vec4 1, 0, 1;
    %store/vec4 v0x55e342fe6c00_0, 0, 1;
    %fork TD_tb_db_coalescer.send_doorbell, S_0x55e342fe6a30;
    %join;
    %pushi/vec4 3, 0, 2;
    %store/vec4 v0x55e342fe6ce0_0, 0, 2;
    %pushi/vec4 30, 0, 16;
    %store/vec4 v0x55e342fe6dc0_0, 0, 16;
    %pushi/vec4 1, 0, 1;
    %store/vec4 v0x55e342fe6c00_0, 0, 1;
    %fork TD_tb_db_coalescer.send_doorbell, S_0x55e342fe6a30;
    %join;
    %pushi/vec4 0, 0, 2;
    %store/vec4 v0x55e342fe6ce0_0, 0, 2;
    %pushi/vec4 21, 0, 16;
    %store/vec4 v0x55e342fe6dc0_0, 0, 16;
    %pushi/vec4 1, 0, 1;
    %store/vec4 v0x55e342fe6c00_0, 0, 1;
    %fork TD_tb_db_coalescer.send_doorbell, S_0x55e342fe6a30;
    %join;
    %pushi/vec4 3, 0, 2;
    %store/vec4 v0x55e342fe6ce0_0, 0, 2;
    %pushi/vec4 31, 0, 16;
    %store/vec4 v0x55e342fe6dc0_0, 0, 16;
    %pushi/vec4 1, 0, 1;
    %store/vec4 v0x55e342fe6c00_0, 0, 1;
    %fork TD_tb_db_coalescer.send_doorbell, S_0x55e342fe6a30;
    %join;
    %pushi/vec4 0, 0, 2;
    %store/vec4 v0x55e342fe6ce0_0, 0, 2;
    %pushi/vec4 22, 0, 16;
    %store/vec4 v0x55e342fe6dc0_0, 0, 16;
    %pushi/vec4 1, 0, 1;
    %store/vec4 v0x55e342fe6c00_0, 0, 1;
    %fork TD_tb_db_coalescer.send_doorbell, S_0x55e342fe6a30;
    %join;
    %pushi/vec4 3, 0, 2;
    %store/vec4 v0x55e342fe6ce0_0, 0, 2;
    %pushi/vec4 32, 0, 16;
    %store/vec4 v0x55e342fe6dc0_0, 0, 16;
    %pushi/vec4 1, 0, 1;
    %store/vec4 v0x55e342fe6c00_0, 0, 1;
    %fork TD_tb_db_coalescer.send_doorbell, S_0x55e342fe6a30;
    %join;
    %pushi/vec4 0, 0, 2;
    %store/vec4 v0x55e342fe6ce0_0, 0, 2;
    %pushi/vec4 23, 0, 16;
    %store/vec4 v0x55e342fe6dc0_0, 0, 16;
    %pushi/vec4 1, 0, 1;
    %store/vec4 v0x55e342fe6c00_0, 0, 1;
    %fork TD_tb_db_coalescer.send_doorbell, S_0x55e342fe6a30;
    %join;
    %pushi/vec4 3, 0, 2;
    %store/vec4 v0x55e342fe6ce0_0, 0, 2;
    %pushi/vec4 33, 0, 16;
    %store/vec4 v0x55e342fe6dc0_0, 0, 16;
    %pushi/vec4 1, 0, 1;
    %store/vec4 v0x55e342fe6c00_0, 0, 1;
    %fork TD_tb_db_coalescer.send_doorbell, S_0x55e342fe6a30;
    %join;
    %pushi/vec4 8, 0, 32;
T_5.6 %dup/vec4;
    %pushi/vec4 0, 0, 32;
    %cmp/s;
    %jmp/1xz T_5.7, 5;
    %jmp/1 T_5.7, 4;
    %pushi/vec4 1, 0, 32;
    %sub;
    %wait E_0x55e342fa22f0;
    %jmp T_5.6;
T_5.7 ;
    %pop/vec4 1;
    %delay 100, 0;
    %vpi_call 2 113 "$display", "PASS T3.3: multi-queue independence exercised" {0 0 0};
    %vpi_call 2 119 "$display", "--- T3.4: SQ vs CQ doorbell ---" {0 0 0};
    %pushi/vec4 1, 0, 2;
    %store/vec4 v0x55e342fe6ce0_0, 0, 2;
    %pushi/vec4 40, 0, 16;
    %store/vec4 v0x55e342fe6dc0_0, 0, 16;
    %pushi/vec4 1, 0, 1;
    %store/vec4 v0x55e342fe6c00_0, 0, 1;
    %fork TD_tb_db_coalescer.send_doorbell, S_0x55e342fe6a30;
    %join;
    %pushi/vec4 1, 0, 2;
    %store/vec4 v0x55e342fe6ce0_0, 0, 2;
    %pushi/vec4 41, 0, 16;
    %store/vec4 v0x55e342fe6dc0_0, 0, 16;
    %pushi/vec4 0, 0, 1;
    %store/vec4 v0x55e342fe6c00_0, 0, 1;
    %fork TD_tb_db_coalescer.send_doorbell, S_0x55e342fe6a30;
    %join;
    %pushi/vec4 1, 0, 2;
    %store/vec4 v0x55e342fe6ce0_0, 0, 2;
    %pushi/vec4 42, 0, 16;
    %store/vec4 v0x55e342fe6dc0_0, 0, 16;
    %pushi/vec4 1, 0, 1;
    %store/vec4 v0x55e342fe6c00_0, 0, 1;
    %fork TD_tb_db_coalescer.send_doorbell, S_0x55e342fe6a30;
    %join;
    %pushi/vec4 1, 0, 2;
    %store/vec4 v0x55e342fe6ce0_0, 0, 2;
    %pushi/vec4 43, 0, 16;
    %store/vec4 v0x55e342fe6dc0_0, 0, 16;
    %pushi/vec4 0, 0, 1;
    %store/vec4 v0x55e342fe6c00_0, 0, 1;
    %fork TD_tb_db_coalescer.send_doorbell, S_0x55e342fe6a30;
    %join;
    %pushi/vec4 4, 0, 32;
T_5.8 %dup/vec4;
    %pushi/vec4 0, 0, 32;
    %cmp/s;
    %jmp/1xz T_5.9, 5;
    %jmp/1 T_5.9, 4;
    %pushi/vec4 1, 0, 32;
    %sub;
    %wait E_0x55e342fa22f0;
    %jmp T_5.8;
T_5.9 ;
    %pop/vec4 1;
    %delay 100, 0;
    %vpi_call 2 126 "$display", "PASS T3.4: SQ/CQ doorbell types exercised" {0 0 0};
    %vpi_call 2 129 "$display", "---" {0 0 0};
    %load/vec4 v0x55e342fe7640_0;
    %cmpi/e 0, 0, 32;
    %jmp/0xz  T_5.10, 4;
    %vpi_call 2 131 "$display", "db_coalescer: ALL TESTS PASSED" {0 0 0};
    %jmp T_5.11;
T_5.10 ;
    %vpi_call 2 133 "$display", "db_coalescer: %0d ERRORS", v0x55e342fe7640_0 {0 0 0};
T_5.11 ;
    %vpi_call 2 134 "$finish" {0 0 0};
    %end;
    .thread T_5;
# The file index is used to find the file name in the following table.
:file_names 4;
    "N/A";
    "<interactive>";
    "tb/tb_db_coalescer.v";
    "src/db_coalescer.v";
