#! /usr/bin/vvp
:ivl_version "11.0 (stable)";
:ivl_delay_selection "TYPICAL";
:vpi_time_precision - 12;
:vpi_module "/usr/lib/x86_64-linux-gnu/ivl/system.vpi";
:vpi_module "/usr/lib/x86_64-linux-gnu/ivl/vhdl_sys.vpi";
:vpi_module "/usr/lib/x86_64-linux-gnu/ivl/vhdl_textio.vpi";
:vpi_module "/usr/lib/x86_64-linux-gnu/ivl/v2005_math.vpi";
:vpi_module "/usr/lib/x86_64-linux-gnu/ivl/va_math.vpi";
S_0x55c28acb2230 .scope module, "tb_io_uncore_top" "tb_io_uncore_top" 2 4;
 .timescale -9 -12;
P_0x55c28adc54b0 .param/l "BN" 0 2 9, +C4<00000000000000000000000000000100>;
P_0x55c28adc54f0 .param/l "BT" 0 2 10, +C4<00000000000000000000000000011110>;
P_0x55c28adc5530 .param/l "CB" 0 2 11, +C4<00000000000000000000000000000100>;
P_0x55c28adc5570 .param/l "CRED" 0 2 8, +C4<00000000000000000000000000001000>;
P_0x55c28adc55b0 .param/l "CT" 0 2 12, +C4<00000000000000000000000000010100>;
P_0x55c28adc55f0 .param/l "DW" 0 2 15, +C4<00000000000000000000000010000000>;
P_0x55c28adc5630 .param/l "NQ" 0 2 6, +C4<00000000000000000000000000000100>;
P_0x55c28adc5670 .param/l "QD" 0 2 7, +C4<00000000000000000000000000001000>;
P_0x55c28adc56b0 .param/l "SAW" 0 2 13, +C4<00000000000000000000000000010000>;
P_0x55c28adc56f0 .param/l "SD" 0 2 14, +C4<00000000000000010000000000000000>;
v0x55c28adf6bf0_0 .var "clk", 0 0;
v0x55c28adf6cb0_0 .var "cqe_data", 127 0;
v0x55c28adf6dc0_0 .var "cqe_qid", 1 0;
v0x55c28adf6eb0_0 .var "cqe_valid", 0 0;
v0x55c28adf6fa0_0 .net "dev_db_is_sq", 0 0, v0x55c28ade79a0_0;  1 drivers
v0x55c28adf70e0_0 .net "dev_db_qid", 1 0, v0x55c28ade7a60_0;  1 drivers
v0x55c28adf71f0_0 .net "dev_db_tail", 15 0, v0x55c28ade7b40_0;  1 drivers
v0x55c28adf7300_0 .net "dev_db_valid", 0 0, v0x55c28ade7c20_0;  1 drivers
v0x55c28adf73f0_0 .net "dma_wr_addr", 63 0, v0x55c28ade4930_0;  1 drivers
v0x55c28adf74b0_0 .net "dma_wr_data", 127 0, v0x55c28ade4a10_0;  1 drivers
v0x55c28adf75c0_0 .net "dma_wr_req", 0 0, v0x55c28ade4af0_0;  1 drivers
v0x55c28adf76b0_0 .var/i "errors", 31 0;
v0x55c28adf7790_0 .var "mmio_rd_addr", 15 0;
v0x55c28adf78a0_0 .net "mmio_rd_data", 63 0, v0x55c28ade9b30_0;  1 drivers
v0x55c28adf79b0_0 .net "mmio_rd_ready", 0 0, v0x55c28ade9c10_0;  1 drivers
v0x55c28adf7aa0_0 .var "mmio_rd_valid", 0 0;
v0x55c28adf7b90_0 .var "mmio_wr_addr", 15 0;
v0x55c28adf7db0_0 .var "mmio_wr_data", 63 0;
v0x55c28adf7ec0_0 .var "mmio_wr_valid", 0 0;
v0x55c28adf7fb0_0 .var "rst_n", 0 0;
v0x55c28adf8160_0 .net "sq_qid", 1 0, v0x55c28adeec60_0;  1 drivers
v0x55c28adf8270_0 .net "sq_ready", 0 0, v0x55c28adeed40_0;  1 drivers
v0x55c28adf8360_0 .var "stat_rd_addr", 3 0;
v0x55c28adf8470_0 .net "stat_rd_data", 63 0, L_0x55c28ae0b090;  1 drivers
S_0x55c28acaf790 .scope begin, "drain_block" "drain_block" 2 154, 2 154 0, S_0x55c28acb2230;
 .timescale -9 -12;
v0x55c28adb51e0_0 .var/i "j", 31 0;
S_0x55c28acaf920 .scope module, "dut" "io_uncore_top" 2 49, 3 5 0, S_0x55c28acb2230;
 .timescale 0 0;
    .port_info 0 /INPUT 1 "clk";
    .port_info 1 /INPUT 1 "rst_n";
    .port_info 2 /INPUT 1 "mmio_rd_valid";
    .port_info 3 /INPUT 16 "mmio_rd_addr";
    .port_info 4 /OUTPUT 64 "mmio_rd_data";
    .port_info 5 /OUTPUT 1 "mmio_rd_ready";
    .port_info 6 /INPUT 1 "mmio_wr_valid";
    .port_info 7 /INPUT 16 "mmio_wr_addr";
    .port_info 8 /INPUT 64 "mmio_wr_data";
    .port_info 9 /INPUT 1 "cqe_valid";
    .port_info 10 /INPUT 128 "cqe_data";
    .port_info 11 /INPUT 2 "cqe_qid";
    .port_info 12 /OUTPUT 1 "sq_ready";
    .port_info 13 /OUTPUT 2 "sq_qid";
    .port_info 14 /OUTPUT 1 "dev_db_valid";
    .port_info 15 /OUTPUT 2 "dev_db_qid";
    .port_info 16 /OUTPUT 16 "dev_db_tail";
    .port_info 17 /OUTPUT 1 "dev_db_is_sq";
    .port_info 18 /OUTPUT 1 "dma_wr_req";
    .port_info 19 /OUTPUT 64 "dma_wr_addr";
    .port_info 20 /OUTPUT 128 "dma_wr_data";
    .port_info 21 /INPUT 4 "stat_rd_addr";
    .port_info 22 /OUTPUT 64 "stat_rd_data";
P_0x55c28ade2e30 .param/l "BATCH_N" 0 3 9, +C4<00000000000000000000000000000100>;
P_0x55c28ade2e70 .param/l "BATCH_T" 0 3 10, +C4<00000000000000000000000000011110>;
P_0x55c28ade2eb0 .param/l "COALESCE_B" 0 3 11, +C4<00000000000000000000000000000100>;
P_0x55c28ade2ef0 .param/l "COALESCE_T" 0 3 12, +C4<00000000000000000000000000010100>;
P_0x55c28ade2f30 .param/l "CREDITS_MAX" 0 3 8, +C4<00000000000000000000000000001000>;
P_0x55c28ade2f70 .param/l "DATA_WIDTH" 0 3 15, +C4<00000000000000000000000010000000>;
P_0x55c28ade2fb0 .param/l "NUM_QUEUES" 0 3 6, +C4<00000000000000000000000000000100>;
P_0x55c28ade2ff0 .param/l "QUEUE_DEPTH" 0 3 7, +C4<00000000000000000000000000001000>;
P_0x55c28ade3030 .param/l "SRAM_ADDR_WIDTH" 0 3 13, +C4<00000000000000000000000000010000>;
P_0x55c28ade3070 .param/l "SRAM_DEPTH" 0 3 14, +C4<00000000000000010000000000000000>;
v0x55c28adf28b0_0 .net "clk", 0 0, v0x55c28adf6bf0_0;  1 drivers
v0x55c28adf2970_0 .net "cq_sram_addr", 15 0, v0x55c28ade51b0_0;  1 drivers
v0x55c28adf2a30_0 .net "cq_sram_grant", 0 0, v0x55c28adf0510_0;  1 drivers
v0x55c28adf2b20_0 .net "cq_sram_rdata", 127 0, L_0x55c28ae0a520;  1 drivers
v0x55c28adf2c10_0 .net "cq_sram_req", 0 0, v0x55c28ade5430_0;  1 drivers
v0x55c28adf2d50_0 .net "cq_sram_wdata", 127 0, v0x55c28ade54f0_0;  1 drivers
v0x55c28adf2e60_0 .net "cq_sram_wr", 0 0, v0x55c28ade55d0_0;  1 drivers
v0x55c28adf2f50_0 .net "cqe_data", 127 0, v0x55c28adf6cb0_0;  1 drivers
v0x55c28adf3010_0 .net "cqe_qid", 1 0, v0x55c28adf6dc0_0;  1 drivers
v0x55c28adf3140_0 .net "cqe_valid", 0 0, v0x55c28adf6eb0_0;  1 drivers
v0x55c28adf31e0_0 .net "credit_avail", 0 0, L_0x55c28ae0a8e0;  1 drivers
v0x55c28adf3280_0 .net "credit_count", 31 0, L_0x55c28ae0aa20;  1 drivers
v0x55c28adf3370_0 .net "credit_dec", 0 0, v0x55c28aded220_0;  1 drivers
v0x55c28adf3460_0 .net "credit_inc", 0 0, v0x55c28ade46b0_0;  1 drivers
v0x55c28adf3550_0 .net "db_wr_is_sq_i", 0 0, v0x55c28ade95e0_0;  1 drivers
v0x55c28adf3640_0 .net "db_wr_qid_i", 1 0, v0x55c28ade96b0_0;  1 drivers
v0x55c28adf3730_0 .net "db_wr_tail_i", 15 0, v0x55c28ade9780_0;  1 drivers
v0x55c28adf3950_0 .net "db_wr_valid_i", 0 0, v0x55c28ade9850_0;  1 drivers
v0x55c28adf3a40_0 .net "dev_db_is_sq", 0 0, v0x55c28ade79a0_0;  alias, 1 drivers
v0x55c28adf3ae0_0 .net "dev_db_qid", 1 0, v0x55c28ade7a60_0;  alias, 1 drivers
v0x55c28adf3b80_0 .net "dev_db_tail", 15 0, v0x55c28ade7b40_0;  alias, 1 drivers
v0x55c28adf3c20_0 .net "dev_db_valid", 0 0, v0x55c28ade7c20_0;  alias, 1 drivers
v0x55c28adf3cc0_0 .net "dma_wr_addr", 63 0, v0x55c28ade4930_0;  alias, 1 drivers
v0x55c28adf3d60_0 .net "dma_wr_data", 127 0, v0x55c28ade4a10_0;  alias, 1 drivers
v0x55c28adf3e00_0 .net "dma_wr_req", 0 0, v0x55c28ade4af0_0;  alias, 1 drivers
v0x55c28adf3ea0_0 .net "hint_ready", 31 0, v0x55c28ade4f30_0;  1 drivers
v0x55c28adf3f90_0 .net "mmio_rd_addr", 15 0, v0x55c28adf7790_0;  1 drivers
v0x55c28adf4030_0 .net "mmio_rd_data", 63 0, v0x55c28ade9b30_0;  alias, 1 drivers
v0x55c28adf40d0_0 .net "mmio_rd_ready", 0 0, v0x55c28ade9c10_0;  alias, 1 drivers
v0x55c28adf4170_0 .net "mmio_rd_valid", 0 0, v0x55c28adf7aa0_0;  1 drivers
v0x55c28adf4210_0 .net "mmio_wr_addr", 15 0, v0x55c28adf7b90_0;  1 drivers
v0x55c28adf42b0_0 .net "mmio_wr_data", 63 0, v0x55c28adf7db0_0;  1 drivers
v0x55c28adf4350_0 .net "mmio_wr_valid", 0 0, v0x55c28adf7ec0_0;  1 drivers
v0x55c28adf4630_0 .net "rst_n", 0 0, v0x55c28adf7fb0_0;  1 drivers
v0x55c28adf46d0_0 .net "sq_mmio_wr_addr", 15 0, L_0x55c28ada58c0;  1 drivers
v0x55c28adf47c0_0 .net "sq_mmio_wr_data", 63 0, L_0x55c28ad21330;  1 drivers
v0x55c28adf48b0_0 .net "sq_mmio_wr_valid", 0 0, L_0x55c28adc0620;  1 drivers
v0x55c28adf49a0_0 .net "sq_qid", 1 0, v0x55c28adeec60_0;  alias, 1 drivers
v0x55c28adf4a40_0 .net "sq_ready", 0 0, v0x55c28adeed40_0;  alias, 1 drivers
v0x55c28adf4ae0_0 .net "sq_sram_addr", 15 0, v0x55c28adeee00_0;  1 drivers
v0x55c28adf4bd0_0 .net "sq_sram_grant", 0 0, v0x55c28adf0090_0;  1 drivers
v0x55c28adf4cc0_0 .net "sq_sram_req", 0 0, v0x55c28adeefa0_0;  1 drivers
v0x55c28adf4db0_0 .net "sq_sram_wdata", 127 0, v0x55c28adef060_0;  1 drivers
v0x55c28adf4ea0_0 .net "sq_sram_wr", 0 0, v0x55c28adef140_0;  1 drivers
v0x55c28adf4f90_0 .net "stat_batch_flush", 0 0, L_0x55c28ae0a140;  1 drivers
v0x55c28adf5030_0 .net "stat_cqe_enqueued", 0 0, L_0x55c28ae0a080;  1 drivers
v0x55c28adf50d0_0 .net "stat_credit_stall", 0 0, L_0x55c28ae0abd0;  1 drivers
v0x55c28adf5170_0 .net "stat_db_coalesced", 0 0, L_0x55c28ae0a370;  1 drivers
v0x55c28adf5210_0 .net "stat_db_received", 0 0, L_0x55c28ae0a280;  1 drivers
v0x55c28adf52b0_0 .net "stat_hint_read_empty", 0 0, L_0x55c28ae08e00;  1 drivers
v0x55c28adf5350_0 .net "stat_hint_read_total", 0 0, L_0x55c28ae08c50;  1 drivers
v0x55c28adf5420_0 .net "stat_inc_bus", 9 0, L_0x55c28adf8580;  1 drivers
v0x55c28adf54f0_0 .net "stat_mailbox_sub", 0 0, L_0x55c28ae08f00;  1 drivers
v0x55c28adf55c0_0 .net "stat_prp_list", 0 0, L_0x55c28ae09030;  1 drivers
v0x55c28adf5690_0 .net "stat_prp_simple", 0 0, L_0x55c28ae08f70;  1 drivers
v0x55c28adf5760_0 .net "stat_rd_addr", 3 0, v0x55c28adf8360_0;  1 drivers
v0x55c28adf5830_0 .net "stat_rd_data", 63 0, L_0x55c28ae0b090;  alias, 1 drivers
LS_0x55c28adf8580_0_0 .concat [ 1 1 1 1], L_0x55c28ae08f00, L_0x55c28ae08f70, L_0x55c28ae09030, L_0x55c28ae0abd0;
LS_0x55c28adf8580_0_4 .concat [ 1 1 1 1], L_0x55c28ae08c50, L_0x55c28ae08e00, L_0x55c28ae0a080, L_0x55c28ae0a140;
LS_0x55c28adf8580_0_8 .concat [ 1 1 0 0], L_0x55c28ae0a280, L_0x55c28ae0a370;
L_0x55c28adf8580 .concat [ 4 4 2 0], LS_0x55c28adf8580_0_0, LS_0x55c28adf8580_0_4, LS_0x55c28adf8580_0_8;
S_0x55c28acb2550 .scope module, "u_cq_engine" "cq_engine" 3 151, 4 5 0, S_0x55c28acaf920;
 .timescale 0 0;
    .port_info 0 /INPUT 1 "clk";
    .port_info 1 /INPUT 1 "rst_n";
    .port_info 2 /INPUT 1 "cqe_valid";
    .port_info 3 /INPUT 128 "cqe_data";
    .port_info 4 /INPUT 2 "cqe_qid";
    .port_info 5 /OUTPUT 1 "sram_req";
    .port_info 6 /OUTPUT 1 "sram_wr";
    .port_info 7 /OUTPUT 16 "sram_addr";
    .port_info 8 /OUTPUT 128 "sram_wdata";
    .port_info 9 /INPUT 128 "sram_rdata";
    .port_info 10 /INPUT 1 "sram_grant";
    .port_info 11 /OUTPUT 1 "credit_inc";
    .port_info 12 /OUTPUT 32 "hint_ready";
    .port_info 13 /OUTPUT 1 "dma_wr_req";
    .port_info 14 /OUTPUT 64 "dma_wr_addr";
    .port_info 15 /OUTPUT 128 "dma_wr_data";
    .port_info 16 /OUTPUT 1 "stat_cqe_enqueued";
    .port_info 17 /OUTPUT 1 "stat_batch_flush";
P_0x55c28ad6b7b0 .param/l "BATCH_N" 0 4 8, +C4<00000000000000000000000000000100>;
P_0x55c28ad6b7f0 .param/l "BATCH_T" 0 4 9, +C4<00000000000000000000000000011110>;
P_0x55c28ad6b830 .param/l "BW" 1 4 47, +C4<00000000000000000000000000000011>;
P_0x55c28ad6b870 .param/l "CQ_SRAM_BASE" 1 4 52, +C4<000000000000000000000000000000000000000000000000000000000000000000000000000000000000000010000000>;
P_0x55c28ad6b8b0 .param/l "C_CHECK" 1 4 63, C4<010>;
P_0x55c28ad6b8f0 .param/l "C_ENQUEUE" 1 4 62, C4<001>;
P_0x55c28ad6b930 .param/l "C_FLUSH" 1 4 64, C4<011>;
P_0x55c28ad6b970 .param/l "C_IDLE" 1 4 61, C4<000>;
P_0x55c28ad6b9b0 .param/l "C_WRITEBACK" 1 4 65, C4<100>;
P_0x55c28ad6b9f0 .param/l "DATA_WIDTH" 0 4 11, +C4<00000000000000000000000010000000>;
P_0x55c28ad6ba30 .param/l "DW" 1 4 46, +C4<00000000000000000000000000000011>;
P_0x55c28ad6ba70 .param/l "NUM_QUEUES" 0 4 6, +C4<00000000000000000000000000000100>;
P_0x55c28ad6bab0 .param/l "QUEUE_DEPTH" 0 4 7, +C4<00000000000000000000000000001000>;
P_0x55c28ad6baf0 .param/l "QW" 1 4 45, +C4<00000000000000000000000000000010>;
P_0x55c28ad6bb30 .param/l "SRAM_ADDR_WIDTH" 0 4 10, +C4<00000000000000000000000000010000>;
P_0x55c28ad6bb70 .param/l "TW" 1 4 48, +C4<00000000000000000000000000000101>;
L_0x55c28ae0a080 .functor AND 1, L_0x55c28ae09fe0, v0x55c28adf0510_0, C4<1>, C4<1>;
L_0x7fd2fa454378 .functor BUFT 1, C4<001>, C4<0>, C4<0>, C4<0>;
v0x55c28adc0740_0 .net/2u *"_ivl_2", 2 0, L_0x7fd2fa454378;  1 drivers
v0x55c28adc07e0_0 .net *"_ivl_4", 0 0, L_0x55c28ae09fe0;  1 drivers
L_0x7fd2fa4543c0 .functor BUFT 1, C4<100>, C4<0>, C4<0>, C4<0>;
v0x55c28ada5a60_0 .net/2u *"_ivl_8", 2 0, L_0x7fd2fa4543c0;  1 drivers
v0x55c28ada5b00 .array "batch_count", 3 0, 2 0;
v0x55c28ad04110_0 .net "clk", 0 0, v0x55c28adf6bf0_0;  alias, 1 drivers
v0x55c28ade4370 .array "cq_tail", 3 0, 2 0;
v0x55c28ade4430_0 .net "cqe_data", 127 0, v0x55c28adf6cb0_0;  alias, 1 drivers
v0x55c28ade4510_0 .net "cqe_qid", 1 0, v0x55c28adf6dc0_0;  alias, 1 drivers
v0x55c28ade45f0_0 .net "cqe_valid", 0 0, v0x55c28adf6eb0_0;  alias, 1 drivers
v0x55c28ade46b0_0 .var "credit_inc", 0 0;
v0x55c28ade4770_0 .var "cur_cqe", 127 0;
v0x55c28ade4850_0 .var "cur_qid", 1 0;
v0x55c28ade4930_0 .var "dma_wr_addr", 63 0;
v0x55c28ade4a10_0 .var "dma_wr_data", 127 0;
v0x55c28ade4af0_0 .var "dma_wr_req", 0 0;
v0x55c28ade4bb0_0 .var "flush_count", 2 0;
v0x55c28ade4c90_0 .var "flush_idx", 2 0;
v0x55c28ade4d70_0 .var/i "hi", 31 0;
v0x55c28ade4e50_0 .net "hint_ready", 31 0, v0x55c28ade4f30_0;  alias, 1 drivers
v0x55c28ade4f30_0 .var "hint_sum", 31 0;
v0x55c28ade5010_0 .var/i "i", 31 0;
v0x55c28ade50f0_0 .net "rst_n", 0 0, v0x55c28adf7fb0_0;  alias, 1 drivers
v0x55c28ade51b0_0 .var "sram_addr", 15 0;
v0x55c28ade5290_0 .net "sram_grant", 0 0, v0x55c28adf0510_0;  alias, 1 drivers
v0x55c28ade5350_0 .net "sram_rdata", 127 0, L_0x55c28ae0a520;  alias, 1 drivers
v0x55c28ade5430_0 .var "sram_req", 0 0;
v0x55c28ade54f0_0 .var "sram_wdata", 127 0;
v0x55c28ade55d0_0 .var "sram_wr", 0 0;
v0x55c28ade5690_0 .net "stat_batch_flush", 0 0, L_0x55c28ae0a140;  alias, 1 drivers
v0x55c28ade5750_0 .net "stat_cqe_enqueued", 0 0, L_0x55c28ae0a080;  alias, 1 drivers
v0x55c28ade5810_0 .var "state", 2 0;
v0x55c28ade58f0 .array "timer", 3 0, 4 0;
v0x55c28ade59b0 .array "timer_active", 3 0, 0 0;
E_0x55c28ad06380/0 .event negedge, v0x55c28ade50f0_0;
E_0x55c28ad06380/1 .event posedge, v0x55c28ad04110_0;
E_0x55c28ad06380 .event/or E_0x55c28ad06380/0, E_0x55c28ad06380/1;
v0x55c28ada5b00_0 .array/port v0x55c28ada5b00, 0;
v0x55c28ada5b00_1 .array/port v0x55c28ada5b00, 1;
v0x55c28ada5b00_2 .array/port v0x55c28ada5b00, 2;
E_0x55c28ad067e0/0 .event edge, v0x55c28ade4f30_0, v0x55c28ada5b00_0, v0x55c28ada5b00_1, v0x55c28ada5b00_2;
v0x55c28ada5b00_3 .array/port v0x55c28ada5b00, 3;
E_0x55c28ad067e0/1 .event edge, v0x55c28ada5b00_3;
E_0x55c28ad067e0 .event/or E_0x55c28ad067e0/0, E_0x55c28ad067e0/1;
L_0x55c28ae09fe0 .cmp/eq 3, v0x55c28ade5810_0, L_0x7fd2fa454378;
L_0x55c28ae0a140 .cmp/eq 3, v0x55c28ade5810_0, L_0x7fd2fa4543c0;
S_0x55c28acaf470 .scope module, "u_credit_manager" "credit_manager" 3 202, 5 5 0, S_0x55c28acaf920;
 .timescale 0 0;
    .port_info 0 /INPUT 1 "clk";
    .port_info 1 /INPUT 1 "rst_n";
    .port_info 2 /INPUT 1 "credit_dec";
    .port_info 3 /INPUT 1 "credit_inc";
    .port_info 4 /OUTPUT 1 "credit_avail";
    .port_info 5 /OUTPUT 32 "credit_count";
    .port_info 6 /OUTPUT 1 "stat_credit_stall";
P_0x55c28acdc8e0 .param/l "CREDITS_MAX" 0 5 6, +C4<00000000000000000000000000001000>;
P_0x55c28acdc920 .param/l "CW" 1 5 25, +C4<00000000000000000000000000000100>;
L_0x55c28ae0ab60 .functor NOT 1, L_0x55c28ae0a8e0, C4<0>, C4<0>, C4<0>;
L_0x55c28ae0abd0 .functor AND 1, v0x55c28aded220_0, L_0x55c28ae0ab60, C4<1>, C4<1>;
v0x55c28adb5280_0 .net *"_ivl_0", 31 0, L_0x55c28ae0a7f0;  1 drivers
v0x55c28ade5e60_0 .net *"_ivl_12", 0 0, L_0x55c28ae0ab60;  1 drivers
L_0x7fd2fa4545b8 .functor BUFT 1, C4<0000000000000000000000000000>, C4<0>, C4<0>, C4<0>;
v0x55c28ade5f40_0 .net *"_ivl_3", 27 0, L_0x7fd2fa4545b8;  1 drivers
L_0x7fd2fa454600 .functor BUFT 1, C4<00000000000000000000000000000000>, C4<0>, C4<0>, C4<0>;
v0x55c28ade6030_0 .net/2u *"_ivl_4", 31 0, L_0x7fd2fa454600;  1 drivers
L_0x7fd2fa454648 .functor BUFT 1, C4<0000000000000000000000000000>, C4<0>, C4<0>, C4<0>;
v0x55c28ade6110_0 .net/2u *"_ivl_8", 27 0, L_0x7fd2fa454648;  1 drivers
v0x55c28ade6240_0 .net "clk", 0 0, v0x55c28adf6bf0_0;  alias, 1 drivers
v0x55c28ade62e0_0 .net "credit_avail", 0 0, L_0x55c28ae0a8e0;  alias, 1 drivers
v0x55c28ade6380_0 .net "credit_count", 31 0, L_0x55c28ae0aa20;  alias, 1 drivers
v0x55c28ade6460_0 .net "credit_dec", 0 0, v0x55c28aded220_0;  alias, 1 drivers
v0x55c28ade6520_0 .net "credit_inc", 0 0, v0x55c28ade46b0_0;  alias, 1 drivers
v0x55c28ade65f0_0 .var "credits", 3 0;
v0x55c28ade66b0_0 .net "rst_n", 0 0, v0x55c28adf7fb0_0;  alias, 1 drivers
v0x55c28ade6780_0 .net "stat_credit_stall", 0 0, L_0x55c28ae0abd0;  alias, 1 drivers
L_0x55c28ae0a7f0 .concat [ 4 28 0 0], v0x55c28ade65f0_0, L_0x7fd2fa4545b8;
L_0x55c28ae0a8e0 .cmp/ne 32, L_0x55c28ae0a7f0, L_0x7fd2fa454600;
L_0x55c28ae0aa20 .concat [ 4 28 0 0], v0x55c28ade65f0_0, L_0x7fd2fa454648;
S_0x55c28acb23c0 .scope module, "u_db_coalescer" "db_coalescer" 3 169, 6 6 0, S_0x55c28acaf920;
 .timescale 0 0;
    .port_info 0 /INPUT 1 "clk";
    .port_info 1 /INPUT 1 "rst_n";
    .port_info 2 /INPUT 1 "db_wr_valid";
    .port_info 3 /INPUT 2 "db_wr_qid";
    .port_info 4 /INPUT 16 "db_wr_tail";
    .port_info 5 /INPUT 1 "db_wr_is_sq";
    .port_info 6 /OUTPUT 1 "dev_db_valid";
    .port_info 7 /OUTPUT 2 "dev_db_qid";
    .port_info 8 /OUTPUT 16 "dev_db_tail";
    .port_info 9 /OUTPUT 1 "dev_db_is_sq";
    .port_info 10 /OUTPUT 1 "stat_db_received";
    .port_info 11 /OUTPUT 1 "stat_db_coalesced";
P_0x55c28ade6930 .param/l "COALESCE_COUNT" 0 6 8, +C4<00000000000000000000000000000100>;
P_0x55c28ade6970 .param/l "CW" 1 6 32, +C4<00000000000000000000000000000011>;
P_0x55c28ade69b0 .param/l "NUM_QUEUES" 0 6 7, +C4<00000000000000000000000000000100>;
P_0x55c28ade69f0 .param/l "QW" 1 6 31, +C4<00000000000000000000000000000010>;
P_0x55c28ade6a30 .param/l "S_ACCUMULATE" 1 6 44, C4<01>;
P_0x55c28ade6a70 .param/l "S_EVAL" 1 6 45, C4<10>;
P_0x55c28ade6ab0 .param/l "S_IDLE" 1 6 43, C4<00>;
P_0x55c28ade6af0 .param/l "S_SEND" 1 6 46, C4<11>;
P_0x55c28ade6b30 .param/l "TIMEOUT_CYCLES" 0 6 9, +C4<00000000000000000000000000010100>;
P_0x55c28ade6b70 .param/l "TW" 1 6 33, +C4<00000000000000000000000000000101>;
L_0x7fd2fa454408 .functor BUFT 1, C4<01>, C4<0>, C4<0>, C4<0>;
v0x55c28ade71b0_0 .net/2u *"_ivl_0", 1 0, L_0x7fd2fa454408;  1 drivers
L_0x7fd2fa454450 .functor BUFT 1, C4<11>, C4<0>, C4<0>, C4<0>;
v0x55c28ade7290_0 .net/2u *"_ivl_4", 1 0, L_0x7fd2fa454450;  1 drivers
v0x55c28ade7370_0 .net "clk", 0 0, v0x55c28adf6bf0_0;  alias, 1 drivers
v0x55c28ade7490_0 .var "cur_qid", 1 0;
v0x55c28ade7550 .array "db_count", 3 0, 2 0;
v0x55c28ade7660_0 .net "db_wr_is_sq", 0 0, v0x55c28ade95e0_0;  alias, 1 drivers
v0x55c28ade7720_0 .net "db_wr_qid", 1 0, v0x55c28ade96b0_0;  alias, 1 drivers
v0x55c28ade7800_0 .net "db_wr_tail", 15 0, v0x55c28ade9780_0;  alias, 1 drivers
v0x55c28ade78e0_0 .net "db_wr_valid", 0 0, v0x55c28ade9850_0;  alias, 1 drivers
v0x55c28ade79a0_0 .var "dev_db_is_sq", 0 0;
v0x55c28ade7a60_0 .var "dev_db_qid", 1 0;
v0x55c28ade7b40_0 .var "dev_db_tail", 15 0;
v0x55c28ade7c20_0 .var "dev_db_valid", 0 0;
v0x55c28ade7ce0_0 .var/i "i", 31 0;
v0x55c28ade7dc0 .array "latest_is_sq", 3 0, 0 0;
v0x55c28ade7e60 .array "latest_tail", 3 0, 15 0;
v0x55c28ade7f20_0 .net "rst_n", 0 0, v0x55c28adf7fb0_0;  alias, 1 drivers
v0x55c28ade7fc0_0 .net "stat_db_coalesced", 0 0, L_0x55c28ae0a370;  alias, 1 drivers
v0x55c28ade8080_0 .net "stat_db_received", 0 0, L_0x55c28ae0a280;  alias, 1 drivers
v0x55c28ade8140_0 .var "state", 1 0;
v0x55c28ade8220 .array "timer", 3 0, 4 0;
v0x55c28ade82e0 .array "timer_active", 3 0, 0 0;
L_0x55c28ae0a280 .cmp/eq 2, v0x55c28ade8140_0, L_0x7fd2fa454408;
L_0x55c28ae0a370 .cmp/eq 2, v0x55c28ade8140_0, L_0x7fd2fa454450;
S_0x55c28ade8500 .scope module, "u_mmio_decoder" "mmio_decoder" 3 110, 7 8 0, S_0x55c28acaf920;
 .timescale 0 0;
    .port_info 0 /INPUT 1 "clk";
    .port_info 1 /INPUT 1 "rst_n";
    .port_info 2 /INPUT 1 "mmio_rd_valid";
    .port_info 3 /INPUT 16 "mmio_rd_addr";
    .port_info 4 /OUTPUT 64 "mmio_rd_data";
    .port_info 5 /OUTPUT 1 "mmio_rd_ready";
    .port_info 6 /INPUT 1 "mmio_wr_valid";
    .port_info 7 /INPUT 16 "mmio_wr_addr";
    .port_info 8 /INPUT 64 "mmio_wr_data";
    .port_info 9 /OUTPUT 1 "sq_mmio_wr_valid";
    .port_info 10 /OUTPUT 16 "sq_mmio_wr_addr";
    .port_info 11 /OUTPUT 64 "sq_mmio_wr_data";
    .port_info 12 /OUTPUT 1 "db_wr_valid";
    .port_info 13 /OUTPUT 2 "db_wr_qid";
    .port_info 14 /OUTPUT 16 "db_wr_tail";
    .port_info 15 /OUTPUT 1 "db_wr_is_sq";
    .port_info 16 /INPUT 32 "credit_count";
    .port_info 17 /INPUT 32 "hint_ready";
    .port_info 18 /OUTPUT 1 "stat_hint_read_total";
    .port_info 19 /OUTPUT 1 "stat_hint_read_empty";
P_0x55c28ade86e0 .param/l "ADDR_WIDTH" 0 7 10, +C4<00000000000000000000000000010000>;
P_0x55c28ade8720 .param/l "DATA_WIDTH" 0 7 11, +C4<00000000000000000000000001000000>;
P_0x55c28ade8760 .param/l "DOORBELL_BASE" 1 7 48, C4<0001000000000000>;
P_0x55c28ade87a0 .param/l "DOORBELL_END" 1 7 49, C4<0010000000000000>;
P_0x55c28ade87e0 .param/l "MAILBOX_BASE" 1 7 53, C4<0010000100000000>;
P_0x55c28ade8820 .param/l "NUM_QUEUES" 0 7 9, +C4<00000000000000000000000000000100>;
P_0x55c28ade8860 .param/l "UNCORE_CAP" 1 7 51, C4<0010000000001000>;
P_0x55c28ade88a0 .param/l "UNCORE_CRED" 1 7 52, C4<0010000000010000>;
P_0x55c28ade88e0 .param/l "UNCORE_STATUS" 1 7 50, C4<0010000000000000>;
L_0x55c28adc0620 .functor AND 1, v0x55c28adf7ec0_0, L_0x55c28ae08a20, C4<1>, C4<1>;
L_0x55c28ada58c0 .functor BUFZ 16, v0x55c28adf7b90_0, C4<0000000000000000>, C4<0000000000000000>, C4<0000000000000000>;
L_0x55c28ad21330 .functor BUFZ 64, v0x55c28adf7db0_0, C4<0000000000000000000000000000000000000000000000000000000000000000>, C4<0000000000000000000000000000000000000000000000000000000000000000>, C4<0000000000000000000000000000000000000000000000000000000000000000>;
L_0x55c28add2270 .functor AND 1, v0x55c28adf7aa0_0, L_0x55c28ae08b60, C4<1>, C4<1>;
L_0x55c28ae08c50 .functor BUFZ 1, L_0x55c28add2270, C4<0>, C4<0>, C4<0>;
L_0x55c28ae08e00 .functor AND 1, L_0x55c28add2270, L_0x55c28ae08d10, C4<1>, C4<1>;
L_0x7fd2fa454018 .functor BUFT 1, C4<0010000100000000>, C4<0>, C4<0>, C4<0>;
v0x55c28ade8f70_0 .net/2u *"_ivl_0", 15 0, L_0x7fd2fa454018;  1 drivers
L_0x7fd2fa454060 .functor BUFT 1, C4<0010000000000000>, C4<0>, C4<0>, C4<0>;
v0x55c28ade9070_0 .net/2u *"_ivl_10", 15 0, L_0x7fd2fa454060;  1 drivers
v0x55c28ade9150_0 .net *"_ivl_12", 0 0, L_0x55c28ae08b60;  1 drivers
L_0x7fd2fa4540a8 .functor BUFT 1, C4<00000000000000000000000000000000>, C4<0>, C4<0>, C4<0>;
v0x55c28ade9220_0 .net/2u *"_ivl_18", 31 0, L_0x7fd2fa4540a8;  1 drivers
v0x55c28ade9300_0 .net *"_ivl_2", 0 0, L_0x55c28ae08a20;  1 drivers
v0x55c28ade93c0_0 .net *"_ivl_20", 0 0, L_0x55c28ae08d10;  1 drivers
v0x55c28ade9480_0 .net "clk", 0 0, v0x55c28adf6bf0_0;  alias, 1 drivers
v0x55c28ade9520_0 .net "credit_count", 31 0, L_0x55c28ae0aa20;  alias, 1 drivers
v0x55c28ade95e0_0 .var "db_wr_is_sq", 0 0;
v0x55c28ade96b0_0 .var "db_wr_qid", 1 0;
v0x55c28ade9780_0 .var "db_wr_tail", 15 0;
v0x55c28ade9850_0 .var "db_wr_valid", 0 0;
v0x55c28ade9920_0 .net "hint_ready", 31 0, v0x55c28ade4f30_0;  alias, 1 drivers
v0x55c28ade99f0_0 .net "is_status_read", 0 0, L_0x55c28add2270;  1 drivers
v0x55c28ade9a90_0 .net "mmio_rd_addr", 15 0, v0x55c28adf7790_0;  alias, 1 drivers
v0x55c28ade9b30_0 .var "mmio_rd_data", 63 0;
v0x55c28ade9c10_0 .var "mmio_rd_ready", 0 0;
v0x55c28ade9de0_0 .net "mmio_rd_valid", 0 0, v0x55c28adf7aa0_0;  alias, 1 drivers
v0x55c28ade9ea0_0 .net "mmio_wr_addr", 15 0, v0x55c28adf7b90_0;  alias, 1 drivers
v0x55c28ade9f80_0 .net "mmio_wr_data", 63 0, v0x55c28adf7db0_0;  alias, 1 drivers
v0x55c28adea060_0 .net "mmio_wr_valid", 0 0, v0x55c28adf7ec0_0;  alias, 1 drivers
v0x55c28adea120_0 .net "rst_n", 0 0, v0x55c28adf7fb0_0;  alias, 1 drivers
v0x55c28adea1c0_0 .net "sq_mmio_wr_addr", 15 0, L_0x55c28ada58c0;  alias, 1 drivers
v0x55c28adea2a0_0 .net "sq_mmio_wr_data", 63 0, L_0x55c28ad21330;  alias, 1 drivers
v0x55c28adea380_0 .net "sq_mmio_wr_valid", 0 0, L_0x55c28adc0620;  alias, 1 drivers
v0x55c28adea440_0 .net "stat_hint_read_empty", 0 0, L_0x55c28ae08e00;  alias, 1 drivers
v0x55c28adea500_0 .net "stat_hint_read_total", 0 0, L_0x55c28ae08c50;  alias, 1 drivers
E_0x55c28aca6a90 .event edge, v0x55c28ade9de0_0, v0x55c28ade9a90_0, v0x55c28ade4e50_0, v0x55c28ade6380_0;
E_0x55c28add2600 .event edge, v0x55c28adea060_0, v0x55c28ade9ea0_0, v0x55c28ade9f80_0;
L_0x55c28ae08a20 .cmp/ge 16, v0x55c28adf7b90_0, L_0x7fd2fa454018;
L_0x55c28ae08b60 .cmp/eq 16, v0x55c28adf7790_0, L_0x7fd2fa454060;
L_0x55c28ae08d10 .cmp/eq 32, v0x55c28ade4f30_0, L_0x7fd2fa4540a8;
S_0x55c28adea8f0 .scope module, "u_sq_engine" "sq_engine" 3 131, 8 5 0, S_0x55c28acaf920;
 .timescale 0 0;
    .port_info 0 /INPUT 1 "clk";
    .port_info 1 /INPUT 1 "rst_n";
    .port_info 2 /INPUT 1 "mmio_wr_valid";
    .port_info 3 /INPUT 16 "mmio_wr_addr";
    .port_info 4 /INPUT 64 "mmio_wr_data";
    .port_info 5 /OUTPUT 1 "sram_req";
    .port_info 6 /OUTPUT 1 "sram_wr";
    .port_info 7 /OUTPUT 16 "sram_addr";
    .port_info 8 /OUTPUT 128 "sram_wdata";
    .port_info 9 /INPUT 1 "sram_grant";
    .port_info 10 /INPUT 1 "credit_avail";
    .port_info 11 /OUTPUT 1 "credit_dec";
    .port_info 12 /OUTPUT 1 "sq_ready";
    .port_info 13 /OUTPUT 2 "sq_qid";
    .port_info 14 /OUTPUT 1 "stat_mailbox_sub";
    .port_info 15 /OUTPUT 1 "stat_prp_simple";
    .port_info 16 /OUTPUT 1 "stat_prp_list";
P_0x55c28adeaad0 .param/l "DATA_WIDTH" 0 8 9, +C4<00000000000000000000000010000000>;
P_0x55c28adeab10 .param/l "DW" 1 8 45, +C4<00000000000000000000000000000011>;
P_0x55c28adeab50 .param/l "LBA_SIZE" 0 8 10, +C4<00000000000000000001000000000000>;
P_0x55c28adeab90 .param/l "MAILBOX_BASE" 0 8 12, C4<0010000100000000>;
P_0x55c28adeabd0 .param/l "MAILBOX_STRIDE" 0 8 13, +C4<00000000000000000000000000100000>;
P_0x55c28adeac10 .param/l "MAX_PRP" 1 8 47, +C4<000000000000000000000000000011111>;
P_0x55c28adeac50 .param/l "MAX_TRANSFER" 0 8 11, +C4<00000000000000100000000000000000>;
P_0x55c28adeac90 .param/l "NUM_QUEUES" 0 8 6, +C4<00000000000000000000000000000100>;
P_0x55c28adeacd0 .param/l "PAGE_SIZE" 1 8 46, +C4<00000000000000000001000000000000>;
P_0x55c28adead10 .param/l "PRP_SRAM_BASE" 1 8 96, +C4<0000000000000000000000000000000000000000000000000000000000000000000000000000000000000000010100000>;
P_0x55c28adead50 .param/l "PW" 1 8 48, +C4<00000000000000000000000000000101>;
P_0x55c28adead90 .param/l "QUEUE_DEPTH" 0 8 7, +C4<00000000000000000000000000001000>;
P_0x55c28adeadd0 .param/l "QW" 1 8 44, +C4<00000000000000000000000000000010>;
P_0x55c28adeae10 .param/l "SRAM_ADDR_WIDTH" 0 8 8, +C4<00000000000000000000000000010000>;
P_0x55c28adeae50 .param/l "S_DECODE" 1 8 54, C4<0011>;
P_0x55c28adeae90 .param/l "S_IDLE" 1 8 51, C4<0000>;
P_0x55c28adeaed0 .param/l "S_INJECT" 1 8 59, C4<1000>;
P_0x55c28adeaf10 .param/l "S_LATCH_0" 1 8 52, C4<0001>;
P_0x55c28adeaf50 .param/l "S_LATCH_1" 1 8 53, C4<0010>;
P_0x55c28adeaf90 .param/l "S_PRP_CALC" 1 8 55, C4<0100>;
P_0x55c28adeafd0 .param/l "S_PRP_DUAL" 1 8 57, C4<0110>;
P_0x55c28adeb010 .param/l "S_PRP_LIST" 1 8 58, C4<0111>;
P_0x55c28adeb050 .param/l "S_PRP_SIMPLE" 1 8 56, C4<0101>;
L_0x55c28ae08f00 .functor BUFZ 1, v0x55c28adee020_0, C4<0>, C4<0>, C4<0>;
L_0x55c28ae08f70 .functor AND 1, v0x55c28adee020_0, v0x55c28adeea70_0, C4<1>, C4<1>;
L_0x55c28ae09030 .functor AND 1, v0x55c28adee020_0, v0x55c28adee9b0_0, C4<1>, C4<1>;
L_0x55c28ae09140 .functor AND 1, L_0x55c28adc0620, L_0x55c28ae090a0, C4<1>, C4<1>;
L_0x55c28ae09430 .functor AND 1, L_0x55c28ae09140, L_0x55c28ae092f0, C4<1>, C4<1>;
v0x55c28adebec0_0 .net *"_ivl_11", 0 0, L_0x55c28ae09140;  1 drivers
v0x55c28adebf80_0 .net *"_ivl_12", 31 0, L_0x55c28ae091b0;  1 drivers
L_0x7fd2fa454138 .functor BUFT 1, C4<0000000000000000>, C4<0>, C4<0>, C4<0>;
v0x55c28adec060_0 .net *"_ivl_15", 15 0, L_0x7fd2fa454138;  1 drivers
L_0x7fd2fa454180 .functor BUFT 1, C4<00000000000000000010000110000000>, C4<0>, C4<0>, C4<0>;
v0x55c28adec150_0 .net/2u *"_ivl_16", 31 0, L_0x7fd2fa454180;  1 drivers
v0x55c28adec230_0 .net *"_ivl_18", 0 0, L_0x55c28ae092f0;  1 drivers
v0x55c28adec2f0_0 .net *"_ivl_22", 31 0, L_0x55c28ae09540;  1 drivers
L_0x7fd2fa4541c8 .functor BUFT 1, C4<0000000000000000>, C4<0>, C4<0>, C4<0>;
v0x55c28adec3d0_0 .net *"_ivl_25", 15 0, L_0x7fd2fa4541c8;  1 drivers
L_0x7fd2fa454210 .functor BUFT 1, C4<00000000000000000010000100000000>, C4<0>, C4<0>, C4<0>;
v0x55c28adec4b0_0 .net/2u *"_ivl_26", 31 0, L_0x7fd2fa454210;  1 drivers
v0x55c28adec590_0 .net *"_ivl_28", 31 0, L_0x55c28ae09630;  1 drivers
L_0x7fd2fa454258 .functor BUFT 1, C4<00000000000000000000000000100000>, C4<0>, C4<0>, C4<0>;
v0x55c28adec670_0 .net/2u *"_ivl_30", 31 0, L_0x7fd2fa454258;  1 drivers
v0x55c28adec750_0 .net *"_ivl_32", 31 0, L_0x55c28ae09870;  1 drivers
v0x55c28adec830_0 .net *"_ivl_36", 31 0, L_0x55c28ae09a90;  1 drivers
L_0x7fd2fa4542a0 .functor BUFT 1, C4<0000000000000000>, C4<0>, C4<0>, C4<0>;
v0x55c28adec910_0 .net *"_ivl_39", 15 0, L_0x7fd2fa4542a0;  1 drivers
L_0x7fd2fa4542e8 .functor BUFT 1, C4<00000000000000000010000100000000>, C4<0>, C4<0>, C4<0>;
v0x55c28adec9f0_0 .net/2u *"_ivl_40", 31 0, L_0x7fd2fa4542e8;  1 drivers
v0x55c28adecad0_0 .net *"_ivl_42", 31 0, L_0x55c28ae09bd0;  1 drivers
L_0x7fd2fa454330 .functor BUFT 1, C4<00000000000000000000000000100000>, C4<0>, C4<0>, C4<0>;
v0x55c28adecbb0_0 .net/2u *"_ivl_44", 31 0, L_0x7fd2fa454330;  1 drivers
v0x55c28adecc90_0 .net *"_ivl_46", 31 0, L_0x55c28ae09d10;  1 drivers
L_0x7fd2fa4540f0 .functor BUFT 1, C4<0010000100000000>, C4<0>, C4<0>, C4<0>;
v0x55c28adece80_0 .net/2u *"_ivl_6", 15 0, L_0x7fd2fa4540f0;  1 drivers
v0x55c28adecf60_0 .net *"_ivl_8", 0 0, L_0x55c28ae090a0;  1 drivers
v0x55c28aded020 .array "cid_counter", 3 0, 2 0;
v0x55c28aded0e0_0 .net "clk", 0 0, v0x55c28adf6bf0_0;  alias, 1 drivers
v0x55c28aded180_0 .net "credit_avail", 0 0, L_0x55c28ae0a8e0;  alias, 1 drivers
v0x55c28aded220_0 .var "credit_dec", 0 0;
v0x55c28aded2f0_0 .var "cur_buf_addr", 63 0;
v0x55c28aded390_0 .var "cur_cid", 2 0;
v0x55c28aded470_0 .var "cur_flags", 7 0;
v0x55c28aded550_0 .var "cur_lba", 63 0;
v0x55c28aded630_0 .var "cur_nlb", 15 0;
v0x55c28aded710_0 .var "cur_nsid", 15 0;
v0x55c28aded7f0_0 .var "cur_opcode", 7 0;
v0x55c28aded8d0_0 .var "cur_prp1", 63 0;
v0x55c28aded9b0_0 .var "cur_prp2", 63 0;
v0x55c28adeda90_0 .var "cur_qid", 1 0;
v0x55c28adedd80_0 .var "cur_qpair_id", 15 0;
v0x55c28adede60_0 .var "cur_transfer_size", 31 0;
v0x55c28adedf40_0 .var/i "i", 31 0;
v0x55c28adee020_0 .var "inject_done", 0 0;
v0x55c28adee0e0 .array "latch_w0", 3 0, 63 0;
v0x55c28adee1a0 .array "latch_w1", 3 0, 63 0;
v0x55c28adee260 .array "latch_w2", 3 0, 63 0;
v0x55c28adee320_0 .net "mailbox_hit", 0 0, L_0x55c28ae09430;  1 drivers
v0x55c28adee3e0_0 .net "mailbox_offset", 4 0, L_0x55c28ae09eb0;  1 drivers
v0x55c28adee4c0_0 .net "mailbox_qid", 1 0, L_0x55c28ae099a0;  1 drivers
v0x55c28adee5a0_0 .net "mmio_wr_addr", 15 0, L_0x55c28ada58c0;  alias, 1 drivers
v0x55c28adee690_0 .net "mmio_wr_data", 63 0, L_0x55c28ad21330;  alias, 1 drivers
v0x55c28adee760_0 .net "mmio_wr_valid", 0 0, L_0x55c28adc0620;  alias, 1 drivers
v0x55c28adee830_0 .var "prp_count", 4 0;
v0x55c28adee8d0_0 .var "prp_idx", 4 0;
v0x55c28adee9b0_0 .var "prp_was_list", 0 0;
v0x55c28adeea70_0 .var "prp_was_simple", 0 0;
v0x55c28adeeb30_0 .net "rst_n", 0 0, v0x55c28adf7fb0_0;  alias, 1 drivers
v0x55c28adeec60_0 .var "sq_qid", 1 0;
v0x55c28adeed40_0 .var "sq_ready", 0 0;
v0x55c28adeee00_0 .var "sram_addr", 15 0;
v0x55c28adeeee0_0 .net "sram_grant", 0 0, v0x55c28adf0090_0;  alias, 1 drivers
v0x55c28adeefa0_0 .var "sram_req", 0 0;
v0x55c28adef060_0 .var "sram_wdata", 127 0;
v0x55c28adef140_0 .var "sram_wr", 0 0;
v0x55c28adef200_0 .net "stat_mailbox_sub", 0 0, L_0x55c28ae08f00;  alias, 1 drivers
v0x55c28adef2c0_0 .net "stat_prp_list", 0 0, L_0x55c28ae09030;  alias, 1 drivers
v0x55c28adef380_0 .net "stat_prp_simple", 0 0, L_0x55c28ae08f70;  alias, 1 drivers
v0x55c28adef440_0 .var "state", 3 0;
v0x55c28adef520 .array "write_count", 3 0, 1 0;
L_0x55c28ae090a0 .cmp/ge 16, L_0x55c28ada58c0, L_0x7fd2fa4540f0;
L_0x55c28ae091b0 .concat [ 16 16 0 0], L_0x55c28ada58c0, L_0x7fd2fa454138;
L_0x55c28ae092f0 .cmp/gt 32, L_0x7fd2fa454180, L_0x55c28ae091b0;
L_0x55c28ae09540 .concat [ 16 16 0 0], L_0x55c28ada58c0, L_0x7fd2fa4541c8;
L_0x55c28ae09630 .arith/sub 32, L_0x55c28ae09540, L_0x7fd2fa454210;
L_0x55c28ae09870 .arith/div 32, L_0x55c28ae09630, L_0x7fd2fa454258;
L_0x55c28ae099a0 .part L_0x55c28ae09870, 0, 2;
L_0x55c28ae09a90 .concat [ 16 16 0 0], L_0x55c28ada58c0, L_0x7fd2fa4542a0;
L_0x55c28ae09bd0 .arith/sub 32, L_0x55c28ae09a90, L_0x7fd2fa4542e8;
L_0x55c28ae09d10 .arith/mod 32, L_0x55c28ae09bd0, L_0x7fd2fa454330;
L_0x55c28ae09eb0 .part L_0x55c28ae09d10, 0, 5;
S_0x55c28adeb580 .scope module, "u_sram_arbiter" "sram_arbiter" 3 186, 9 5 0, S_0x55c28acaf920;
 .timescale 0 0;
    .port_info 0 /INPUT 1 "clk";
    .port_info 1 /INPUT 1 "rst_n";
    .port_info 2 /INPUT 1 "req0_valid";
    .port_info 3 /INPUT 1 "req0_wr";
    .port_info 4 /INPUT 16 "req0_addr";
    .port_info 5 /INPUT 128 "req0_wdata";
    .port_info 6 /OUTPUT 1 "req0_grant";
    .port_info 7 /OUTPUT 128 "req0_rdata";
    .port_info 8 /INPUT 1 "req1_valid";
    .port_info 9 /INPUT 1 "req1_wr";
    .port_info 10 /INPUT 16 "req1_addr";
    .port_info 11 /INPUT 128 "req1_wdata";
    .port_info 12 /OUTPUT 1 "req1_grant";
    .port_info 13 /OUTPUT 128 "req1_rdata";
    .port_info 14 /INPUT 1 "req2_valid";
    .port_info 15 /INPUT 1 "req2_wr";
    .port_info 16 /INPUT 16 "req2_addr";
    .port_info 17 /INPUT 128 "req2_wdata";
    .port_info 18 /OUTPUT 1 "req2_grant";
    .port_info 19 /OUTPUT 128 "req2_rdata";
P_0x55c28adecd30 .param/l "DATA_WIDTH" 0 9 8, +C4<00000000000000000000000010000000>;
P_0x55c28adecd70 .param/l "NUM_REQUESTORS" 0 9 6, +C4<00000000000000000000000000000011>;
P_0x55c28adecdb0 .param/l "SRAM_ADDR_WIDTH" 0 9 7, +C4<00000000000000000000000000010000>;
P_0x55c28adecdf0 .param/l "SRAM_DEPTH" 0 9 9, +C4<00000000000000010000000000000000>;
L_0x55c28ae0a4b0 .functor BUFZ 128, v0x55c28adefeb0_0, C4<00000000000000000000000000000000000000000000000000000000000000000000000000000000000000000000000000000000000000000000000000000000>, C4<00000000000000000000000000000000000000000000000000000000000000000000000000000000000000000000000000000000000000000000000000000000>, C4<00000000000000000000000000000000000000000000000000000000000000000000000000000000000000000000000000000000000000000000000000000000>;
L_0x55c28ae0a520 .functor BUFZ 128, v0x55c28adefeb0_0, C4<00000000000000000000000000000000000000000000000000000000000000000000000000000000000000000000000000000000000000000000000000000000>, C4<00000000000000000000000000000000000000000000000000000000000000000000000000000000000000000000000000000000000000000000000000000000>, C4<00000000000000000000000000000000000000000000000000000000000000000000000000000000000000000000000000000000000000000000000000000000>;
L_0x55c28ae0a5e0 .functor BUFZ 128, v0x55c28adefeb0_0, C4<00000000000000000000000000000000000000000000000000000000000000000000000000000000000000000000000000000000000000000000000000000000>, C4<00000000000000000000000000000000000000000000000000000000000000000000000000000000000000000000000000000000000000000000000000000000>, C4<00000000000000000000000000000000000000000000000000000000000000000000000000000000000000000000000000000000000000000000000000000000>;
v0x55c28adefd10_0 .net "clk", 0 0, v0x55c28adf6bf0_0;  alias, 1 drivers
v0x55c28adefdd0_0 .var "last_grant", 1 0;
v0x55c28adefeb0_0 .var "rdata_reg", 127 0;
v0x55c28adeffa0_0 .net "req0_addr", 15 0, v0x55c28adeee00_0;  alias, 1 drivers
v0x55c28adf0090_0 .var "req0_grant", 0 0;
v0x55c28adf0130_0 .net "req0_rdata", 127 0, L_0x55c28ae0a4b0;  1 drivers
v0x55c28adf01d0_0 .net "req0_valid", 0 0, v0x55c28adeefa0_0;  alias, 1 drivers
v0x55c28adf02a0_0 .net "req0_wdata", 127 0, v0x55c28adef060_0;  alias, 1 drivers
v0x55c28adf0370_0 .net "req0_wr", 0 0, v0x55c28adef140_0;  alias, 1 drivers
v0x55c28adf0440_0 .net "req1_addr", 15 0, v0x55c28ade51b0_0;  alias, 1 drivers
v0x55c28adf0510_0 .var "req1_grant", 0 0;
v0x55c28adf05e0_0 .net "req1_rdata", 127 0, L_0x55c28ae0a520;  alias, 1 drivers
v0x55c28adf06b0_0 .net "req1_valid", 0 0, v0x55c28ade5430_0;  alias, 1 drivers
v0x55c28adf0780_0 .net "req1_wdata", 127 0, v0x55c28ade54f0_0;  alias, 1 drivers
v0x55c28adf0850_0 .net "req1_wr", 0 0, v0x55c28ade55d0_0;  alias, 1 drivers
L_0x7fd2fa454528 .functor BUFT 1, C4<0000000000000000>, C4<0>, C4<0>, C4<0>;
v0x55c28adf0920_0 .net "req2_addr", 15 0, L_0x7fd2fa454528;  1 drivers
v0x55c28adf09c0_0 .var "req2_grant", 0 0;
v0x55c28adf0b70_0 .net "req2_rdata", 127 0, L_0x55c28ae0a5e0;  1 drivers
L_0x7fd2fa454498 .functor BUFT 1, C4<0>, C4<0>, C4<0>, C4<0>;
v0x55c28adf0c10_0 .net "req2_valid", 0 0, L_0x7fd2fa454498;  1 drivers
L_0x7fd2fa454570 .functor BUFT 1, C4<00000000000000000000000000000000000000000000000000000000000000000000000000000000000000000000000000000000000000000000000000000000>, C4<0>, C4<0>, C4<0>;
v0x55c28adf0cd0_0 .net "req2_wdata", 127 0, L_0x7fd2fa454570;  1 drivers
L_0x7fd2fa4544e0 .functor BUFT 1, C4<0>, C4<0>, C4<0>, C4<0>;
v0x55c28adf0db0_0 .net "req2_wr", 0 0, L_0x7fd2fa4544e0;  1 drivers
v0x55c28adf0e70_0 .net "rst_n", 0 0, v0x55c28adf7fb0_0;  alias, 1 drivers
v0x55c28adf0f10_0 .var "sel_addr", 15 0;
v0x55c28adf0ff0_0 .var "sel_id", 1 0;
v0x55c28adf10d0_0 .var "sel_valid", 0 0;
v0x55c28adf1190_0 .var "sel_wdata", 127 0;
v0x55c28adf1270_0 .var "sel_wr", 0 0;
v0x55c28adf1330 .array "sram", 65535 0, 127 0;
E_0x55c28add2640/0 .event edge, v0x55c28adefdd0_0, v0x55c28ade5430_0, v0x55c28ade55d0_0, v0x55c28ade51b0_0;
E_0x55c28add2640/1 .event edge, v0x55c28ade54f0_0, v0x55c28adf0c10_0, v0x55c28adf0db0_0, v0x55c28adf0920_0;
E_0x55c28add2640/2 .event edge, v0x55c28adf0cd0_0, v0x55c28adeefa0_0, v0x55c28adef140_0, v0x55c28adeee00_0;
E_0x55c28add2640/3 .event edge, v0x55c28adef060_0;
E_0x55c28add2640 .event/or E_0x55c28add2640/0, E_0x55c28add2640/1, E_0x55c28add2640/2, E_0x55c28add2640/3;
S_0x55c28adf1720 .scope module, "u_stat_counters" "stat_counters" 3 212, 10 4 0, S_0x55c28acaf920;
 .timescale 0 0;
    .port_info 0 /INPUT 1 "clk";
    .port_info 1 /INPUT 1 "rst_n";
    .port_info 2 /INPUT 10 "stat_inc";
    .port_info 3 /INPUT 4 "stat_rd_addr";
    .port_info 4 /OUTPUT 64 "stat_rd_data";
    .port_info 5 /INPUT 1 "stat_reset";
P_0x55c28adeb240 .param/l "NUM_COUNTERS" 0 10 5, +C4<00000000000000000000000000001010>;
v0x55c28adf1a10_0 .net *"_ivl_0", 31 0, L_0x55c28ae0ac40;  1 drivers
v0x55c28adf1b10_0 .net *"_ivl_10", 4 0, L_0x55c28ae0af10;  1 drivers
L_0x7fd2fa454720 .functor BUFT 1, C4<0>, C4<0>, C4<0>, C4<0>;
v0x55c28adf1bf0_0 .net *"_ivl_13", 0 0, L_0x7fd2fa454720;  1 drivers
L_0x7fd2fa454768 .functor BUFT 1, C4<0000000000000000000000000000000000000000000000000000000000000000>, C4<0>, C4<0>, C4<0>;
v0x55c28adf1ce0_0 .net/2u *"_ivl_14", 63 0, L_0x7fd2fa454768;  1 drivers
L_0x7fd2fa454690 .functor BUFT 1, C4<0000000000000000000000000000>, C4<0>, C4<0>, C4<0>;
v0x55c28adf1dc0_0 .net *"_ivl_3", 27 0, L_0x7fd2fa454690;  1 drivers
L_0x7fd2fa4546d8 .functor BUFT 1, C4<00000000000000000000000000001010>, C4<0>, C4<0>, C4<0>;
v0x55c28adf1ef0_0 .net/2u *"_ivl_4", 31 0, L_0x7fd2fa4546d8;  1 drivers
v0x55c28adf1fd0_0 .net *"_ivl_6", 0 0, L_0x55c28ae0ad30;  1 drivers
v0x55c28adf2090_0 .net *"_ivl_8", 63 0, L_0x55c28ae0ae70;  1 drivers
v0x55c28adf2170_0 .net "clk", 0 0, v0x55c28adf6bf0_0;  alias, 1 drivers
v0x55c28adf2210 .array "counters", 9 0, 63 0;
v0x55c28adf22d0_0 .var/i "i", 31 0;
v0x55c28adf23b0_0 .net "rst_n", 0 0, v0x55c28adf7fb0_0;  alias, 1 drivers
v0x55c28adf2450_0 .net "stat_inc", 9 0, L_0x55c28adf8580;  alias, 1 drivers
v0x55c28adf2530_0 .net "stat_rd_addr", 3 0, v0x55c28adf8360_0;  alias, 1 drivers
v0x55c28adf2610_0 .net "stat_rd_data", 63 0, L_0x55c28ae0b090;  alias, 1 drivers
L_0x7fd2fa4547b0 .functor BUFT 1, C4<0>, C4<0>, C4<0>, C4<0>;
v0x55c28adf26f0_0 .net "stat_reset", 0 0, L_0x7fd2fa4547b0;  1 drivers
L_0x55c28ae0ac40 .concat [ 4 28 0 0], v0x55c28adf8360_0, L_0x7fd2fa454690;
L_0x55c28ae0ad30 .cmp/gt 32, L_0x7fd2fa4546d8, L_0x55c28ae0ac40;
L_0x55c28ae0ae70 .array/port v0x55c28adf2210, L_0x55c28ae0af10;
L_0x55c28ae0af10 .concat [ 4 1 0 0], v0x55c28adf8360_0, L_0x7fd2fa454720;
L_0x55c28ae0b090 .functor MUXZ 64, L_0x7fd2fa454768, L_0x55c28ae0ae70, L_0x55c28ae0ad30, C4<>;
S_0x55c28adf5a60 .scope task, "inject_cqe" "inject_cqe" 2 85, 2 85 0, S_0x55c28acb2230;
 .timescale -9 -12;
v0x55c28adf5c90_0 .var "data", 127 0;
v0x55c28adf5d90_0 .var "qid", 1 0;
E_0x55c28adf1930 .event posedge, v0x55c28ad04110_0;
TD_tb_io_uncore_top.inject_cqe ;
    %pushi/vec4 1, 0, 1;
    %store/vec4 v0x55c28adf6eb0_0, 0, 1;
    %load/vec4 v0x55c28adf5d90_0;
    %store/vec4 v0x55c28adf6dc0_0, 0, 2;
    %load/vec4 v0x55c28adf5c90_0;
    %store/vec4 v0x55c28adf6cb0_0, 0, 128;
    %wait E_0x55c28adf1930;
    %delay 100, 0;
    %pushi/vec4 0, 0, 1;
    %store/vec4 v0x55c28adf6eb0_0, 0, 1;
    %pushi/vec4 4, 0, 32;
T_0.0 %dup/vec4;
    %pushi/vec4 0, 0, 32;
    %cmp/s;
    %jmp/1xz T_0.1, 5;
    %jmp/1 T_0.1, 4;
    %pushi/vec4 1, 0, 32;
    %sub;
    %wait E_0x55c28adf1930;
    %jmp T_0.0;
T_0.1 ;
    %pop/vec4 1;
    %delay 100, 0;
    %end;
S_0x55c28adf5e70 .scope task, "mailbox_write" "mailbox_write" 2 66, 2 66 0, S_0x55c28acb2230;
 .timescale -9 -12;
v0x55c28adf6050_0 .var "data", 63 0;
v0x55c28adf6150_0 .var "off", 4 0;
v0x55c28adf6230_0 .var "qid", 1 0;
TD_tb_io_uncore_top.mailbox_write ;
    %pushi/vec4 1, 0, 1;
    %store/vec4 v0x55c28adf7ec0_0, 0, 1;
    %pushi/vec4 8448, 0, 16;
    %load/vec4 v0x55c28adf6230_0;
    %pad/u 16;
    %muli 32, 0, 16;
    %add;
    %load/vec4 v0x55c28adf6150_0;
    %pad/u 16;
    %add;
    %store/vec4 v0x55c28adf7b90_0, 0, 16;
    %load/vec4 v0x55c28adf6050_0;
    %store/vec4 v0x55c28adf7db0_0, 0, 64;
    %wait E_0x55c28adf1930;
    %delay 100, 0;
    %pushi/vec4 0, 0, 1;
    %store/vec4 v0x55c28adf7ec0_0, 0, 1;
    %wait E_0x55c28adf1930;
    %delay 100, 0;
    %end;
S_0x55c28adf6320 .scope task, "read_status" "read_status" 2 94, 2 94 0, S_0x55c28acb2230;
 .timescale -9 -12;
TD_tb_io_uncore_top.read_status ;
    %pushi/vec4 1, 0, 1;
    %store/vec4 v0x55c28adf7aa0_0, 0, 1;
    %pushi/vec4 8192, 0, 16;
    %store/vec4 v0x55c28adf7790_0, 0, 16;
    %wait E_0x55c28adf1930;
    %delay 100, 0;
    %pushi/vec4 0, 0, 1;
    %store/vec4 v0x55c28adf7aa0_0, 0, 1;
    %end;
S_0x55c28adf6550 .scope begin, "stress_block" "stress_block" 2 141, 2 141 0, S_0x55c28acb2230;
 .timescale -9 -12;
v0x55c28adf6730_0 .var/i "j", 31 0;
S_0x55c28adf6830 .scope task, "submit_4kb" "submit_4kb" 2 77, 2 77 0, S_0x55c28acb2230;
 .timescale -9 -12;
v0x55c28adf6a10_0 .var "buf_addr", 63 0;
v0x55c28adf6b10_0 .var "qid", 1 0;
TD_tb_io_uncore_top.submit_4kb ;
    %load/vec4 v0x55c28adf6b10_0;
    %store/vec4 v0x55c28adf6230_0, 0, 2;
    %pushi/vec4 0, 0, 5;
    %store/vec4 v0x55c28adf6150_0, 0, 5;
    %pushi/vec4 65538, 0, 64;
    %store/vec4 v0x55c28adf6050_0, 0, 64;
    %fork TD_tb_io_uncore_top.mailbox_write, S_0x55c28adf5e70;
    %join;
    %load/vec4 v0x55c28adf6b10_0;
    %store/vec4 v0x55c28adf6230_0, 0, 2;
    %pushi/vec4 8, 0, 5;
    %store/vec4 v0x55c28adf6150_0, 0, 5;
    %pushi/vec4 0, 0, 14;
    %load/vec4 v0x55c28adf6b10_0;
    %concat/vec4; draw_concat_vec4
    %concati/vec4 0, 0, 16;
    %concati/vec4 0, 0, 32;
    %store/vec4 v0x55c28adf6050_0, 0, 64;
    %fork TD_tb_io_uncore_top.mailbox_write, S_0x55c28adf5e70;
    %join;
    %load/vec4 v0x55c28adf6b10_0;
    %store/vec4 v0x55c28adf6230_0, 0, 2;
    %pushi/vec4 16, 0, 5;
    %store/vec4 v0x55c28adf6150_0, 0, 5;
    %load/vec4 v0x55c28adf6a10_0;
    %store/vec4 v0x55c28adf6050_0, 0, 64;
    %fork TD_tb_io_uncore_top.mailbox_write, S_0x55c28adf5e70;
    %join;
    %end;
    .scope S_0x55c28ade8500;
T_4 ;
    %wait E_0x55c28add2600;
    %pushi/vec4 0, 0, 1;
    %store/vec4 v0x55c28ade9850_0, 0, 1;
    %pushi/vec4 0, 0, 2;
    %store/vec4 v0x55c28ade96b0_0, 0, 2;
    %pushi/vec4 0, 0, 16;
    %store/vec4 v0x55c28ade9780_0, 0, 16;
    %pushi/vec4 0, 0, 1;
    %store/vec4 v0x55c28ade95e0_0, 0, 1;
    %load/vec4 v0x55c28adea060_0;
    %pushi/vec4 4096, 0, 16;
    %load/vec4 v0x55c28ade9ea0_0;
    %cmp/u;
    %flag_get/vec4 4;
    %flag_get/vec4 5;
    %or;
    %and;
    %load/vec4 v0x55c28ade9ea0_0;
    %cmpi/u 8192, 0, 16;
    %flag_get/vec4 5;
    %and;
    %flag_set/vec4 8;
    %jmp/0xz  T_4.0, 8;
    %pushi/vec4 1, 0, 1;
    %store/vec4 v0x55c28ade9850_0, 0, 1;
    %load/vec4 v0x55c28ade9ea0_0;
    %subi 4096, 0, 16;
    %ix/load 4, 3, 0;
    %flag_set/imm 4, 0;
    %shiftr 4;
    %pad/u 2;
    %store/vec4 v0x55c28ade96b0_0, 0, 2;
    %load/vec4 v0x55c28ade9ea0_0;
    %parti/s 1, 2, 3;
    %inv;
    %store/vec4 v0x55c28ade95e0_0, 0, 1;
    %load/vec4 v0x55c28ade9f80_0;
    %parti/s 16, 0, 2;
    %store/vec4 v0x55c28ade9780_0, 0, 16;
T_4.0 ;
    %jmp T_4;
    .thread T_4, $push;
    .scope S_0x55c28ade8500;
T_5 ;
    %wait E_0x55c28aca6a90;
    %pushi/vec4 0, 0, 64;
    %store/vec4 v0x55c28ade9b30_0, 0, 64;
    %pushi/vec4 0, 0, 1;
    %store/vec4 v0x55c28ade9c10_0, 0, 1;
    %load/vec4 v0x55c28ade9de0_0;
    %flag_set/vec4 8;
    %jmp/0xz  T_5.0, 8;
    %pushi/vec4 1, 0, 1;
    %store/vec4 v0x55c28ade9c10_0, 0, 1;
    %load/vec4 v0x55c28ade9a90_0;
    %dup/vec4;
    %pushi/vec4 8192, 0, 16;
    %cmp/u;
    %jmp/1 T_5.2, 6;
    %dup/vec4;
    %pushi/vec4 8200, 0, 16;
    %cmp/u;
    %jmp/1 T_5.3, 6;
    %dup/vec4;
    %pushi/vec4 8208, 0, 16;
    %cmp/u;
    %jmp/1 T_5.4, 6;
    %pushi/vec4 0, 0, 64;
    %store/vec4 v0x55c28ade9b30_0, 0, 64;
    %jmp T_5.6;
T_5.2 ;
    %load/vec4 v0x55c28ade9920_0;
    %load/vec4 v0x55c28ade9520_0;
    %concat/vec4; draw_concat_vec4
    %store/vec4 v0x55c28ade9b30_0, 0, 64;
    %jmp T_5.6;
T_5.3 ;
    %pushi/vec4 2, 0, 64;
    %store/vec4 v0x55c28ade9b30_0, 0, 64;
    %jmp T_5.6;
T_5.4 ;
    %pushi/vec4 0, 0, 32;
    %load/vec4 v0x55c28ade9520_0;
    %concat/vec4; draw_concat_vec4
    %store/vec4 v0x55c28ade9b30_0, 0, 64;
    %jmp T_5.6;
T_5.6 ;
    %pop/vec4 1;
T_5.0 ;
    %jmp T_5;
    .thread T_5, $push;
    .scope S_0x55c28adea8f0;
T_6 ;
    %wait E_0x55c28ad06380;
    %load/vec4 v0x55c28adeeb30_0;
    %nor/r;
    %flag_set/vec4 8;
    %jmp/0xz  T_6.0, 8;
    %pushi/vec4 0, 0, 4;
    %assign/vec4 v0x55c28adef440_0, 0;
    %pushi/vec4 0, 0, 2;
    %assign/vec4 v0x55c28adeda90_0, 0;
    %pushi/vec4 0, 0, 1;
    %assign/vec4 v0x55c28adeefa0_0, 0;
    %pushi/vec4 0, 0, 1;
    %assign/vec4 v0x55c28adef140_0, 0;
    %pushi/vec4 0, 0, 16;
    %assign/vec4 v0x55c28adeee00_0, 0;
    %pushi/vec4 0, 0, 128;
    %assign/vec4 v0x55c28adef060_0, 0;
    %pushi/vec4 0, 0, 1;
    %assign/vec4 v0x55c28aded220_0, 0;
    %pushi/vec4 0, 0, 1;
    %assign/vec4 v0x55c28adeed40_0, 0;
    %pushi/vec4 0, 0, 2;
    %assign/vec4 v0x55c28adeec60_0, 0;
    %pushi/vec4 0, 0, 1;
    %assign/vec4 v0x55c28adee020_0, 0;
    %pushi/vec4 0, 0, 1;
    %assign/vec4 v0x55c28adeea70_0, 0;
    %pushi/vec4 0, 0, 1;
    %assign/vec4 v0x55c28adee9b0_0, 0;
    %pushi/vec4 0, 0, 5;
    %assign/vec4 v0x55c28adee8d0_0, 0;
    %pushi/vec4 0, 0, 5;
    %assign/vec4 v0x55c28adee830_0, 0;
    %pushi/vec4 0, 0, 8;
    %assign/vec4 v0x55c28aded7f0_0, 0;
    %pushi/vec4 0, 0, 8;
    %assign/vec4 v0x55c28aded470_0, 0;
    %pushi/vec4 0, 0, 16;
    %assign/vec4 v0x55c28aded710_0, 0;
    %pushi/vec4 0, 0, 64;
    %assign/vec4 v0x55c28aded550_0, 0;
    %pushi/vec4 0, 0, 16;
    %assign/vec4 v0x55c28aded630_0, 0;
    %pushi/vec4 0, 0, 16;
    %assign/vec4 v0x55c28adedd80_0, 0;
    %pushi/vec4 0, 0, 64;
    %assign/vec4 v0x55c28aded2f0_0, 0;
    %pushi/vec4 0, 0, 3;
    %assign/vec4 v0x55c28aded390_0, 0;
    %pushi/vec4 0, 0, 32;
    %assign/vec4 v0x55c28adede60_0, 0;
    %pushi/vec4 0, 0, 64;
    %assign/vec4 v0x55c28aded8d0_0, 0;
    %pushi/vec4 0, 0, 64;
    %assign/vec4 v0x55c28aded9b0_0, 0;
    %pushi/vec4 0, 0, 32;
    %store/vec4 v0x55c28adedf40_0, 0, 32;
T_6.2 ;
    %load/vec4 v0x55c28adedf40_0;
    %cmpi/s 4, 0, 32;
    %jmp/0xz T_6.3, 5;
    %pushi/vec4 0, 0, 64;
    %ix/getv/s 3, v0x55c28adedf40_0;
    %ix/load 4, 0, 0; Constant delay
    %assign/vec4/a/d v0x55c28adee0e0, 0, 4;
    %pushi/vec4 0, 0, 64;
    %ix/getv/s 3, v0x55c28adedf40_0;
    %ix/load 4, 0, 0; Constant delay
    %assign/vec4/a/d v0x55c28adee1a0, 0, 4;
    %pushi/vec4 0, 0, 64;
    %ix/getv/s 3, v0x55c28adedf40_0;
    %ix/load 4, 0, 0; Constant delay
    %assign/vec4/a/d v0x55c28adee260, 0, 4;
    %pushi/vec4 0, 0, 2;
    %ix/getv/s 3, v0x55c28adedf40_0;
    %ix/load 4, 0, 0; Constant delay
    %assign/vec4/a/d v0x55c28adef520, 0, 4;
    %pushi/vec4 0, 0, 3;
    %ix/getv/s 3, v0x55c28adedf40_0;
    %ix/load 4, 0, 0; Constant delay
    %assign/vec4/a/d v0x55c28aded020, 0, 4;
    %load/vec4 v0x55c28adedf40_0;
    %addi 1, 0, 32;
    %store/vec4 v0x55c28adedf40_0, 0, 32;
    %jmp T_6.2;
T_6.3 ;
    %jmp T_6.1;
T_6.0 ;
    %pushi/vec4 0, 0, 1;
    %assign/vec4 v0x55c28aded220_0, 0;
    %pushi/vec4 0, 0, 1;
    %assign/vec4 v0x55c28adeed40_0, 0;
    %pushi/vec4 0, 0, 1;
    %assign/vec4 v0x55c28adee020_0, 0;
    %pushi/vec4 0, 0, 1;
    %assign/vec4 v0x55c28adeefa0_0, 0;
    %load/vec4 v0x55c28adef440_0;
    %dup/vec4;
    %pushi/vec4 0, 0, 4;
    %cmp/u;
    %jmp/1 T_6.4, 6;
    %dup/vec4;
    %pushi/vec4 1, 0, 4;
    %cmp/u;
    %jmp/1 T_6.5, 6;
    %dup/vec4;
    %pushi/vec4 2, 0, 4;
    %cmp/u;
    %jmp/1 T_6.6, 6;
    %dup/vec4;
    %pushi/vec4 3, 0, 4;
    %cmp/u;
    %jmp/1 T_6.7, 6;
    %dup/vec4;
    %pushi/vec4 4, 0, 4;
    %cmp/u;
    %jmp/1 T_6.8, 6;
    %dup/vec4;
    %pushi/vec4 5, 0, 4;
    %cmp/u;
    %jmp/1 T_6.9, 6;
    %dup/vec4;
    %pushi/vec4 6, 0, 4;
    %cmp/u;
    %jmp/1 T_6.10, 6;
    %dup/vec4;
    %pushi/vec4 7, 0, 4;
    %cmp/u;
    %jmp/1 T_6.11, 6;
    %dup/vec4;
    %pushi/vec4 8, 0, 4;
    %cmp/u;
    %jmp/1 T_6.12, 6;
    %pushi/vec4 0, 0, 4;
    %assign/vec4 v0x55c28adef440_0, 0;
    %jmp T_6.14;
T_6.4 ;
    %load/vec4 v0x55c28adee320_0;
    %flag_set/vec4 8;
    %jmp/0xz  T_6.15, 8;
    %load/vec4 v0x55c28adee4c0_0;
    %assign/vec4 v0x55c28adeda90_0, 0;
    %load/vec4 v0x55c28adee3e0_0;
    %cmpi/e 0, 0, 5;
    %jmp/0xz  T_6.17, 4;
    %load/vec4 v0x55c28adee690_0;
    %load/vec4 v0x55c28adee4c0_0;
    %pad/u 4;
    %ix/vec4 3;
    %ix/load 4, 0, 0; Constant delay
    %assign/vec4/a/d v0x55c28adee0e0, 0, 4;
    %pushi/vec4 1, 0, 2;
    %load/vec4 v0x55c28adee4c0_0;
    %pad/u 4;
    %ix/vec4 3;
    %ix/load 4, 0, 0; Constant delay
    %assign/vec4/a/d v0x55c28adef520, 0, 4;
    %pushi/vec4 1, 0, 4;
    %assign/vec4 v0x55c28adef440_0, 0;
T_6.17 ;
T_6.15 ;
    %jmp T_6.14;
T_6.5 ;
    %load/vec4 v0x55c28adee320_0;
    %load/vec4 v0x55c28adee4c0_0;
    %load/vec4 v0x55c28adeda90_0;
    %cmp/e;
    %flag_get/vec4 4;
    %and;
    %load/vec4 v0x55c28adee3e0_0;
    %pushi/vec4 8, 0, 5;
    %cmp/e;
    %flag_get/vec4 4;
    %and;
    %flag_set/vec4 8;
    %jmp/0xz  T_6.19, 8;
    %load/vec4 v0x55c28adee690_0;
    %load/vec4 v0x55c28adeda90_0;
    %pad/u 4;
    %ix/vec4 3;
    %ix/load 4, 0, 0; Constant delay
    %assign/vec4/a/d v0x55c28adee1a0, 0, 4;
    %pushi/vec4 2, 0, 2;
    %load/vec4 v0x55c28adeda90_0;
    %pad/u 4;
    %ix/vec4 3;
    %ix/load 4, 0, 0; Constant delay
    %assign/vec4/a/d v0x55c28adef520, 0, 4;
    %pushi/vec4 2, 0, 4;
    %assign/vec4 v0x55c28adef440_0, 0;
T_6.19 ;
    %jmp T_6.14;
T_6.6 ;
    %load/vec4 v0x55c28adee320_0;
    %load/vec4 v0x55c28adee4c0_0;
    %load/vec4 v0x55c28adeda90_0;
    %cmp/e;
    %flag_get/vec4 4;
    %and;
    %load/vec4 v0x55c28adee3e0_0;
    %pushi/vec4 16, 0, 5;
    %cmp/e;
    %flag_get/vec4 4;
    %and;
    %flag_set/vec4 8;
    %jmp/0xz  T_6.21, 8;
    %load/vec4 v0x55c28adee690_0;
    %load/vec4 v0x55c28adeda90_0;
    %pad/u 4;
    %ix/vec4 3;
    %ix/load 4, 0, 0; Constant delay
    %assign/vec4/a/d v0x55c28adee260, 0, 4;
    %pushi/vec4 0, 0, 2;
    %load/vec4 v0x55c28adeda90_0;
    %pad/u 4;
    %ix/vec4 3;
    %ix/load 4, 0, 0; Constant delay
    %assign/vec4/a/d v0x55c28adef520, 0, 4;
    %pushi/vec4 3, 0, 4;
    %assign/vec4 v0x55c28adef440_0, 0;
T_6.21 ;
    %jmp T_6.14;
T_6.7 ;
    %load/vec4 v0x55c28adeda90_0;
    %pad/u 4;
    %ix/vec4 4;
    %load/vec4a v0x55c28adee0e0, 4;
    %parti/s 8, 0, 2;
    %assign/vec4 v0x55c28aded7f0_0, 0;
    %load/vec4 v0x55c28adeda90_0;
    %pad/u 4;
    %ix/vec4 4;
    %load/vec4a v0x55c28adee0e0, 4;
    %parti/s 8, 8, 5;
    %assign/vec4 v0x55c28aded470_0, 0;
    %load/vec4 v0x55c28adeda90_0;
    %pad/u 4;
    %ix/vec4 4;
    %load/vec4a v0x55c28adee0e0, 4;
    %parti/s 16, 16, 6;
    %assign/vec4 v0x55c28aded710_0, 0;
    %load/vec4 v0x55c28adeda90_0;
    %pad/u 4;
    %ix/vec4 4;
    %load/vec4a v0x55c28adee1a0, 4;
    %parti/s 32, 0, 2;
    %load/vec4 v0x55c28adeda90_0;
    %pad/u 4;
    %ix/vec4 4;
    %load/vec4a v0x55c28adee0e0, 4;
    %parti/s 32, 32, 7;
    %concat/vec4; draw_concat_vec4
    %assign/vec4 v0x55c28aded550_0, 0;
    %load/vec4 v0x55c28adeda90_0;
    %pad/u 4;
    %ix/vec4 4;
    %load/vec4a v0x55c28adee1a0, 4;
    %parti/s 16, 32, 7;
    %assign/vec4 v0x55c28aded630_0, 0;
    %load/vec4 v0x55c28adeda90_0;
    %pad/u 4;
    %ix/vec4 4;
    %load/vec4a v0x55c28adee1a0, 4;
    %parti/s 16, 48, 7;
    %assign/vec4 v0x55c28adedd80_0, 0;
    %load/vec4 v0x55c28adeda90_0;
    %pad/u 4;
    %ix/vec4 4;
    %load/vec4a v0x55c28adee260, 4;
    %assign/vec4 v0x55c28aded2f0_0, 0;
    %load/vec4 v0x55c28adeda90_0;
    %pad/u 4;
    %ix/vec4 4;
    %load/vec4a v0x55c28aded020, 4;
    %assign/vec4 v0x55c28aded390_0, 0;
    %load/vec4 v0x55c28adeda90_0;
    %pad/u 4;
    %ix/vec4 4;
    %load/vec4a v0x55c28aded020, 4;
    %pad/u 32;
    %cmpi/e 4294967295, 0, 32;
    %flag_mov 8, 4;
    %jmp/0 T_6.23, 8;
    %pushi/vec4 0, 0, 3;
    %jmp/1 T_6.24, 8;
T_6.23 ; End of true expr.
    %load/vec4 v0x55c28adeda90_0;
    %pad/u 4;
    %ix/vec4 4;
    %load/vec4a v0x55c28aded020, 4;
    %addi 1, 0, 3;
    %jmp/0 T_6.24, 8;
 ; End of false expr.
    %blend;
T_6.24;
    %load/vec4 v0x55c28adeda90_0;
    %pad/u 4;
    %ix/vec4 3;
    %ix/load 4, 0, 0; Constant delay
    %assign/vec4/a/d v0x55c28aded020, 0, 4;
    %load/vec4 v0x55c28aded180_0;
    %flag_set/vec4 8;
    %jmp/0xz  T_6.25, 8;
    %pushi/vec4 4, 0, 4;
    %assign/vec4 v0x55c28adef440_0, 0;
T_6.25 ;
    %jmp T_6.14;
T_6.8 ;
    %pushi/vec4 0, 0, 16;
    %load/vec4 v0x55c28aded630_0;
    %concat/vec4; draw_concat_vec4
    %addi 1, 0, 32;
    %muli 4096, 0, 32;
    %assign/vec4 v0x55c28adede60_0, 0;
    %load/vec4 v0x55c28aded2f0_0;
    %assign/vec4 v0x55c28aded8d0_0, 0;
    %pushi/vec4 5, 0, 4;
    %assign/vec4 v0x55c28adef440_0, 0;
    %pushi/vec4 1, 0, 1;
    %assign/vec4 v0x55c28adeea70_0, 0;
    %pushi/vec4 0, 0, 1;
    %assign/vec4 v0x55c28adee9b0_0, 0;
    %pushi/vec4 0, 0, 16;
    %load/vec4 v0x55c28aded630_0;
    %concat/vec4; draw_concat_vec4
    %addi 1, 0, 32;
    %muli 4096, 0, 32;
    %cmpi/u 4096, 0, 32;
    %flag_or 5, 4;
    %jmp/0xz  T_6.27, 5;
    %pushi/vec4 5, 0, 4;
    %assign/vec4 v0x55c28adef440_0, 0;
    %pushi/vec4 1, 0, 1;
    %assign/vec4 v0x55c28adeea70_0, 0;
    %jmp T_6.28;
T_6.27 ;
    %pushi/vec4 0, 0, 16;
    %load/vec4 v0x55c28aded630_0;
    %concat/vec4; draw_concat_vec4
    %addi 1, 0, 32;
    %muli 4096, 0, 32;
    %cmpi/u 8192, 0, 32;
    %flag_or 5, 4;
    %jmp/0xz  T_6.29, 5;
    %pushi/vec4 6, 0, 4;
    %assign/vec4 v0x55c28adef440_0, 0;
    %pushi/vec4 1, 0, 1;
    %assign/vec4 v0x55c28adeea70_0, 0;
    %jmp T_6.30;
T_6.29 ;
    %pushi/vec4 7, 0, 4;
    %assign/vec4 v0x55c28adef440_0, 0;
    %pushi/vec4 0, 0, 16;
    %load/vec4 v0x55c28aded630_0;
    %concat/vec4; draw_concat_vec4
    %addi 1, 0, 32;
    %muli 4096, 0, 32;
    %subi 4096, 0, 32;
    %pushi/vec4 4096, 0, 32;
    %div;
    %pad/u 5;
    %assign/vec4 v0x55c28adee830_0, 0;
    %pushi/vec4 0, 0, 5;
    %assign/vec4 v0x55c28adee8d0_0, 0;
    %pushi/vec4 0, 0, 1;
    %assign/vec4 v0x55c28adeea70_0, 0;
    %pushi/vec4 1, 0, 1;
    %assign/vec4 v0x55c28adee9b0_0, 0;
T_6.30 ;
T_6.28 ;
    %jmp T_6.14;
T_6.9 ;
    %pushi/vec4 0, 0, 64;
    %assign/vec4 v0x55c28aded9b0_0, 0;
    %pushi/vec4 8, 0, 4;
    %assign/vec4 v0x55c28adef440_0, 0;
    %jmp T_6.14;
T_6.10 ;
    %load/vec4 v0x55c28aded2f0_0;
    %addi 4096, 0, 64;
    %assign/vec4 v0x55c28aded9b0_0, 0;
    %pushi/vec4 8, 0, 4;
    %assign/vec4 v0x55c28adef440_0, 0;
    %jmp T_6.14;
T_6.11 ;
    %pushi/vec4 1, 0, 1;
    %assign/vec4 v0x55c28adeefa0_0, 0;
    %pushi/vec4 1, 0, 1;
    %assign/vec4 v0x55c28adef140_0, 0;
    %pushi/vec4 160, 0, 16;
    %pushi/vec4 0, 0, 6;
    %load/vec4 v0x55c28adeda90_0;
    %concat/vec4; draw_concat_vec4
    %load/vec4 v0x55c28aded390_0;
    %concat/vec4; draw_concat_vec4
    %load/vec4 v0x55c28adee8d0_0;
    %concat/vec4; draw_concat_vec4
    %add;
    %assign/vec4 v0x55c28adeee00_0, 0;
    %pushi/vec4 0, 0, 64;
    %load/vec4 v0x55c28aded2f0_0;
    %pushi/vec4 0, 0, 32;
    %load/vec4 v0x55c28adee8d0_0;
    %concat/vec4; draw_concat_vec4
    %pad/u 64;
    %addi 1, 0, 64;
    %muli 4096, 0, 64;
    %add;
    %concat/vec4; draw_concat_vec4
    %assign/vec4 v0x55c28adef060_0, 0;
    %load/vec4 v0x55c28adeeee0_0;
    %flag_set/vec4 8;
    %jmp/0xz  T_6.31, 8;
    %load/vec4 v0x55c28adee8d0_0;
    %pad/u 32;
    %load/vec4 v0x55c28adee830_0;
    %pad/u 32;
    %subi 1, 0, 32;
    %cmp/e;
    %jmp/0xz  T_6.33, 4;
    %pushi/vec4 160, 0, 64;
    %pushi/vec4 0, 0, 6;
    %load/vec4 v0x55c28adeda90_0;
    %concat/vec4; draw_concat_vec4
    %load/vec4 v0x55c28aded390_0;
    %concat/vec4; draw_concat_vec4
    %concati/vec4 0, 0, 5;
    %pad/u 64;
    %add;
    %assign/vec4 v0x55c28aded9b0_0, 0;
    %pushi/vec4 8, 0, 4;
    %assign/vec4 v0x55c28adef440_0, 0;
    %jmp T_6.34;
T_6.33 ;
    %load/vec4 v0x55c28adee8d0_0;
    %addi 1, 0, 5;
    %assign/vec4 v0x55c28adee8d0_0, 0;
T_6.34 ;
T_6.31 ;
    %jmp T_6.14;
T_6.12 ;
    %pushi/vec4 1, 0, 1;
    %assign/vec4 v0x55c28adeefa0_0, 0;
    %pushi/vec4 1, 0, 1;
    %assign/vec4 v0x55c28adef140_0, 0;
    %pushi/vec4 0, 0, 9;
    %load/vec4 v0x55c28adeda90_0;
    %concat/vec4; draw_concat_vec4
    %load/vec4 v0x55c28aded390_0;
    %concat/vec4; draw_concat_vec4
    %concati/vec4 0, 0, 2;
    %assign/vec4 v0x55c28adeee00_0, 0;
    %load/vec4 v0x55c28aded9b0_0;
    %load/vec4 v0x55c28aded8d0_0;
    %concat/vec4; draw_concat_vec4
    %assign/vec4 v0x55c28adef060_0, 0;
    %load/vec4 v0x55c28adeeee0_0;
    %flag_set/vec4 8;
    %jmp/0xz  T_6.35, 8;
    %pushi/vec4 1, 0, 1;
    %assign/vec4 v0x55c28aded220_0, 0;
    %pushi/vec4 1, 0, 1;
    %assign/vec4 v0x55c28adeed40_0, 0;
    %load/vec4 v0x55c28adeda90_0;
    %assign/vec4 v0x55c28adeec60_0, 0;
    %pushi/vec4 1, 0, 1;
    %assign/vec4 v0x55c28adee020_0, 0;
    %pushi/vec4 0, 0, 4;
    %assign/vec4 v0x55c28adef440_0, 0;
T_6.35 ;
    %jmp T_6.14;
T_6.14 ;
    %pop/vec4 1;
T_6.1 ;
    %jmp T_6;
    .thread T_6;
    .scope S_0x55c28acb2550;
T_7 ;
    %wait E_0x55c28ad067e0;
    %pushi/vec4 0, 0, 32;
    %store/vec4 v0x55c28ade4f30_0, 0, 32;
    %pushi/vec4 0, 0, 32;
    %store/vec4 v0x55c28ade4d70_0, 0, 32;
T_7.0 ;
    %load/vec4 v0x55c28ade4d70_0;
    %cmpi/s 4, 0, 32;
    %jmp/0xz T_7.1, 5;
    %load/vec4 v0x55c28ade4f30_0;
    %pushi/vec4 0, 0, 29;
    %ix/getv/s 4, v0x55c28ade4d70_0;
    %load/vec4a v0x55c28ada5b00, 4;
    %concat/vec4; draw_concat_vec4
    %add;
    %store/vec4 v0x55c28ade4f30_0, 0, 32;
    %load/vec4 v0x55c28ade4d70_0;
    %addi 1, 0, 32;
    %store/vec4 v0x55c28ade4d70_0, 0, 32;
    %jmp T_7.0;
T_7.1 ;
    %jmp T_7;
    .thread T_7, $push;
    .scope S_0x55c28acb2550;
T_8 ;
    %wait E_0x55c28ad06380;
    %load/vec4 v0x55c28ade50f0_0;
    %nor/r;
    %flag_set/vec4 8;
    %jmp/0xz  T_8.0, 8;
    %pushi/vec4 0, 0, 32;
    %store/vec4 v0x55c28ade5010_0, 0, 32;
T_8.2 ;
    %load/vec4 v0x55c28ade5010_0;
    %cmpi/s 4, 0, 32;
    %jmp/0xz T_8.3, 5;
    %pushi/vec4 0, 0, 5;
    %ix/getv/s 3, v0x55c28ade5010_0;
    %ix/load 4, 0, 0; Constant delay
    %assign/vec4/a/d v0x55c28ade58f0, 0, 4;
    %pushi/vec4 0, 0, 1;
    %ix/getv/s 3, v0x55c28ade5010_0;
    %ix/load 4, 0, 0; Constant delay
    %assign/vec4/a/d v0x55c28ade59b0, 0, 4;
    %load/vec4 v0x55c28ade5010_0;
    %addi 1, 0, 32;
    %store/vec4 v0x55c28ade5010_0, 0, 32;
    %jmp T_8.2;
T_8.3 ;
    %jmp T_8.1;
T_8.0 ;
    %pushi/vec4 0, 0, 32;
    %store/vec4 v0x55c28ade5010_0, 0, 32;
T_8.4 ;
    %load/vec4 v0x55c28ade5010_0;
    %cmpi/s 4, 0, 32;
    %jmp/0xz T_8.5, 5;
    %load/vec4 v0x55c28ade5810_0;
    %pushi/vec4 4, 0, 3;
    %cmp/e;
    %flag_get/vec4 4;
    %load/vec4 v0x55c28ade4850_0;
    %load/vec4 v0x55c28ade5010_0;
    %parti/s 2, 0, 2;
    %cmp/e;
    %flag_get/vec4 4;
    %and;
    %flag_set/vec4 8;
    %jmp/0xz  T_8.6, 8;
    %pushi/vec4 0, 0, 5;
    %ix/getv/s 3, v0x55c28ade5010_0;
    %ix/load 4, 0, 0; Constant delay
    %assign/vec4/a/d v0x55c28ade58f0, 0, 4;
    %pushi/vec4 0, 0, 1;
    %ix/getv/s 3, v0x55c28ade5010_0;
    %ix/load 4, 0, 0; Constant delay
    %assign/vec4/a/d v0x55c28ade59b0, 0, 4;
    %jmp T_8.7;
T_8.6 ;
    %load/vec4 v0x55c28ade5810_0;
    %pushi/vec4 1, 0, 3;
    %cmp/e;
    %flag_get/vec4 4;
    %load/vec4 v0x55c28ade5290_0;
    %and;
    %load/vec4 v0x55c28ade4850_0;
    %load/vec4 v0x55c28ade5010_0;
    %parti/s 2, 0, 2;
    %cmp/e;
    %flag_get/vec4 4;
    %and;
    %ix/getv/s 4, v0x55c28ade5010_0;
    %load/vec4a v0x55c28ada5b00, 4;
    %pad/u 32;
    %pushi/vec4 0, 0, 32;
    %cmp/e;
    %flag_get/vec4 4;
    %and;
    %flag_set/vec4 8;
    %jmp/0xz  T_8.8, 8;
    %pushi/vec4 30, 0, 5;
    %ix/getv/s 3, v0x55c28ade5010_0;
    %ix/load 4, 0, 0; Constant delay
    %assign/vec4/a/d v0x55c28ade58f0, 0, 4;
    %pushi/vec4 1, 0, 1;
    %ix/getv/s 3, v0x55c28ade5010_0;
    %ix/load 4, 0, 0; Constant delay
    %assign/vec4/a/d v0x55c28ade59b0, 0, 4;
    %jmp T_8.9;
T_8.8 ;
    %ix/getv/s 4, v0x55c28ade5010_0;
    %load/vec4a v0x55c28ade59b0, 4;
    %pushi/vec4 0, 0, 32;
    %ix/getv/s 4, v0x55c28ade5010_0;
    %load/vec4a v0x55c28ade58f0, 4;
    %pad/u 32;
    %cmp/u;
    %flag_get/vec4 5;
    %and;
    %flag_set/vec4 8;
    %jmp/0xz  T_8.10, 8;
    %ix/getv/s 4, v0x55c28ade5010_0;
    %load/vec4a v0x55c28ade58f0, 4;
    %subi 1, 0, 5;
    %ix/getv/s 3, v0x55c28ade5010_0;
    %ix/load 4, 0, 0; Constant delay
    %assign/vec4/a/d v0x55c28ade58f0, 0, 4;
T_8.10 ;
T_8.9 ;
T_8.7 ;
    %load/vec4 v0x55c28ade5010_0;
    %addi 1, 0, 32;
    %store/vec4 v0x55c28ade5010_0, 0, 32;
    %jmp T_8.4;
T_8.5 ;
T_8.1 ;
    %jmp T_8;
    .thread T_8;
    .scope S_0x55c28acb2550;
T_9 ;
    %wait E_0x55c28ad06380;
    %load/vec4 v0x55c28ade50f0_0;
    %nor/r;
    %flag_set/vec4 8;
    %jmp/0xz  T_9.0, 8;
    %pushi/vec4 0, 0, 3;
    %assign/vec4 v0x55c28ade5810_0, 0;
    %pushi/vec4 0, 0, 2;
    %assign/vec4 v0x55c28ade4850_0, 0;
    %pushi/vec4 0, 0, 128;
    %assign/vec4 v0x55c28ade4770_0, 0;
    %pushi/vec4 0, 0, 3;
    %assign/vec4 v0x55c28ade4bb0_0, 0;
    %pushi/vec4 0, 0, 3;
    %assign/vec4 v0x55c28ade4c90_0, 0;
    %pushi/vec4 0, 0, 1;
    %assign/vec4 v0x55c28ade5430_0, 0;
    %pushi/vec4 0, 0, 1;
    %assign/vec4 v0x55c28ade55d0_0, 0;
    %pushi/vec4 0, 0, 16;
    %assign/vec4 v0x55c28ade51b0_0, 0;
    %pushi/vec4 0, 0, 128;
    %assign/vec4 v0x55c28ade54f0_0, 0;
    %pushi/vec4 0, 0, 1;
    %assign/vec4 v0x55c28ade46b0_0, 0;
    %pushi/vec4 0, 0, 1;
    %assign/vec4 v0x55c28ade4af0_0, 0;
    %pushi/vec4 0, 0, 64;
    %assign/vec4 v0x55c28ade4930_0, 0;
    %pushi/vec4 0, 0, 128;
    %assign/vec4 v0x55c28ade4a10_0, 0;
    %pushi/vec4 0, 0, 32;
    %store/vec4 v0x55c28ade5010_0, 0, 32;
T_9.2 ;
    %load/vec4 v0x55c28ade5010_0;
    %cmpi/s 4, 0, 32;
    %jmp/0xz T_9.3, 5;
    %pushi/vec4 0, 0, 3;
    %ix/getv/s 3, v0x55c28ade5010_0;
    %ix/load 4, 0, 0; Constant delay
    %assign/vec4/a/d v0x55c28ade4370, 0, 4;
    %pushi/vec4 0, 0, 3;
    %ix/getv/s 3, v0x55c28ade5010_0;
    %ix/load 4, 0, 0; Constant delay
    %assign/vec4/a/d v0x55c28ada5b00, 0, 4;
    %load/vec4 v0x55c28ade5010_0;
    %addi 1, 0, 32;
    %store/vec4 v0x55c28ade5010_0, 0, 32;
    %jmp T_9.2;
T_9.3 ;
    %jmp T_9.1;
T_9.0 ;
    %pushi/vec4 0, 0, 1;
    %assign/vec4 v0x55c28ade46b0_0, 0;
    %pushi/vec4 0, 0, 1;
    %assign/vec4 v0x55c28ade4af0_0, 0;
    %pushi/vec4 0, 0, 1;
    %assign/vec4 v0x55c28ade5430_0, 0;
    %load/vec4 v0x55c28ade5810_0;
    %dup/vec4;
    %pushi/vec4 0, 0, 3;
    %cmp/u;
    %jmp/1 T_9.4, 6;
    %dup/vec4;
    %pushi/vec4 1, 0, 3;
    %cmp/u;
    %jmp/1 T_9.5, 6;
    %dup/vec4;
    %pushi/vec4 2, 0, 3;
    %cmp/u;
    %jmp/1 T_9.6, 6;
    %dup/vec4;
    %pushi/vec4 3, 0, 3;
    %cmp/u;
    %jmp/1 T_9.7, 6;
    %dup/vec4;
    %pushi/vec4 4, 0, 3;
    %cmp/u;
    %jmp/1 T_9.8, 6;
    %pushi/vec4 0, 0, 3;
    %assign/vec4 v0x55c28ade5810_0, 0;
    %jmp T_9.10;
T_9.4 ;
    %load/vec4 v0x55c28ade45f0_0;
    %flag_set/vec4 8;
    %jmp/0xz  T_9.11, 8;
    %load/vec4 v0x55c28ade4510_0;
    %assign/vec4 v0x55c28ade4850_0, 0;
    %load/vec4 v0x55c28ade4430_0;
    %assign/vec4 v0x55c28ade4770_0, 0;
    %pushi/vec4 1, 0, 1;
    %assign/vec4 v0x55c28ade5430_0, 0;
    %pushi/vec4 1, 0, 1;
    %assign/vec4 v0x55c28ade55d0_0, 0;
    %pushi/vec4 128, 0, 16;
    %pushi/vec4 0, 0, 11;
    %load/vec4 v0x55c28ade4510_0;
    %concat/vec4; draw_concat_vec4
    %load/vec4 v0x55c28ade4510_0;
    %pad/u 4;
    %ix/vec4 4;
    %load/vec4a v0x55c28ade4370, 4;
    %concat/vec4; draw_concat_vec4
    %add;
    %assign/vec4 v0x55c28ade51b0_0, 0;
    %load/vec4 v0x55c28ade4430_0;
    %assign/vec4 v0x55c28ade54f0_0, 0;
    %pushi/vec4 1, 0, 3;
    %assign/vec4 v0x55c28ade5810_0, 0;
    %jmp T_9.12;
T_9.11 ;
    %pushi/vec4 0, 0, 32;
    %store/vec4 v0x55c28ade5010_0, 0, 32;
T_9.13 ;
    %load/vec4 v0x55c28ade5010_0;
    %cmpi/s 4, 0, 32;
    %jmp/0xz T_9.14, 5;
    %ix/getv/s 4, v0x55c28ade5010_0;
    %load/vec4a v0x55c28ade59b0, 4;
    %ix/getv/s 4, v0x55c28ade5010_0;
    %load/vec4a v0x55c28ade58f0, 4;
    %pad/u 32;
    %pushi/vec4 0, 0, 32;
    %cmp/e;
    %flag_get/vec4 4;
    %and;
    %pushi/vec4 0, 0, 32;
    %ix/getv/s 4, v0x55c28ade5010_0;
    %load/vec4a v0x55c28ada5b00, 4;
    %pad/u 32;
    %cmp/u;
    %flag_get/vec4 5;
    %and;
    %flag_set/vec4 8;
    %jmp/0xz  T_9.15, 8;
    %load/vec4 v0x55c28ade5010_0;
    %parti/s 2, 0, 2;
    %assign/vec4 v0x55c28ade4850_0, 0;
    %ix/getv/s 4, v0x55c28ade5010_0;
    %load/vec4a v0x55c28ada5b00, 4;
    %assign/vec4 v0x55c28ade4bb0_0, 0;
    %pushi/vec4 0, 0, 3;
    %assign/vec4 v0x55c28ade4c90_0, 0;
    %pushi/vec4 3, 0, 3;
    %assign/vec4 v0x55c28ade5810_0, 0;
T_9.15 ;
    %load/vec4 v0x55c28ade5010_0;
    %addi 1, 0, 32;
    %store/vec4 v0x55c28ade5010_0, 0, 32;
    %jmp T_9.13;
T_9.14 ;
T_9.12 ;
    %jmp T_9.10;
T_9.5 ;
    %load/vec4 v0x55c28ade5290_0;
    %flag_set/vec4 8;
    %jmp/0xz  T_9.17, 8;
    %load/vec4 v0x55c28ade4850_0;
    %pad/u 4;
    %ix/vec4 4;
    %load/vec4a v0x55c28ade4370, 4;
    %pad/u 32;
    %cmpi/e 4294967295, 0, 32;
    %flag_mov 8, 4;
    %jmp/0 T_9.19, 8;
    %pushi/vec4 0, 0, 3;
    %jmp/1 T_9.20, 8;
T_9.19 ; End of true expr.
    %load/vec4 v0x55c28ade4850_0;
    %pad/u 4;
    %ix/vec4 4;
    %load/vec4a v0x55c28ade4370, 4;
    %addi 1, 0, 3;
    %jmp/0 T_9.20, 8;
 ; End of false expr.
    %blend;
T_9.20;
    %load/vec4 v0x55c28ade4850_0;
    %pad/u 4;
    %ix/vec4 3;
    %ix/load 4, 0, 0; Constant delay
    %assign/vec4/a/d v0x55c28ade4370, 0, 4;
    %load/vec4 v0x55c28ade4850_0;
    %pad/u 4;
    %ix/vec4 4;
    %load/vec4a v0x55c28ada5b00, 4;
    %addi 1, 0, 3;
    %load/vec4 v0x55c28ade4850_0;
    %pad/u 4;
    %ix/vec4 3;
    %ix/load 4, 0, 0; Constant delay
    %assign/vec4/a/d v0x55c28ada5b00, 0, 4;
    %pushi/vec4 1, 0, 1;
    %assign/vec4 v0x55c28ade46b0_0, 0;
    %pushi/vec4 2, 0, 3;
    %assign/vec4 v0x55c28ade5810_0, 0;
    %jmp T_9.18;
T_9.17 ;
    %pushi/vec4 1, 0, 1;
    %assign/vec4 v0x55c28ade5430_0, 0;
T_9.18 ;
    %jmp T_9.10;
T_9.6 ;
    %load/vec4 v0x55c28ade4850_0;
    %pad/u 4;
    %ix/vec4 4;
    %load/vec4a v0x55c28ada5b00, 4;
    %cmpi/u 4, 0, 3;
    %flag_inv 5; GE is !LT
    %jmp/0xz  T_9.21, 5;
    %load/vec4 v0x55c28ade4850_0;
    %pad/u 4;
    %ix/vec4 4;
    %load/vec4a v0x55c28ada5b00, 4;
    %assign/vec4 v0x55c28ade4bb0_0, 0;
    %pushi/vec4 0, 0, 3;
    %assign/vec4 v0x55c28ade4c90_0, 0;
    %pushi/vec4 3, 0, 3;
    %assign/vec4 v0x55c28ade5810_0, 0;
    %jmp T_9.22;
T_9.21 ;
    %pushi/vec4 0, 0, 3;
    %assign/vec4 v0x55c28ade5810_0, 0;
T_9.22 ;
    %jmp T_9.10;
T_9.7 ;
    %load/vec4 v0x55c28ade4c90_0;
    %load/vec4 v0x55c28ade4bb0_0;
    %cmp/u;
    %jmp/0xz  T_9.23, 5;
    %pushi/vec4 1, 0, 1;
    %assign/vec4 v0x55c28ade5430_0, 0;
    %pushi/vec4 0, 0, 1;
    %assign/vec4 v0x55c28ade55d0_0, 0;
    %pushi/vec4 128, 0, 16;
    %pushi/vec4 0, 0, 11;
    %load/vec4 v0x55c28ade4850_0;
    %concat/vec4; draw_concat_vec4
    %load/vec4 v0x55c28ade4c90_0;
    %concat/vec4; draw_concat_vec4
    %add;
    %assign/vec4 v0x55c28ade51b0_0, 0;
    %load/vec4 v0x55c28ade5290_0;
    %flag_set/vec4 8;
    %jmp/0xz  T_9.25, 8;
    %pushi/vec4 1, 0, 1;
    %assign/vec4 v0x55c28ade4af0_0, 0;
    %load/vec4 v0x55c28ade5350_0;
    %assign/vec4 v0x55c28ade4a10_0, 0;
    %pushi/vec4 0, 0, 48;
    %load/vec4 v0x55c28ade4850_0;
    %concat/vec4; draw_concat_vec4
    %load/vec4 v0x55c28ade4c90_0;
    %concat/vec4; draw_concat_vec4
    %concati/vec4 0, 0, 4;
    %pad/u 64;
    %assign/vec4 v0x55c28ade4930_0, 0;
    %load/vec4 v0x55c28ade4c90_0;
    %addi 1, 0, 3;
    %assign/vec4 v0x55c28ade4c90_0, 0;
T_9.25 ;
    %jmp T_9.24;
T_9.23 ;
    %pushi/vec4 4, 0, 3;
    %assign/vec4 v0x55c28ade5810_0, 0;
T_9.24 ;
    %jmp T_9.10;
T_9.8 ;
    %pushi/vec4 0, 0, 3;
    %load/vec4 v0x55c28ade4850_0;
    %pad/u 4;
    %ix/vec4 3;
    %ix/load 4, 0, 0; Constant delay
    %assign/vec4/a/d v0x55c28ada5b00, 0, 4;
    %pushi/vec4 0, 0, 3;
    %assign/vec4 v0x55c28ade5810_0, 0;
    %jmp T_9.10;
T_9.10 ;
    %pop/vec4 1;
T_9.1 ;
    %jmp T_9;
    .thread T_9;
    .scope S_0x55c28acb23c0;
T_10 ;
    %wait E_0x55c28ad06380;
    %load/vec4 v0x55c28ade7f20_0;
    %nor/r;
    %flag_set/vec4 8;
    %jmp/0xz  T_10.0, 8;
    %pushi/vec4 0, 0, 32;
    %store/vec4 v0x55c28ade7ce0_0, 0, 32;
T_10.2 ;
    %load/vec4 v0x55c28ade7ce0_0;
    %cmpi/s 4, 0, 32;
    %jmp/0xz T_10.3, 5;
    %pushi/vec4 0, 0, 5;
    %ix/getv/s 3, v0x55c28ade7ce0_0;
    %ix/load 4, 0, 0; Constant delay
    %assign/vec4/a/d v0x55c28ade8220, 0, 4;
    %pushi/vec4 0, 0, 1;
    %ix/getv/s 3, v0x55c28ade7ce0_0;
    %ix/load 4, 0, 0; Constant delay
    %assign/vec4/a/d v0x55c28ade82e0, 0, 4;
    %load/vec4 v0x55c28ade7ce0_0;
    %addi 1, 0, 32;
    %store/vec4 v0x55c28ade7ce0_0, 0, 32;
    %jmp T_10.2;
T_10.3 ;
    %jmp T_10.1;
T_10.0 ;
    %pushi/vec4 0, 0, 32;
    %store/vec4 v0x55c28ade7ce0_0, 0, 32;
T_10.4 ;
    %load/vec4 v0x55c28ade7ce0_0;
    %cmpi/s 4, 0, 32;
    %jmp/0xz T_10.5, 5;
    %load/vec4 v0x55c28ade8140_0;
    %pushi/vec4 3, 0, 2;
    %cmp/e;
    %flag_get/vec4 4;
    %load/vec4 v0x55c28ade7490_0;
    %load/vec4 v0x55c28ade7ce0_0;
    %parti/s 2, 0, 2;
    %cmp/e;
    %flag_get/vec4 4;
    %and;
    %flag_set/vec4 8;
    %jmp/0xz  T_10.6, 8;
    %pushi/vec4 0, 0, 5;
    %ix/getv/s 3, v0x55c28ade7ce0_0;
    %ix/load 4, 0, 0; Constant delay
    %assign/vec4/a/d v0x55c28ade8220, 0, 4;
    %pushi/vec4 0, 0, 1;
    %ix/getv/s 3, v0x55c28ade7ce0_0;
    %ix/load 4, 0, 0; Constant delay
    %assign/vec4/a/d v0x55c28ade82e0, 0, 4;
    %jmp T_10.7;
T_10.6 ;
    %load/vec4 v0x55c28ade8140_0;
    %pushi/vec4 1, 0, 2;
    %cmp/e;
    %flag_get/vec4 4;
    %load/vec4 v0x55c28ade7490_0;
    %load/vec4 v0x55c28ade7ce0_0;
    %parti/s 2, 0, 2;
    %cmp/e;
    %flag_get/vec4 4;
    %and;
    %flag_set/vec4 8;
    %jmp/0xz  T_10.8, 8;
    %pushi/vec4 20, 0, 5;
    %ix/getv/s 3, v0x55c28ade7ce0_0;
    %ix/load 4, 0, 0; Constant delay
    %assign/vec4/a/d v0x55c28ade8220, 0, 4;
    %pushi/vec4 1, 0, 1;
    %ix/getv/s 3, v0x55c28ade7ce0_0;
    %ix/load 4, 0, 0; Constant delay
    %assign/vec4/a/d v0x55c28ade82e0, 0, 4;
    %jmp T_10.9;
T_10.8 ;
    %ix/getv/s 4, v0x55c28ade7ce0_0;
    %load/vec4a v0x55c28ade82e0, 4;
    %pushi/vec4 0, 0, 32;
    %ix/getv/s 4, v0x55c28ade7ce0_0;
    %load/vec4a v0x55c28ade8220, 4;
    %pad/u 32;
    %cmp/u;
    %flag_get/vec4 5;
    %and;
    %flag_set/vec4 8;
    %jmp/0xz  T_10.10, 8;
    %ix/getv/s 4, v0x55c28ade7ce0_0;
    %load/vec4a v0x55c28ade8220, 4;
    %subi 1, 0, 5;
    %ix/getv/s 3, v0x55c28ade7ce0_0;
    %ix/load 4, 0, 0; Constant delay
    %assign/vec4/a/d v0x55c28ade8220, 0, 4;
T_10.10 ;
T_10.9 ;
T_10.7 ;
    %load/vec4 v0x55c28ade7ce0_0;
    %addi 1, 0, 32;
    %store/vec4 v0x55c28ade7ce0_0, 0, 32;
    %jmp T_10.4;
T_10.5 ;
T_10.1 ;
    %jmp T_10;
    .thread T_10;
    .scope S_0x55c28acb23c0;
T_11 ;
    %wait E_0x55c28ad06380;
    %load/vec4 v0x55c28ade7f20_0;
    %nor/r;
    %flag_set/vec4 8;
    %jmp/0xz  T_11.0, 8;
    %pushi/vec4 0, 0, 2;
    %assign/vec4 v0x55c28ade8140_0, 0;
    %pushi/vec4 0, 0, 2;
    %assign/vec4 v0x55c28ade7490_0, 0;
    %pushi/vec4 0, 0, 1;
    %assign/vec4 v0x55c28ade7c20_0, 0;
    %pushi/vec4 0, 0, 2;
    %assign/vec4 v0x55c28ade7a60_0, 0;
    %pushi/vec4 0, 0, 16;
    %assign/vec4 v0x55c28ade7b40_0, 0;
    %pushi/vec4 0, 0, 1;
    %assign/vec4 v0x55c28ade79a0_0, 0;
    %pushi/vec4 0, 0, 32;
    %store/vec4 v0x55c28ade7ce0_0, 0, 32;
T_11.2 ;
    %load/vec4 v0x55c28ade7ce0_0;
    %cmpi/s 4, 0, 32;
    %jmp/0xz T_11.3, 5;
    %pushi/vec4 0, 0, 16;
    %ix/getv/s 3, v0x55c28ade7ce0_0;
    %ix/load 4, 0, 0; Constant delay
    %assign/vec4/a/d v0x55c28ade7e60, 0, 4;
    %pushi/vec4 0, 0, 1;
    %ix/getv/s 3, v0x55c28ade7ce0_0;
    %ix/load 4, 0, 0; Constant delay
    %assign/vec4/a/d v0x55c28ade7dc0, 0, 4;
    %pushi/vec4 0, 0, 3;
    %ix/getv/s 3, v0x55c28ade7ce0_0;
    %ix/load 4, 0, 0; Constant delay
    %assign/vec4/a/d v0x55c28ade7550, 0, 4;
    %load/vec4 v0x55c28ade7ce0_0;
    %addi 1, 0, 32;
    %store/vec4 v0x55c28ade7ce0_0, 0, 32;
    %jmp T_11.2;
T_11.3 ;
    %jmp T_11.1;
T_11.0 ;
    %pushi/vec4 0, 0, 1;
    %assign/vec4 v0x55c28ade7c20_0, 0;
    %load/vec4 v0x55c28ade8140_0;
    %dup/vec4;
    %pushi/vec4 0, 0, 2;
    %cmp/u;
    %jmp/1 T_11.4, 6;
    %dup/vec4;
    %pushi/vec4 2, 0, 2;
    %cmp/u;
    %jmp/1 T_11.5, 6;
    %dup/vec4;
    %pushi/vec4 3, 0, 2;
    %cmp/u;
    %jmp/1 T_11.6, 6;
    %pushi/vec4 0, 0, 2;
    %assign/vec4 v0x55c28ade8140_0, 0;
    %jmp T_11.8;
T_11.4 ;
    %load/vec4 v0x55c28ade78e0_0;
    %flag_set/vec4 8;
    %jmp/0xz  T_11.9, 8;
    %load/vec4 v0x55c28ade7720_0;
    %assign/vec4 v0x55c28ade7490_0, 0;
    %load/vec4 v0x55c28ade7800_0;
    %load/vec4 v0x55c28ade7720_0;
    %pad/u 4;
    %ix/vec4 3;
    %ix/load 4, 0, 0; Constant delay
    %assign/vec4/a/d v0x55c28ade7e60, 0, 4;
    %load/vec4 v0x55c28ade7660_0;
    %load/vec4 v0x55c28ade7720_0;
    %pad/u 4;
    %ix/vec4 3;
    %ix/load 4, 0, 0; Constant delay
    %assign/vec4/a/d v0x55c28ade7dc0, 0, 4;
    %load/vec4 v0x55c28ade7720_0;
    %pad/u 4;
    %ix/vec4 4;
    %load/vec4a v0x55c28ade7550, 4;
    %addi 1, 0, 3;
    %load/vec4 v0x55c28ade7720_0;
    %pad/u 4;
    %ix/vec4 3;
    %ix/load 4, 0, 0; Constant delay
    %assign/vec4/a/d v0x55c28ade7550, 0, 4;
    %pushi/vec4 2, 0, 2;
    %assign/vec4 v0x55c28ade8140_0, 0;
    %jmp T_11.10;
T_11.9 ;
    %pushi/vec4 0, 0, 32;
    %store/vec4 v0x55c28ade7ce0_0, 0, 32;
T_11.11 ;
    %load/vec4 v0x55c28ade7ce0_0;
    %cmpi/s 4, 0, 32;
    %jmp/0xz T_11.12, 5;
    %ix/getv/s 4, v0x55c28ade7ce0_0;
    %load/vec4a v0x55c28ade82e0, 4;
    %ix/getv/s 4, v0x55c28ade7ce0_0;
    %load/vec4a v0x55c28ade8220, 4;
    %pad/u 32;
    %pushi/vec4 0, 0, 32;
    %cmp/e;
    %flag_get/vec4 4;
    %and;
    %pushi/vec4 0, 0, 32;
    %ix/getv/s 4, v0x55c28ade7ce0_0;
    %load/vec4a v0x55c28ade7550, 4;
    %pad/u 32;
    %cmp/u;
    %flag_get/vec4 5;
    %and;
    %flag_set/vec4 8;
    %jmp/0xz  T_11.13, 8;
    %load/vec4 v0x55c28ade7ce0_0;
    %parti/s 2, 0, 2;
    %assign/vec4 v0x55c28ade7490_0, 0;
    %pushi/vec4 3, 0, 2;
    %assign/vec4 v0x55c28ade8140_0, 0;
T_11.13 ;
    %load/vec4 v0x55c28ade7ce0_0;
    %addi 1, 0, 32;
    %store/vec4 v0x55c28ade7ce0_0, 0, 32;
    %jmp T_11.11;
T_11.12 ;
T_11.10 ;
    %jmp T_11.8;
T_11.5 ;
    %load/vec4 v0x55c28ade7490_0;
    %pad/u 4;
    %ix/vec4 4;
    %load/vec4a v0x55c28ade7550, 4;
    %cmpi/u 4, 0, 3;
    %flag_inv 5; GE is !LT
    %jmp/0xz  T_11.15, 5;
    %pushi/vec4 3, 0, 2;
    %assign/vec4 v0x55c28ade8140_0, 0;
    %jmp T_11.16;
T_11.15 ;
    %load/vec4 v0x55c28ade7490_0;
    %pad/u 4;
    %ix/vec4 4;
    %load/vec4a v0x55c28ade82e0, 4;
    %load/vec4 v0x55c28ade7490_0;
    %pad/u 4;
    %ix/vec4 4;
    %load/vec4a v0x55c28ade8220, 4;
    %pad/u 32;
    %pushi/vec4 0, 0, 32;
    %cmp/e;
    %flag_get/vec4 4;
    %and;
    %flag_set/vec4 8;
    %jmp/0xz  T_11.17, 8;
    %pushi/vec4 3, 0, 2;
    %assign/vec4 v0x55c28ade8140_0, 0;
    %jmp T_11.18;
T_11.17 ;
    %pushi/vec4 0, 0, 2;
    %assign/vec4 v0x55c28ade8140_0, 0;
T_11.18 ;
T_11.16 ;
    %jmp T_11.8;
T_11.6 ;
    %pushi/vec4 1, 0, 1;
    %assign/vec4 v0x55c28ade7c20_0, 0;
    %load/vec4 v0x55c28ade7490_0;
    %assign/vec4 v0x55c28ade7a60_0, 0;
    %load/vec4 v0x55c28ade7490_0;
    %pad/u 4;
    %ix/vec4 4;
    %load/vec4a v0x55c28ade7e60, 4;
    %assign/vec4 v0x55c28ade7b40_0, 0;
    %load/vec4 v0x55c28ade7490_0;
    %pad/u 4;
    %ix/vec4 4;
    %load/vec4a v0x55c28ade7dc0, 4;
    %assign/vec4 v0x55c28ade79a0_0, 0;
    %pushi/vec4 0, 0, 3;
    %load/vec4 v0x55c28ade7490_0;
    %pad/u 4;
    %ix/vec4 3;
    %ix/load 4, 0, 0; Constant delay
    %assign/vec4/a/d v0x55c28ade7550, 0, 4;
    %pushi/vec4 0, 0, 2;
    %assign/vec4 v0x55c28ade8140_0, 0;
    %jmp T_11.8;
T_11.8 ;
    %pop/vec4 1;
T_11.1 ;
    %jmp T_11;
    .thread T_11;
    .scope S_0x55c28adeb580;
T_12 ;
    %wait E_0x55c28add2640;
    %pushi/vec4 0, 0, 1;
    %store/vec4 v0x55c28adf10d0_0, 0, 1;
    %pushi/vec4 0, 0, 1;
    %store/vec4 v0x55c28adf1270_0, 0, 1;
    %pushi/vec4 0, 0, 16;
    %store/vec4 v0x55c28adf0f10_0, 0, 16;
    %pushi/vec4 0, 0, 128;
    %store/vec4 v0x55c28adf1190_0, 0, 128;
    %pushi/vec4 0, 0, 2;
    %store/vec4 v0x55c28adf0ff0_0, 0, 2;
    %pushi/vec4 0, 0, 1;
    %store/vec4 v0x55c28adf0090_0, 0, 1;
    %pushi/vec4 0, 0, 1;
    %store/vec4 v0x55c28adf0510_0, 0, 1;
    %pushi/vec4 0, 0, 1;
    %store/vec4 v0x55c28adf09c0_0, 0, 1;
    %load/vec4 v0x55c28adefdd0_0;
    %cmpi/e 0, 0, 2;
    %jmp/0xz  T_12.0, 4;
    %load/vec4 v0x55c28adf06b0_0;
    %flag_set/vec4 8;
    %jmp/0xz  T_12.2, 8;
    %pushi/vec4 1, 0, 1;
    %store/vec4 v0x55c28adf10d0_0, 0, 1;
    %pushi/vec4 1, 0, 2;
    %store/vec4 v0x55c28adf0ff0_0, 0, 2;
    %load/vec4 v0x55c28adf0850_0;
    %store/vec4 v0x55c28adf1270_0, 0, 1;
    %load/vec4 v0x55c28adf0440_0;
    %store/vec4 v0x55c28adf0f10_0, 0, 16;
    %load/vec4 v0x55c28adf0780_0;
    %store/vec4 v0x55c28adf1190_0, 0, 128;
    %pushi/vec4 1, 0, 1;
    %store/vec4 v0x55c28adf0510_0, 0, 1;
    %jmp T_12.3;
T_12.2 ;
    %load/vec4 v0x55c28adf0c10_0;
    %flag_set/vec4 8;
    %jmp/0xz  T_12.4, 8;
    %pushi/vec4 1, 0, 1;
    %store/vec4 v0x55c28adf10d0_0, 0, 1;
    %pushi/vec4 2, 0, 2;
    %store/vec4 v0x55c28adf0ff0_0, 0, 2;
    %load/vec4 v0x55c28adf0db0_0;
    %store/vec4 v0x55c28adf1270_0, 0, 1;
    %load/vec4 v0x55c28adf0920_0;
    %store/vec4 v0x55c28adf0f10_0, 0, 16;
    %load/vec4 v0x55c28adf0cd0_0;
    %store/vec4 v0x55c28adf1190_0, 0, 128;
    %pushi/vec4 1, 0, 1;
    %store/vec4 v0x55c28adf09c0_0, 0, 1;
    %jmp T_12.5;
T_12.4 ;
    %load/vec4 v0x55c28adf01d0_0;
    %flag_set/vec4 8;
    %jmp/0xz  T_12.6, 8;
    %pushi/vec4 1, 0, 1;
    %store/vec4 v0x55c28adf10d0_0, 0, 1;
    %pushi/vec4 0, 0, 2;
    %store/vec4 v0x55c28adf0ff0_0, 0, 2;
    %load/vec4 v0x55c28adf0370_0;
    %store/vec4 v0x55c28adf1270_0, 0, 1;
    %load/vec4 v0x55c28adeffa0_0;
    %store/vec4 v0x55c28adf0f10_0, 0, 16;
    %load/vec4 v0x55c28adf02a0_0;
    %store/vec4 v0x55c28adf1190_0, 0, 128;
    %pushi/vec4 1, 0, 1;
    %store/vec4 v0x55c28adf0090_0, 0, 1;
T_12.6 ;
T_12.5 ;
T_12.3 ;
    %jmp T_12.1;
T_12.0 ;
    %load/vec4 v0x55c28adefdd0_0;
    %cmpi/e 1, 0, 2;
    %jmp/0xz  T_12.8, 4;
    %load/vec4 v0x55c28adf0c10_0;
    %flag_set/vec4 8;
    %jmp/0xz  T_12.10, 8;
    %pushi/vec4 1, 0, 1;
    %store/vec4 v0x55c28adf10d0_0, 0, 1;
    %pushi/vec4 2, 0, 2;
    %store/vec4 v0x55c28adf0ff0_0, 0, 2;
    %load/vec4 v0x55c28adf0db0_0;
    %store/vec4 v0x55c28adf1270_0, 0, 1;
    %load/vec4 v0x55c28adf0920_0;
    %store/vec4 v0x55c28adf0f10_0, 0, 16;
    %load/vec4 v0x55c28adf0cd0_0;
    %store/vec4 v0x55c28adf1190_0, 0, 128;
    %pushi/vec4 1, 0, 1;
    %store/vec4 v0x55c28adf09c0_0, 0, 1;
    %jmp T_12.11;
T_12.10 ;
    %load/vec4 v0x55c28adf01d0_0;
    %flag_set/vec4 8;
    %jmp/0xz  T_12.12, 8;
    %pushi/vec4 1, 0, 1;
    %store/vec4 v0x55c28adf10d0_0, 0, 1;
    %pushi/vec4 0, 0, 2;
    %store/vec4 v0x55c28adf0ff0_0, 0, 2;
    %load/vec4 v0x55c28adf0370_0;
    %store/vec4 v0x55c28adf1270_0, 0, 1;
    %load/vec4 v0x55c28adeffa0_0;
    %store/vec4 v0x55c28adf0f10_0, 0, 16;
    %load/vec4 v0x55c28adf02a0_0;
    %store/vec4 v0x55c28adf1190_0, 0, 128;
    %pushi/vec4 1, 0, 1;
    %store/vec4 v0x55c28adf0090_0, 0, 1;
    %jmp T_12.13;
T_12.12 ;
    %load/vec4 v0x55c28adf06b0_0;
    %flag_set/vec4 8;
    %jmp/0xz  T_12.14, 8;
    %pushi/vec4 1, 0, 1;
    %store/vec4 v0x55c28adf10d0_0, 0, 1;
    %pushi/vec4 1, 0, 2;
    %store/vec4 v0x55c28adf0ff0_0, 0, 2;
    %load/vec4 v0x55c28adf0850_0;
    %store/vec4 v0x55c28adf1270_0, 0, 1;
    %load/vec4 v0x55c28adf0440_0;
    %store/vec4 v0x55c28adf0f10_0, 0, 16;
    %load/vec4 v0x55c28adf0780_0;
    %store/vec4 v0x55c28adf1190_0, 0, 128;
    %pushi/vec4 1, 0, 1;
    %store/vec4 v0x55c28adf0510_0, 0, 1;
T_12.14 ;
T_12.13 ;
T_12.11 ;
    %jmp T_12.9;
T_12.8 ;
    %load/vec4 v0x55c28adf01d0_0;
    %flag_set/vec4 8;
    %jmp/0xz  T_12.16, 8;
    %pushi/vec4 1, 0, 1;
    %store/vec4 v0x55c28adf10d0_0, 0, 1;
    %pushi/vec4 0, 0, 2;
    %store/vec4 v0x55c28adf0ff0_0, 0, 2;
    %load/vec4 v0x55c28adf0370_0;
    %store/vec4 v0x55c28adf1270_0, 0, 1;
    %load/vec4 v0x55c28adeffa0_0;
    %store/vec4 v0x55c28adf0f10_0, 0, 16;
    %load/vec4 v0x55c28adf02a0_0;
    %store/vec4 v0x55c28adf1190_0, 0, 128;
    %pushi/vec4 1, 0, 1;
    %store/vec4 v0x55c28adf0090_0, 0, 1;
    %jmp T_12.17;
T_12.16 ;
    %load/vec4 v0x55c28adf06b0_0;
    %flag_set/vec4 8;
    %jmp/0xz  T_12.18, 8;
    %pushi/vec4 1, 0, 1;
    %store/vec4 v0x55c28adf10d0_0, 0, 1;
    %pushi/vec4 1, 0, 2;
    %store/vec4 v0x55c28adf0ff0_0, 0, 2;
    %load/vec4 v0x55c28adf0850_0;
    %store/vec4 v0x55c28adf1270_0, 0, 1;
    %load/vec4 v0x55c28adf0440_0;
    %store/vec4 v0x55c28adf0f10_0, 0, 16;
    %load/vec4 v0x55c28adf0780_0;
    %store/vec4 v0x55c28adf1190_0, 0, 128;
    %pushi/vec4 1, 0, 1;
    %store/vec4 v0x55c28adf0510_0, 0, 1;
    %jmp T_12.19;
T_12.18 ;
    %load/vec4 v0x55c28adf0c10_0;
    %flag_set/vec4 8;
    %jmp/0xz  T_12.20, 8;
    %pushi/vec4 1, 0, 1;
    %store/vec4 v0x55c28adf10d0_0, 0, 1;
    %pushi/vec4 2, 0, 2;
    %store/vec4 v0x55c28adf0ff0_0, 0, 2;
    %load/vec4 v0x55c28adf0db0_0;
    %store/vec4 v0x55c28adf1270_0, 0, 1;
    %load/vec4 v0x55c28adf0920_0;
    %store/vec4 v0x55c28adf0f10_0, 0, 16;
    %load/vec4 v0x55c28adf0cd0_0;
    %store/vec4 v0x55c28adf1190_0, 0, 128;
    %pushi/vec4 1, 0, 1;
    %store/vec4 v0x55c28adf09c0_0, 0, 1;
T_12.20 ;
T_12.19 ;
T_12.17 ;
T_12.9 ;
T_12.1 ;
    %jmp T_12;
    .thread T_12, $push;
    .scope S_0x55c28adeb580;
T_13 ;
    %wait E_0x55c28ad06380;
    %load/vec4 v0x55c28adf0e70_0;
    %nor/r;
    %flag_set/vec4 8;
    %jmp/0xz  T_13.0, 8;
    %pushi/vec4 2, 0, 2;
    %assign/vec4 v0x55c28adefdd0_0, 0;
    %pushi/vec4 0, 0, 128;
    %assign/vec4 v0x55c28adefeb0_0, 0;
    %jmp T_13.1;
T_13.0 ;
    %load/vec4 v0x55c28adf10d0_0;
    %flag_set/vec4 8;
    %jmp/0xz  T_13.2, 8;
    %load/vec4 v0x55c28adf0ff0_0;
    %assign/vec4 v0x55c28adefdd0_0, 0;
    %load/vec4 v0x55c28adf1270_0;
    %flag_set/vec4 8;
    %jmp/0xz  T_13.4, 8;
    %load/vec4 v0x55c28adf1190_0;
    %load/vec4 v0x55c28adf0f10_0;
    %pad/u 18;
    %ix/vec4 3;
    %ix/load 4, 0, 0; Constant delay
    %assign/vec4/a/d v0x55c28adf1330, 0, 4;
    %jmp T_13.5;
T_13.4 ;
    %load/vec4 v0x55c28adf0f10_0;
    %pad/u 18;
    %ix/vec4 4;
    %load/vec4a v0x55c28adf1330, 4;
    %assign/vec4 v0x55c28adefeb0_0, 0;
T_13.5 ;
T_13.2 ;
T_13.1 ;
    %jmp T_13;
    .thread T_13;
    .scope S_0x55c28acaf470;
T_14 ;
    %wait E_0x55c28ad06380;
    %load/vec4 v0x55c28ade66b0_0;
    %nor/r;
    %flag_set/vec4 8;
    %jmp/0xz  T_14.0, 8;
    %pushi/vec4 8, 0, 4;
    %assign/vec4 v0x55c28ade65f0_0, 0;
    %jmp T_14.1;
T_14.0 ;
    %load/vec4 v0x55c28ade6520_0;
    %load/vec4 v0x55c28ade6460_0;
    %concat/vec4; draw_concat_vec4
    %dup/vec4;
    %pushi/vec4 2, 0, 2;
    %cmp/u;
    %jmp/1 T_14.2, 6;
    %dup/vec4;
    %pushi/vec4 1, 0, 2;
    %cmp/u;
    %jmp/1 T_14.3, 6;
    %dup/vec4;
    %pushi/vec4 3, 0, 2;
    %cmp/u;
    %jmp/1 T_14.4, 6;
    %load/vec4 v0x55c28ade65f0_0;
    %assign/vec4 v0x55c28ade65f0_0, 0;
    %jmp T_14.6;
T_14.2 ;
    %load/vec4 v0x55c28ade65f0_0;
    %cmpi/u 8, 0, 4;
    %jmp/0xz  T_14.7, 5;
    %load/vec4 v0x55c28ade65f0_0;
    %addi 1, 0, 4;
    %assign/vec4 v0x55c28ade65f0_0, 0;
T_14.7 ;
    %jmp T_14.6;
T_14.3 ;
    %load/vec4 v0x55c28ade65f0_0;
    %pad/u 32;
    %cmpi/u 0, 0, 32;
    %flag_or 5, 4; GT is !LE
    %flag_inv 5;
    %jmp/0xz  T_14.9, 5;
    %load/vec4 v0x55c28ade65f0_0;
    %subi 1, 0, 4;
    %assign/vec4 v0x55c28ade65f0_0, 0;
T_14.9 ;
    %jmp T_14.6;
T_14.4 ;
    %load/vec4 v0x55c28ade65f0_0;
    %assign/vec4 v0x55c28ade65f0_0, 0;
    %jmp T_14.6;
T_14.6 ;
    %pop/vec4 1;
T_14.1 ;
    %jmp T_14;
    .thread T_14;
    .scope S_0x55c28adf1720;
T_15 ;
    %wait E_0x55c28ad06380;
    %load/vec4 v0x55c28adf23b0_0;
    %nor/r;
    %flag_set/vec4 8;
    %load/vec4 v0x55c28adf26f0_0;
    %flag_set/vec4 9;
    %flag_or 9, 8;
    %jmp/0xz  T_15.0, 9;
    %pushi/vec4 0, 0, 32;
    %store/vec4 v0x55c28adf22d0_0, 0, 32;
T_15.2 ;
    %load/vec4 v0x55c28adf22d0_0;
    %cmpi/s 10, 0, 32;
    %jmp/0xz T_15.3, 5;
    %pushi/vec4 0, 0, 64;
    %ix/getv/s 3, v0x55c28adf22d0_0;
    %ix/load 4, 0, 0; Constant delay
    %assign/vec4/a/d v0x55c28adf2210, 0, 4;
    %load/vec4 v0x55c28adf22d0_0;
    %addi 1, 0, 32;
    %store/vec4 v0x55c28adf22d0_0, 0, 32;
    %jmp T_15.2;
T_15.3 ;
    %jmp T_15.1;
T_15.0 ;
    %pushi/vec4 0, 0, 32;
    %store/vec4 v0x55c28adf22d0_0, 0, 32;
T_15.4 ;
    %load/vec4 v0x55c28adf22d0_0;
    %cmpi/s 10, 0, 32;
    %jmp/0xz T_15.5, 5;
    %load/vec4 v0x55c28adf2450_0;
    %load/vec4 v0x55c28adf22d0_0;
    %part/s 1;
    %ix/getv/s 4, v0x55c28adf22d0_0;
    %load/vec4a v0x55c28adf2210, 4;
    %pushi/vec4 4294967295, 0, 32;
    %concati/vec4 4294967295, 0, 32;
    %cmp/ne;
    %flag_get/vec4 4;
    %and;
    %flag_set/vec4 8;
    %jmp/0xz  T_15.6, 8;
    %ix/getv/s 4, v0x55c28adf22d0_0;
    %load/vec4a v0x55c28adf2210, 4;
    %addi 1, 0, 64;
    %ix/getv/s 3, v0x55c28adf22d0_0;
    %ix/load 4, 0, 0; Constant delay
    %assign/vec4/a/d v0x55c28adf2210, 0, 4;
T_15.6 ;
    %load/vec4 v0x55c28adf22d0_0;
    %addi 1, 0, 32;
    %store/vec4 v0x55c28adf22d0_0, 0, 32;
    %jmp T_15.4;
T_15.5 ;
T_15.1 ;
    %jmp T_15;
    .thread T_15;
    .scope S_0x55c28acb2230;
T_16 ;
    %pushi/vec4 0, 0, 32;
    %store/vec4 v0x55c28adf76b0_0, 0, 32;
    %end;
    .thread T_16;
    .scope S_0x55c28acb2230;
T_17 ;
    %delay 500, 0;
    %load/vec4 v0x55c28adf6bf0_0;
    %inv;
    %store/vec4 v0x55c28adf6bf0_0, 0, 1;
    %jmp T_17;
    .thread T_17;
    .scope S_0x55c28acb2230;
T_18 ;
    %vpi_call 2 103 "$dumpfile", "tb_io_uncore_top.vcd" {0 0 0};
    %vpi_call 2 104 "$dumpvars", 32'sb00000000000000000000000000000000, S_0x55c28acb2230 {0 0 0};
    %pushi/vec4 0, 0, 1;
    %store/vec4 v0x55c28adf6bf0_0, 0, 1;
    %pushi/vec4 0, 0, 1;
    %store/vec4 v0x55c28adf7fb0_0, 0, 1;
    %pushi/vec4 0, 0, 1;
    %store/vec4 v0x55c28adf7aa0_0, 0, 1;
    %pushi/vec4 0, 0, 16;
    %store/vec4 v0x55c28adf7790_0, 0, 16;
    %pushi/vec4 0, 0, 1;
    %store/vec4 v0x55c28adf7ec0_0, 0, 1;
    %pushi/vec4 0, 0, 16;
    %store/vec4 v0x55c28adf7b90_0, 0, 16;
    %pushi/vec4 0, 0, 64;
    %store/vec4 v0x55c28adf7db0_0, 0, 64;
    %pushi/vec4 0, 0, 1;
    %store/vec4 v0x55c28adf6eb0_0, 0, 1;
    %pushi/vec4 0, 0, 128;
    %store/vec4 v0x55c28adf6cb0_0, 0, 128;
    %pushi/vec4 0, 0, 2;
    %store/vec4 v0x55c28adf6dc0_0, 0, 2;
    %pushi/vec4 0, 0, 4;
    %store/vec4 v0x55c28adf8360_0, 0, 4;
    %delay 2000, 0;
    %pushi/vec4 1, 0, 1;
    %store/vec4 v0x55c28adf7fb0_0, 0, 1;
    %delay 1000, 0;
    %vpi_call 2 116 "$display", "--- T4.1: Full I/O round-trip ---" {0 0 0};
    %pushi/vec4 0, 0, 2;
    %store/vec4 v0x55c28adf6b10_0, 0, 2;
    %pushi/vec4 40960, 0, 64;
    %store/vec4 v0x55c28adf6a10_0, 0, 64;
    %fork TD_tb_io_uncore_top.submit_4kb, S_0x55c28adf6830;
    %join;
    %pushi/vec4 12, 0, 32;
T_18.0 %dup/vec4;
    %pushi/vec4 0, 0, 32;
    %cmp/s;
    %jmp/1xz T_18.1, 5;
    %jmp/1 T_18.1, 4;
    %pushi/vec4 1, 0, 32;
    %sub;
    %wait E_0x55c28adf1930;
    %jmp T_18.0;
T_18.1 ;
    %pop/vec4 1;
    %delay 100, 0;
    %pushi/vec4 0, 0, 2;
    %store/vec4 v0x55c28adf5d90_0, 0, 2;
    %pushi/vec4 1, 0, 128;
    %store/vec4 v0x55c28adf5c90_0, 0, 128;
    %fork TD_tb_io_uncore_top.inject_cqe, S_0x55c28adf5a60;
    %join;
    %pushi/vec4 8, 0, 32;
T_18.2 %dup/vec4;
    %pushi/vec4 0, 0, 32;
    %cmp/s;
    %jmp/1xz T_18.3, 5;
    %jmp/1 T_18.3, 4;
    %pushi/vec4 1, 0, 32;
    %sub;
    %wait E_0x55c28adf1930;
    %jmp T_18.2;
T_18.3 ;
    %pop/vec4 1;
    %delay 100, 0;
    %vpi_call 2 122 "$display", "PASS T4.1: full round-trip completed" {0 0 0};
    %vpi_call 2 127 "$display", "--- T4.2: SRAM arbiter contention ---" {0 0 0};
    %pushi/vec4 1, 0, 1;
    %store/vec4 v0x55c28adf7ec0_0, 0, 1;
    %pushi/vec4 8448, 0, 16;
    %store/vec4 v0x55c28adf7b90_0, 0, 16;
    %pushi/vec4 2147483649, 0, 63;
    %concati/vec4 0, 0, 1;
    %store/vec4 v0x55c28adf7db0_0, 0, 64;
    %pushi/vec4 1, 0, 1;
    %store/vec4 v0x55c28adf6eb0_0, 0, 1;
    %pushi/vec4 1, 0, 2;
    %store/vec4 v0x55c28adf6dc0_0, 0, 2;
    %pushi/vec4 2, 0, 128;
    %store/vec4 v0x55c28adf6cb0_0, 0, 128;
    %wait E_0x55c28adf1930;
    %delay 100, 0;
    %pushi/vec4 0, 0, 1;
    %store/vec4 v0x55c28adf7ec0_0, 0, 1;
    %pushi/vec4 0, 0, 1;
    %store/vec4 v0x55c28adf6eb0_0, 0, 1;
    %pushi/vec4 20, 0, 32;
T_18.4 %dup/vec4;
    %pushi/vec4 0, 0, 32;
    %cmp/s;
    %jmp/1xz T_18.5, 5;
    %jmp/1 T_18.5, 4;
    %pushi/vec4 1, 0, 32;
    %sub;
    %wait E_0x55c28adf1930;
    %jmp T_18.4;
T_18.5 ;
    %pop/vec4 1;
    %delay 100, 0;
    %vpi_call 2 134 "$display", "PASS T4.2: contention resolved without deadlock" {0 0 0};
    %vpi_call 2 139 "$display", "--- T4.3: Credit flow stress test ---" {0 0 0};
    %fork t_1, S_0x55c28adf6550;
    %jmp t_0;
    .scope S_0x55c28adf6550;
t_1 ;
    %pushi/vec4 0, 0, 32;
    %store/vec4 v0x55c28adf6730_0, 0, 32;
T_18.6 ;
    %load/vec4 v0x55c28adf6730_0;
    %cmpi/s 8, 0, 32;
    %jmp/0xz T_18.7, 5;
    %pushi/vec4 0, 0, 2;
    %store/vec4 v0x55c28adf6b10_0, 0, 2;
    %pushi/vec4 45056, 0, 64;
    %load/vec4 v0x55c28adf6730_0;
    %pad/u 64;
    %muli 4096, 0, 64;
    %add;
    %store/vec4 v0x55c28adf6a10_0, 0, 64;
    %fork TD_tb_io_uncore_top.submit_4kb, S_0x55c28adf6830;
    %join;
    %pushi/vec4 10, 0, 32;
T_18.8 %dup/vec4;
    %pushi/vec4 0, 0, 32;
    %cmp/s;
    %jmp/1xz T_18.9, 5;
    %jmp/1 T_18.9, 4;
    %pushi/vec4 1, 0, 32;
    %sub;
    %wait E_0x55c28adf1930;
    %jmp T_18.8;
T_18.9 ;
    %pop/vec4 1;
    %delay 100, 0;
    %load/vec4 v0x55c28adf6730_0;
    %addi 1, 0, 32;
    %store/vec4 v0x55c28adf6730_0, 0, 32;
    %jmp T_18.6;
T_18.7 ;
    %end;
    .scope S_0x55c28acb2230;
t_0 %join;
    %fork TD_tb_io_uncore_top.read_status, S_0x55c28adf6320;
    %join;
    %wait E_0x55c28adf1930;
    %delay 100, 0;
    %vpi_call 2 151 "$display", "  Status after %0d submits: credits=%0d, hint=%0d", P_0x55c28adc5570, &PV<v0x55c28adf78a0_0, 0, 32>, &PV<v0x55c28adf78a0_0, 32, 32> {0 0 0};
    %fork t_3, S_0x55c28acaf790;
    %jmp t_2;
    .scope S_0x55c28acaf790;
t_3 ;
    %pushi/vec4 0, 0, 32;
    %store/vec4 v0x55c28adb51e0_0, 0, 32;
T_18.10 ;
    %load/vec4 v0x55c28adb51e0_0;
    %cmpi/s 8, 0, 32;
    %jmp/0xz T_18.11, 5;
    %pushi/vec4 0, 0, 2;
    %store/vec4 v0x55c28adf5d90_0, 0, 2;
    %pushi/vec4 0, 0, 96;
    %load/vec4 v0x55c28adb51e0_0;
    %concat/vec4; draw_concat_vec4
    %store/vec4 v0x55c28adf5c90_0, 0, 128;
    %fork TD_tb_io_uncore_top.inject_cqe, S_0x55c28adf5a60;
    %join;
    %load/vec4 v0x55c28adb51e0_0;
    %addi 1, 0, 32;
    %store/vec4 v0x55c28adb51e0_0, 0, 32;
    %jmp T_18.10;
T_18.11 ;
    %end;
    .scope S_0x55c28acb2230;
t_2 %join;
    %pushi/vec4 50, 0, 32;
T_18.12 %dup/vec4;
    %pushi/vec4 0, 0, 32;
    %cmp/s;
    %jmp/1xz T_18.13, 5;
    %jmp/1 T_18.13, 4;
    %pushi/vec4 1, 0, 32;
    %sub;
    %wait E_0x55c28adf1930;
    %jmp T_18.12;
T_18.13 ;
    %pop/vec4 1;
    %delay 100, 0;
    %fork TD_tb_io_uncore_top.read_status, S_0x55c28adf6320;
    %join;
    %wait E_0x55c28adf1930;
    %delay 100, 0;
    %vpi_call 2 163 "$display", "  Status after drain: credits=%0d, hint=%0d", &PV<v0x55c28adf78a0_0, 0, 32>, &PV<v0x55c28adf78a0_0, 32, 32> {0 0 0};
    %vpi_call 2 165 "$display", "PASS T4.3: credit flow stress test completed" {0 0 0};
    %vpi_call 2 170 "$display", "--- T4.4: UNCORE_STATUS register ---" {0 0 0};
    %pushi/vec4 1, 0, 1;
    %store/vec4 v0x55c28adf7aa0_0, 0, 1;
    %pushi/vec4 8192, 0, 16;
    %store/vec4 v0x55c28adf7790_0, 0, 16;
    %delay 100, 0;
    %load/vec4 v0x55c28adf79b0_0;
    %flag_set/vec4 8;
    %jmp/0xz  T_18.14, 8;
    %vpi_call 2 175 "$display", "PASS T4.4: STATUS=[63:32]=%0d [31:0]=%0d", &PV<v0x55c28adf78a0_0, 32, 32>, &PV<v0x55c28adf78a0_0, 0, 32> {0 0 0};
    %jmp T_18.15;
T_18.14 ;
    %vpi_call 2 178 "$display", "FAIL T4.4: rd_ready not asserted" {0 0 0};
    %load/vec4 v0x55c28adf76b0_0;
    %addi 1, 0, 32;
    %store/vec4 v0x55c28adf76b0_0, 0, 32;
T_18.15 ;
    %wait E_0x55c28adf1930;
    %delay 100, 0;
    %pushi/vec4 0, 0, 1;
    %store/vec4 v0x55c28adf7aa0_0, 0, 1;
    %vpi_call 2 186 "$display", "--- T4.5: Stat counter accuracy ---" {0 0 0};
    %pushi/vec4 0, 0, 4;
    %store/vec4 v0x55c28adf8360_0, 0, 4;
    %delay 100, 0;
    %vpi_call 2 188 "$display", "  counter[0] mailbox_submissions = %0d", v0x55c28adf8470_0 {0 0 0};
    %pushi/vec4 1, 0, 4;
    %store/vec4 v0x55c28adf8360_0, 0, 4;
    %delay 100, 0;
    %vpi_call 2 190 "$display", "  counter[1] prp_simple = %0d", v0x55c28adf8470_0 {0 0 0};
    %pushi/vec4 4, 0, 4;
    %store/vec4 v0x55c28adf8360_0, 0, 4;
    %delay 100, 0;
    %vpi_call 2 192 "$display", "  counter[4] hint_reads_total = %0d", v0x55c28adf8470_0 {0 0 0};
    %load/vec4 v0x55c28adf8470_0;
    %cmpi/u 0, 0, 64;
    %flag_or 5, 4; GT is !LE
    %flag_inv 5;
    %jmp/0xz  T_18.16, 5;
    %vpi_call 2 194 "$display", "PASS T4.5: stat counters accumulating" {0 0 0};
    %jmp T_18.17;
T_18.16 ;
    %vpi_call 2 196 "$display", "FAIL T4.5: hint_reads_total should be > 0" {0 0 0};
    %load/vec4 v0x55c28adf76b0_0;
    %addi 1, 0, 32;
    %store/vec4 v0x55c28adf76b0_0, 0, 32;
T_18.17 ;
    %vpi_call 2 200 "$display", "---" {0 0 0};
    %load/vec4 v0x55c28adf76b0_0;
    %cmpi/e 0, 0, 32;
    %jmp/0xz  T_18.18, 4;
    %vpi_call 2 202 "$display", "io_uncore_top: ALL TESTS PASSED" {0 0 0};
    %jmp T_18.19;
T_18.18 ;
    %vpi_call 2 204 "$display", "io_uncore_top: %0d ERRORS", v0x55c28adf76b0_0 {0 0 0};
T_18.19 ;
    %vpi_call 2 205 "$finish" {0 0 0};
    %end;
    .thread T_18;
# The file index is used to find the file name in the following table.
:file_names 11;
    "N/A";
    "<interactive>";
    "tb/tb_io_uncore_top.v";
    "src/io_uncore_top.v";
    "src/cq_engine.v";
    "src/credit_manager.v";
    "src/db_coalescer.v";
    "src/mmio_decoder.v";
    "src/sq_engine.v";
    "src/sram_arbiter.v";
    "src/stat_counters.v";
