#! /usr/bin/vvp
:ivl_version "11.0 (stable)";
:ivl_delay_selection "TYPICAL";
:vpi_time_precision - 12;
:vpi_module "/usr/lib/x86_64-linux-gnu/ivl/system.vpi";
:vpi_module "/usr/lib/x86_64-linux-gnu/ivl/vhdl_sys.vpi";
:vpi_module "/usr/lib/x86_64-linux-gnu/ivl/vhdl_textio.vpi";
:vpi_module "/usr/lib/x86_64-linux-gnu/ivl/v2005_math.vpi";
:vpi_module "/usr/lib/x86_64-linux-gnu/ivl/va_math.vpi";
S_0x5643164d23b0 .scope module, "tb_stat_counters" "tb_stat_counters" 2 4;
 .timescale -9 -12;
P_0x5643164d2540 .param/l "NUM_COUNTERS" 0 2 6, +C4<00000000000000000000000000001010>;
v0x5643164fb2b0_0 .var "clk", 0 0;
v0x5643164fb370_0 .var/i "errors", 31 0;
v0x5643164fb430_0 .var "rst_n", 0 0;
v0x5643164fb500_0 .var "stat_inc", 9 0;
v0x5643164fb5d0_0 .var "stat_rd_addr", 3 0;
v0x5643164fb670_0 .net "stat_rd_data", 63 0, L_0x56431650bd90;  1 drivers
v0x5643164fb740_0 .var "stat_reset", 0 0;
E_0x5643164ce790 .event posedge, v0x5643164fab70_0;
S_0x564316494cf0 .scope task, "check_counter" "check_counter" 2 26, 2 26 0, S_0x5643164d23b0;
 .timescale -9 -12;
v0x5643164c32c0_0 .var "expected", 63 0;
v0x5643164c34f0_0 .var "idx", 3 0;
v0x5643164c39e0_0 .var "msg", 127 0;
TD_tb_stat_counters.check_counter ;
    %load/vec4 v0x5643164c34f0_0;
    %store/vec4 v0x5643164fb5d0_0, 0, 4;
    %delay 100, 0;
    %load/vec4 v0x5643164fb670_0;
    %load/vec4 v0x5643164c32c0_0;
    %cmp/ne;
    %jmp/0xz  T_0.0, 6;
    %vpi_call 2 31 "$display", "FAIL %0s: counter[%0d]=%0d (exp %0d)", v0x5643164c39e0_0, v0x5643164c34f0_0, v0x5643164fb670_0, v0x5643164c32c0_0 {0 0 0};
    %load/vec4 v0x5643164fb370_0;
    %addi 1, 0, 32;
    %store/vec4 v0x5643164fb370_0, 0, 32;
    %jmp T_0.1;
T_0.0 ;
    %vpi_call 2 34 "$display", "PASS %0s", v0x5643164c39e0_0 {0 0 0};
T_0.1 ;
    %end;
S_0x5643164fa360 .scope module, "dut" "stat_counters" 2 16, 3 4 0, S_0x5643164d23b0;
 .timescale 0 0;
    .port_info 0 /INPUT 1 "clk";
    .port_info 1 /INPUT 1 "rst_n";
    .port_info 2 /INPUT 10 "stat_inc";
    .port_info 3 /INPUT 4 "stat_rd_addr";
    .port_info 4 /OUTPUT 64 "stat_rd_data";
    .port_info 5 /INPUT 1 "stat_reset";
P_0x5643164fa560 .param/l "NUM_COUNTERS" 0 3 5, +C4<00000000000000000000000000001010>;
v0x5643164c5400_0 .net *"_ivl_0", 31 0, L_0x5643164fb810;  1 drivers
v0x5643164c58c0_0 .net *"_ivl_10", 4 0, L_0x56431650bbd0;  1 drivers
L_0x7f30017c90a8 .functor BUFT 1, C4<0>, C4<0>, C4<0>, C4<0>;
v0x5643164c73e0_0 .net *"_ivl_13", 0 0, L_0x7f30017c90a8;  1 drivers
L_0x7f30017c90f0 .functor BUFT 1, C4<0000000000000000000000000000000000000000000000000000000000000000>, C4<0>, C4<0>, C4<0>;
v0x5643164fa6e0_0 .net/2u *"_ivl_14", 63 0, L_0x7f30017c90f0;  1 drivers
L_0x7f30017c9018 .functor BUFT 1, C4<0000000000000000000000000000>, C4<0>, C4<0>, C4<0>;
v0x5643164fa7c0_0 .net *"_ivl_3", 27 0, L_0x7f30017c9018;  1 drivers
L_0x7f30017c9060 .functor BUFT 1, C4<00000000000000000000000000001010>, C4<0>, C4<0>, C4<0>;
v0x5643164fa8f0_0 .net/2u *"_ivl_4", 31 0, L_0x7f30017c9060;  1 drivers
v0x5643164fa9d0_0 .net *"_ivl_6", 0 0, L_0x56431650b9c0;  1 drivers
v0x5643164faa90_0 .net *"_ivl_8", 63 0, L_0x56431650bb30;  1 drivers
v0x5643164fab70_0 .net "clk", 0 0, v0x5643164fb2b0_0;  1 drivers
v0x5643164fac30 .array "counters", 9 0, 63 0;
v0x5643164facf0_0 .var/i "i", 31 0;
v0x5643164fadd0_0 .net "rst_n", 0 0, v0x5643164fb430_0;  1 drivers
v0x5643164fae90_0 .net "stat_inc", 9 0, v0x5643164fb500_0;  1 drivers
v0x5643164faf70_0 .net "stat_rd_addr", 3 0, v0x5643164fb5d0_0;  1 drivers
v0x5643164fb050_0 .net "stat_rd_data", 63 0, L_0x56431650bd90;  alias, 1 drivers
v0x5643164fb130_0 .net "stat_reset", 0 0, v0x5643164fb740_0;  1 drivers
E_0x5643164b89b0/0 .event negedge, v0x5643164fadd0_0;
E_0x5643164b89b0/1 .event posedge, v0x5643164fab70_0;
E_0x5643164b89b0 .event/or E_0x5643164b89b0/0, E_0x5643164b89b0/1;
L_0x5643164fb810 .concat [ 4 28 0 0], v0x5643164fb5d0_0, L_0x7f30017c9018;
L_0x56431650b9c0 .cmp/gt 32, L_0x7f30017c9060, L_0x5643164fb810;
L_0x56431650bb30 .array/port v0x5643164fac30, L_0x56431650bbd0;
L_0x56431650bbd0 .concat [ 4 1 0 0], v0x5643164fb5d0_0, L_0x7f30017c90a8;
L_0x56431650bd90 .functor MUXZ 64, L_0x7f30017c90f0, L_0x56431650bb30, L_0x56431650b9c0, C4<>;
    .scope S_0x5643164fa360;
T_1 ;
    %wait E_0x5643164b89b0;
    %load/vec4 v0x5643164fadd0_0;
    %nor/r;
    %flag_set/vec4 8;
    %load/vec4 v0x5643164fb130_0;
    %flag_set/vec4 9;
    %flag_or 9, 8;
    %jmp/0xz  T_1.0, 9;
    %pushi/vec4 0, 0, 32;
    %store/vec4 v0x5643164facf0_0, 0, 32;
T_1.2 ;
    %load/vec4 v0x5643164facf0_0;
    %cmpi/s 10, 0, 32;
    %jmp/0xz T_1.3, 5;
    %pushi/vec4 0, 0, 64;
    %ix/getv/s 3, v0x5643164facf0_0;
    %ix/load 4, 0, 0; Constant delay
    %assign/vec4/a/d v0x5643164fac30, 0, 4;
    %load/vec4 v0x5643164facf0_0;
    %addi 1, 0, 32;
    %store/vec4 v0x5643164facf0_0, 0, 32;
    %jmp T_1.2;
T_1.3 ;
    %jmp T_1.1;
T_1.0 ;
    %pushi/vec4 0, 0, 32;
    %store/vec4 v0x5643164facf0_0, 0, 32;
T_1.4 ;
    %load/vec4 v0x5643164facf0_0;
    %cmpi/s 10, 0, 32;
    %jmp/0xz T_1.5, 5;
    %load/vec4 v0x5643164fae90_0;
    %load/vec4 v0x5643164facf0_0;
    %part/s 1;
    %ix/getv/s 4, v0x5643164facf0_0;
    %load/vec4a v0x5643164fac30, 4;
    %pushi/vec4 4294967295, 0, 32;
    %concati/vec4 4294967295, 0, 32;
    %cmp/ne;
    %flag_get/vec4 4;
    %and;
    %flag_set/vec4 8;
    %jmp/0xz  T_1.6, 8;
    %ix/getv/s 4, v0x5643164facf0_0;
    %load/vec4a v0x5643164fac30, 4;
    %addi 1, 0, 64;
    %ix/getv/s 3, v0x5643164facf0_0;
    %ix/load 4, 0, 0; Constant delay
    %assign/vec4/a/d v0x5643164fac30, 0, 4;
T_1.6 ;
    %load/vec4 v0x5643164facf0_0;
    %addi 1, 0, 32;
    %store/vec4 v0x5643164facf0_0, 0, 32;
    %jmp T_1.4;
T_1.5 ;
T_1.1 ;
    %jmp T_1;
    .thread T_1;
    .scope S_0x5643164d23b0;
T_2 ;
    %pushi/vec4 0, 0, 32;
    %store/vec4 v0x5643164fb370_0, 0, 32;
    %end;
    .thread T_2;
    .scope S_0x5643164d23b0;
T_3 ;
    %delay 500, 0;
    %load/vec4 v0x5643164fb2b0_0;
    %inv;
    %store/vec4 v0x5643164fb2b0_0, 0, 1;
    %jmp T_3;
    .thread T_3;
    .scope S_0x5643164d23b0;
T_4 ;
    %vpi_call 2 40 "$dumpfile", "tb_stat_counters.vcd" {0 0 0};
    %vpi_call 2 41 "$dumpvars", 32'sb00000000000000000000000000000000, S_0x5643164d23b0 {0 0 0};
    %pushi/vec4 0, 0, 1;
    %store/vec4 v0x5643164fb2b0_0, 0, 1;
    %pushi/vec4 0, 0, 1;
    %store/vec4 v0x5643164fb430_0, 0, 1;
    %pushi/vec4 0, 0, 10;
    %store/vec4 v0x5643164fb500_0, 0, 10;
    %pushi/vec4 0, 0, 4;
    %store/vec4 v0x5643164fb5d0_0, 0, 4;
    %pushi/vec4 0, 0, 1;
    %store/vec4 v0x5643164fb740_0, 0, 1;
    %delay 2000, 0;
    %pushi/vec4 1, 0, 1;
    %store/vec4 v0x5643164fb430_0, 0, 1;
    %delay 1000, 0;
    %pushi/vec4 0, 0, 4;
    %store/vec4 v0x5643164c34f0_0, 0, 4;
    %pushi/vec4 0, 0, 64;
    %store/vec4 v0x5643164c32c0_0, 0, 64;
    %pushi/vec4 7497075, 0, 32; draw_string_vec4
    %pushi/vec4 1702109283, 0, 32; draw_string_vec4
    %concat/vec4; draw_string_vec4
    %pushi/vec4 1869966964, 0, 32; draw_string_vec4
    %concat/vec4; draw_string_vec4
    %pushi/vec4 1701978160, 0, 32; draw_string_vec4
    %concat/vec4; draw_string_vec4
    %store/vec4 v0x5643164c39e0_0, 0, 128;
    %fork TD_tb_stat_counters.check_counter, S_0x564316494cf0;
    %join;
    %pushi/vec4 9, 0, 4;
    %store/vec4 v0x5643164c34f0_0, 0, 4;
    %pushi/vec4 0, 0, 64;
    %store/vec4 v0x5643164c32c0_0, 0, 64;
    %pushi/vec4 7497075, 0, 32; draw_string_vec4
    %pushi/vec4 1702109283, 0, 32; draw_string_vec4
    %concat/vec4; draw_string_vec4
    %pushi/vec4 1869966964, 0, 32; draw_string_vec4
    %concat/vec4; draw_string_vec4
    %pushi/vec4 1701978169, 0, 32; draw_string_vec4
    %concat/vec4; draw_string_vec4
    %store/vec4 v0x5643164c39e0_0, 0, 128;
    %fork TD_tb_stat_counters.check_counter, S_0x564316494cf0;
    %join;
    %pushi/vec4 1, 0, 10;
    %store/vec4 v0x5643164fb500_0, 0, 10;
    %wait E_0x5643164ce790;
    %wait E_0x5643164ce790;
    %wait E_0x5643164ce790;
    %delay 100, 0;
    %pushi/vec4 0, 0, 10;
    %store/vec4 v0x5643164fb500_0, 0, 10;
    %wait E_0x5643164ce790;
    %delay 100, 0;
    %pushi/vec4 0, 0, 4;
    %store/vec4 v0x5643164c34f0_0, 0, 4;
    %pushi/vec4 3, 0, 64;
    %store/vec4 v0x5643164c32c0_0, 0, 64;
    %pushi/vec4 3229722041, 0, 34;
    %concati/vec4 2378798517, 0, 32;
    %concati/vec4 2511982997, 0, 32;
    %concati/vec4 606090104, 0, 30;
    %store/vec4 v0x5643164c39e0_0, 0, 128;
    %fork TD_tb_stat_counters.check_counter, S_0x564316494cf0;
    %join;
    %pushi/vec4 1, 0, 4;
    %store/vec4 v0x5643164c34f0_0, 0, 4;
    %pushi/vec4 0, 0, 64;
    %store/vec4 v0x5643164c32c0_0, 0, 64;
    %pushi/vec4 3905610816, 0, 33;
    %concati/vec4 3296841169, 0, 33;
    %concati/vec4 2779885697, 0, 32;
    %concati/vec4 979726959, 0, 30;
    %store/vec4 v0x5643164c39e0_0, 0, 128;
    %fork TD_tb_stat_counters.check_counter, S_0x564316494cf0;
    %join;
    %pushi/vec4 10, 0, 10;
    %store/vec4 v0x5643164fb500_0, 0, 10;
    %wait E_0x5643164ce790;
    %wait E_0x5643164ce790;
    %delay 100, 0;
    %pushi/vec4 0, 0, 10;
    %store/vec4 v0x5643164fb500_0, 0, 10;
    %wait E_0x5643164ce790;
    %delay 100, 0;
    %pushi/vec4 1, 0, 4;
    %store/vec4 v0x5643164c34f0_0, 0, 4;
    %pushi/vec4 2, 0, 64;
    %store/vec4 v0x5643164c32c0_0, 0, 64;
    %pushi/vec4 3296830905, 0, 34;
    %concati/vec4 2378798517, 0, 32;
    %concati/vec4 2511982997, 0, 32;
    %concati/vec4 606089848, 0, 30;
    %store/vec4 v0x5643164c39e0_0, 0, 128;
    %fork TD_tb_stat_counters.check_counter, S_0x564316494cf0;
    %join;
    %pushi/vec4 3, 0, 4;
    %store/vec4 v0x5643164c34f0_0, 0, 4;
    %pushi/vec4 2, 0, 64;
    %store/vec4 v0x5643164c32c0_0, 0, 64;
    %pushi/vec4 3431048633, 0, 34;
    %concati/vec4 2378798517, 0, 32;
    %concati/vec4 2511982997, 0, 32;
    %concati/vec4 606089848, 0, 30;
    %store/vec4 v0x5643164c39e0_0, 0, 128;
    %fork TD_tb_stat_counters.check_counter, S_0x564316494cf0;
    %join;
    %pushi/vec4 0, 0, 4;
    %store/vec4 v0x5643164c34f0_0, 0, 4;
    %pushi/vec4 3, 0, 64;
    %store/vec4 v0x5643164c32c0_0, 0, 64;
    %pushi/vec4 3706243812, 0, 33;
    %concati/vec4 2160099797, 0, 33;
    %concati/vec4 3113066885, 0, 32;
    %concati/vec4 778528100, 0, 30;
    %store/vec4 v0x5643164c39e0_0, 0, 128;
    %fork TD_tb_stat_counters.check_counter, S_0x564316494cf0;
    %join;
    %pushi/vec4 1, 0, 1;
    %store/vec4 v0x5643164fb740_0, 0, 1;
    %wait E_0x5643164ce790;
    %delay 100, 0;
    %pushi/vec4 0, 0, 1;
    %store/vec4 v0x5643164fb740_0, 0, 1;
    %wait E_0x5643164ce790;
    %delay 100, 0;
    %pushi/vec4 0, 0, 4;
    %store/vec4 v0x5643164c34f0_0, 0, 4;
    %pushi/vec4 0, 0, 64;
    %store/vec4 v0x5643164c32c0_0, 0, 64;
    %pushi/vec4 3403956320, 0, 33;
    %concati/vec4 2173016529, 0, 33;
    %concati/vec4 2512945609, 0, 32;
    %concati/vec4 628319604, 0, 30;
    %store/vec4 v0x5643164c39e0_0, 0, 128;
    %fork TD_tb_stat_counters.check_counter, S_0x564316494cf0;
    %join;
    %pushi/vec4 1, 0, 4;
    %store/vec4 v0x5643164c34f0_0, 0, 4;
    %pushi/vec4 0, 0, 64;
    %store/vec4 v0x5643164c32c0_0, 0, 64;
    %pushi/vec4 3403956322, 0, 33;
    %concati/vec4 2173016529, 0, 33;
    %concati/vec4 2512945609, 0, 32;
    %concati/vec4 628319604, 0, 30;
    %store/vec4 v0x5643164c39e0_0, 0, 128;
    %fork TD_tb_stat_counters.check_counter, S_0x564316494cf0;
    %join;
    %pushi/vec4 3, 0, 4;
    %store/vec4 v0x5643164c34f0_0, 0, 4;
    %pushi/vec4 0, 0, 64;
    %store/vec4 v0x5643164c32c0_0, 0, 64;
    %pushi/vec4 3403956326, 0, 33;
    %concati/vec4 2173016529, 0, 33;
    %concati/vec4 2512945609, 0, 32;
    %concati/vec4 628319604, 0, 30;
    %store/vec4 v0x5643164c39e0_0, 0, 128;
    %fork TD_tb_stat_counters.check_counter, S_0x564316494cf0;
    %join;
    %pushi/vec4 15, 0, 4;
    %store/vec4 v0x5643164c34f0_0, 0, 4;
    %pushi/vec4 0, 0, 64;
    %store/vec4 v0x5643164c32c0_0, 0, 64;
    %pushi/vec4 3049883065, 0, 34;
    %concati/vec4 2643755465, 0, 32;
    %concati/vec4 2513556937, 0, 32;
    %concati/vec4 779296816, 0, 30;
    %store/vec4 v0x5643164c39e0_0, 0, 128;
    %fork TD_tb_stat_counters.check_counter, S_0x564316494cf0;
    %join;
    %vpi_call 2 76 "$display", "---" {0 0 0};
    %load/vec4 v0x5643164fb370_0;
    %cmpi/e 0, 0, 32;
    %jmp/0xz  T_4.0, 4;
    %vpi_call 2 78 "$display", "stat_counters: ALL TESTS PASSED" {0 0 0};
    %jmp T_4.1;
T_4.0 ;
    %vpi_call 2 80 "$display", "stat_counters: %0d ERRORS", v0x5643164fb370_0 {0 0 0};
T_4.1 ;
    %vpi_call 2 81 "$finish" {0 0 0};
    %end;
    .thread T_4;
# The file index is used to find the file name in the following table.
:file_names 4;
    "N/A";
    "<interactive>";
    "tb/tb_stat_counters.v";
    "src/stat_counters.v";
