#! /usr/bin/vvp
:ivl_version "11.0 (stable)";
:ivl_delay_selection "TYPICAL";
:vpi_time_precision - 12;
:vpi_module "/usr/lib/x86_64-linux-gnu/ivl/system.vpi";
:vpi_module "/usr/lib/x86_64-linux-gnu/ivl/vhdl_sys.vpi";
:vpi_module "/usr/lib/x86_64-linux-gnu/ivl/vhdl_textio.vpi";
:vpi_module "/usr/lib/x86_64-linux-gnu/ivl/v2005_math.vpi";
:vpi_module "/usr/lib/x86_64-linux-gnu/ivl/va_math.vpi";
S_0x5655268a4d60 .scope module, "tb_sram_arbiter" "tb_sram_arbiter" 2 6;
 .timescale -9 -12;
P_0x56552685a620 .param/l "DATA_WIDTH" 0 2 9, +C4<00000000000000000000000010000000>;
P_0x56552685a660 .param/l "SRAM_ADDR_WIDTH" 0 2 8, +C4<00000000000000000000000000001000>;
P_0x56552685a6a0 .param/l "SRAM_DEPTH" 0 2 10, +C4<00000000000000000000000100000000>;
v0x5655268e5c20_0 .var "clk", 0 0;
v0x5655268e5cc0_0 .var/i "errors", 31 0;
v0x5655268e5d80_0 .var "req0_addr", 7 0;
v0x5655268e5e20_0 .net "req0_grant", 0 0, v0x5655268c2b70_0;  1 drivers
v0x5655268e5ec0_0 .net "req0_rdata", 127 0, L_0x5655268be3c0;  1 drivers
v0x5655268e5fb0_0 .var "req0_valid", 0 0;
v0x5655268e6050_0 .var "req0_wdata", 127 0;
v0x5655268e60f0_0 .var "req0_wr", 0 0;
v0x5655268e61c0_0 .var "req1_addr", 7 0;
v0x5655268e6290_0 .net "req1_grant", 0 0, v0x5655268e4970_0;  1 drivers
v0x5655268e6360_0 .net "req1_rdata", 127 0, L_0x5655268bea30;  1 drivers
v0x5655268e6430_0 .var "req1_valid", 0 0;
v0x5655268e6500_0 .var "req1_wdata", 127 0;
v0x5655268e65d0_0 .var "req1_wr", 0 0;
v0x5655268e66a0_0 .var "req2_addr", 7 0;
v0x5655268e6770_0 .net "req2_grant", 0 0, v0x5655268e4e50_0;  1 drivers
v0x5655268e6840_0 .net "req2_rdata", 127 0, L_0x5655268bfb80;  1 drivers
v0x5655268e6a20_0 .var "req2_valid", 0 0;
v0x5655268e6af0_0 .var "req2_wdata", 127 0;
v0x5655268e6bc0_0 .var "req2_wr", 0 0;
v0x5655268e6c90_0 .var "rst_n", 0 0;
E_0x565526897100 .event posedge, v0x5655268bc030_0;
E_0x565526896970 .event negedge, v0x5655268bc030_0;
S_0x565526858cf0 .scope module, "dut" "sram_arbiter" 2 36, 3 5 0, S_0x5655268a4d60;
 .timescale 0 0;
    .port_info 0 /INPUT 1 "clk";
    .port_info 1 /INPUT 1 "rst_n";
    .port_info 2 /INPUT 1 "req0_valid";
    .port_info 3 /INPUT 1 "req0_wr";
    .port_info 4 /INPUT 8 "req0_addr";
    .port_info 5 /INPUT 128 "req0_wdata";
    .port_info 6 /OUTPUT 1 "req0_grant";
    .port_info 7 /OUTPUT 128 "req0_rdata";
    .port_info 8 /INPUT 1 "req1_valid";
    .port_info 9 /INPUT 1 "req1_wr";
    .port_info 10 /INPUT 8 "req1_addr";
    .port_info 11 /INPUT 128 "req1_wdata";
    .port_info 12 /OUTPUT 1 "req1_grant";
    .port_info 13 /OUTPUT 128 "req1_rdata";
    .port_info 14 /INPUT 1 "req2_valid";
    .port_info 15 /INPUT 1 "req2_wr";
    .port_info 16 /INPUT 8 "req2_addr";
    .port_info 17 /INPUT 128 "req2_wdata";
    .port_info 18 /OUTPUT 1 "req2_grant";
    .port_info 19 /OUTPUT 128 "req2_rdata";
P_0x56552688cb70 .param/l "DATA_WIDTH" 0 3 8, +C4<00000000000000000000000010000000>;
P_0x56552688cbb0 .param/l "NUM_REQUESTORS" 0 3 6, +C4<00000000000000000000000000000011>;
P_0x56552688cbf0 .param/l "SRAM_ADDR_WIDTH" 0 3 7, +C4<00000000000000000000000000001000>;
P_0x56552688cc30 .param/l "SRAM_DEPTH" 0 3 9, +C4<00000000000000000000000100000000>;
L_0x5655268be3c0 .functor BUFZ 128, v0x5655268bfac0_0, C4<00000000000000000000000000000000000000000000000000000000000000000000000000000000000000000000000000000000000000000000000000000000>, C4<00000000000000000000000000000000000000000000000000000000000000000000000000000000000000000000000000000000000000000000000000000000>, C4<00000000000000000000000000000000000000000000000000000000000000000000000000000000000000000000000000000000000000000000000000000000>;
L_0x5655268bea30 .functor BUFZ 128, v0x5655268bfac0_0, C4<00000000000000000000000000000000000000000000000000000000000000000000000000000000000000000000000000000000000000000000000000000000>, C4<00000000000000000000000000000000000000000000000000000000000000000000000000000000000000000000000000000000000000000000000000000000>, C4<00000000000000000000000000000000000000000000000000000000000000000000000000000000000000000000000000000000000000000000000000000000>;
L_0x5655268bfb80 .functor BUFZ 128, v0x5655268bfac0_0, C4<00000000000000000000000000000000000000000000000000000000000000000000000000000000000000000000000000000000000000000000000000000000>, C4<00000000000000000000000000000000000000000000000000000000000000000000000000000000000000000000000000000000000000000000000000000000>, C4<00000000000000000000000000000000000000000000000000000000000000000000000000000000000000000000000000000000000000000000000000000000>;
v0x5655268bc030_0 .net "clk", 0 0, v0x5655268e5c20_0;  1 drivers
v0x5655268be560_0 .var "last_grant", 1 0;
v0x5655268bfac0_0 .var "rdata_reg", 127 0;
v0x5655268bfce0_0 .net "req0_addr", 7 0, v0x5655268e5d80_0;  1 drivers
v0x5655268c2b70_0 .var "req0_grant", 0 0;
v0x5655268c3f40_0 .net "req0_rdata", 127 0, L_0x5655268be3c0;  alias, 1 drivers
v0x5655268c4f10_0 .net "req0_valid", 0 0, v0x5655268e5fb0_0;  1 drivers
v0x5655268e46f0_0 .net "req0_wdata", 127 0, v0x5655268e6050_0;  1 drivers
v0x5655268e47d0_0 .net "req0_wr", 0 0, v0x5655268e60f0_0;  1 drivers
v0x5655268e4890_0 .net "req1_addr", 7 0, v0x5655268e61c0_0;  1 drivers
v0x5655268e4970_0 .var "req1_grant", 0 0;
v0x5655268e4a30_0 .net "req1_rdata", 127 0, L_0x5655268bea30;  alias, 1 drivers
v0x5655268e4b10_0 .net "req1_valid", 0 0, v0x5655268e6430_0;  1 drivers
v0x5655268e4bd0_0 .net "req1_wdata", 127 0, v0x5655268e6500_0;  1 drivers
v0x5655268e4cb0_0 .net "req1_wr", 0 0, v0x5655268e65d0_0;  1 drivers
v0x5655268e4d70_0 .net "req2_addr", 7 0, v0x5655268e66a0_0;  1 drivers
v0x5655268e4e50_0 .var "req2_grant", 0 0;
v0x5655268e4f10_0 .net "req2_rdata", 127 0, L_0x5655268bfb80;  alias, 1 drivers
v0x5655268e4ff0_0 .net "req2_valid", 0 0, v0x5655268e6a20_0;  1 drivers
v0x5655268e50b0_0 .net "req2_wdata", 127 0, v0x5655268e6af0_0;  1 drivers
v0x5655268e5190_0 .net "req2_wr", 0 0, v0x5655268e6bc0_0;  1 drivers
v0x5655268e5250_0 .net "rst_n", 0 0, v0x5655268e6c90_0;  1 drivers
v0x5655268e5310_0 .var "sel_addr", 7 0;
v0x5655268e53f0_0 .var "sel_id", 1 0;
v0x5655268e54d0_0 .var "sel_valid", 0 0;
v0x5655268e5590_0 .var "sel_wdata", 127 0;
v0x5655268e5670_0 .var "sel_wr", 0 0;
v0x5655268e5730 .array "sram", 255 0, 127 0;
E_0x56552687c9b0/0 .event negedge, v0x5655268e5250_0;
E_0x56552687c9b0/1 .event posedge, v0x5655268bc030_0;
E_0x56552687c9b0 .event/or E_0x56552687c9b0/0, E_0x56552687c9b0/1;
E_0x5655268c5dc0/0 .event edge, v0x5655268be560_0, v0x5655268e4b10_0, v0x5655268e4cb0_0, v0x5655268e4890_0;
E_0x5655268c5dc0/1 .event edge, v0x5655268e4bd0_0, v0x5655268e4ff0_0, v0x5655268e5190_0, v0x5655268e4d70_0;
E_0x5655268c5dc0/2 .event edge, v0x5655268e50b0_0, v0x5655268c4f10_0, v0x5655268e47d0_0, v0x5655268bfce0_0;
E_0x5655268c5dc0/3 .event edge, v0x5655268e46f0_0;
E_0x5655268c5dc0 .event/or E_0x5655268c5dc0/0, E_0x5655268c5dc0/1, E_0x5655268c5dc0/2, E_0x5655268c5dc0/3;
S_0x5655268e5a70 .scope task, "reset_inputs" "reset_inputs" 2 49, 2 49 0, S_0x5655268a4d60;
 .timescale -9 -12;
TD_tb_sram_arbiter.reset_inputs ;
    %pushi/vec4 0, 0, 1;
    %store/vec4 v0x5655268e5fb0_0, 0, 1;
    %pushi/vec4 0, 0, 1;
    %store/vec4 v0x5655268e60f0_0, 0, 1;
    %pushi/vec4 0, 0, 8;
    %store/vec4 v0x5655268e5d80_0, 0, 8;
    %pushi/vec4 0, 0, 128;
    %store/vec4 v0x5655268e6050_0, 0, 128;
    %pushi/vec4 0, 0, 1;
    %store/vec4 v0x5655268e6430_0, 0, 1;
    %pushi/vec4 0, 0, 1;
    %store/vec4 v0x5655268e65d0_0, 0, 1;
    %pushi/vec4 0, 0, 8;
    %store/vec4 v0x5655268e61c0_0, 0, 8;
    %pushi/vec4 0, 0, 128;
    %store/vec4 v0x5655268e6500_0, 0, 128;
    %pushi/vec4 0, 0, 1;
    %store/vec4 v0x5655268e6a20_0, 0, 1;
    %pushi/vec4 0, 0, 1;
    %store/vec4 v0x5655268e6bc0_0, 0, 1;
    %pushi/vec4 0, 0, 8;
    %store/vec4 v0x5655268e66a0_0, 0, 8;
    %pushi/vec4 0, 0, 128;
    %store/vec4 v0x5655268e6af0_0, 0, 128;
    %end;
    .scope S_0x565526858cf0;
T_1 ;
    %wait E_0x5655268c5dc0;
    %pushi/vec4 0, 0, 1;
    %store/vec4 v0x5655268e54d0_0, 0, 1;
    %pushi/vec4 0, 0, 1;
    %store/vec4 v0x5655268e5670_0, 0, 1;
    %pushi/vec4 0, 0, 8;
    %store/vec4 v0x5655268e5310_0, 0, 8;
    %pushi/vec4 0, 0, 128;
    %store/vec4 v0x5655268e5590_0, 0, 128;
    %pushi/vec4 0, 0, 2;
    %store/vec4 v0x5655268e53f0_0, 0, 2;
    %pushi/vec4 0, 0, 1;
    %store/vec4 v0x5655268c2b70_0, 0, 1;
    %pushi/vec4 0, 0, 1;
    %store/vec4 v0x5655268e4970_0, 0, 1;
    %pushi/vec4 0, 0, 1;
    %store/vec4 v0x5655268e4e50_0, 0, 1;
    %load/vec4 v0x5655268be560_0;
    %cmpi/e 0, 0, 2;
    %jmp/0xz  T_1.0, 4;
    %load/vec4 v0x5655268e4b10_0;
    %flag_set/vec4 8;
    %jmp/0xz  T_1.2, 8;
    %pushi/vec4 1, 0, 1;
    %store/vec4 v0x5655268e54d0_0, 0, 1;
    %pushi/vec4 1, 0, 2;
    %store/vec4 v0x5655268e53f0_0, 0, 2;
    %load/vec4 v0x5655268e4cb0_0;
    %store/vec4 v0x5655268e5670_0, 0, 1;
    %load/vec4 v0x5655268e4890_0;
    %store/vec4 v0x5655268e5310_0, 0, 8;
    %load/vec4 v0x5655268e4bd0_0;
    %store/vec4 v0x5655268e5590_0, 0, 128;
    %pushi/vec4 1, 0, 1;
    %store/vec4 v0x5655268e4970_0, 0, 1;
    %jmp T_1.3;
T_1.2 ;
    %load/vec4 v0x5655268e4ff0_0;
    %flag_set/vec4 8;
    %jmp/0xz  T_1.4, 8;
    %pushi/vec4 1, 0, 1;
    %store/vec4 v0x5655268e54d0_0, 0, 1;
    %pushi/vec4 2, 0, 2;
    %store/vec4 v0x5655268e53f0_0, 0, 2;
    %load/vec4 v0x5655268e5190_0;
    %store/vec4 v0x5655268e5670_0, 0, 1;
    %load/vec4 v0x5655268e4d70_0;
    %store/vec4 v0x5655268e5310_0, 0, 8;
    %load/vec4 v0x5655268e50b0_0;
    %store/vec4 v0x5655268e5590_0, 0, 128;
    %pushi/vec4 1, 0, 1;
    %store/vec4 v0x5655268e4e50_0, 0, 1;
    %jmp T_1.5;
T_1.4 ;
    %load/vec4 v0x5655268c4f10_0;
    %flag_set/vec4 8;
    %jmp/0xz  T_1.6, 8;
    %pushi/vec4 1, 0, 1;
    %store/vec4 v0x5655268e54d0_0, 0, 1;
    %pushi/vec4 0, 0, 2;
    %store/vec4 v0x5655268e53f0_0, 0, 2;
    %load/vec4 v0x5655268e47d0_0;
    %store/vec4 v0x5655268e5670_0, 0, 1;
    %load/vec4 v0x5655268bfce0_0;
    %store/vec4 v0x5655268e5310_0, 0, 8;
    %load/vec4 v0x5655268e46f0_0;
    %store/vec4 v0x5655268e5590_0, 0, 128;
    %pushi/vec4 1, 0, 1;
    %store/vec4 v0x5655268c2b70_0, 0, 1;
T_1.6 ;
T_1.5 ;
T_1.3 ;
    %jmp T_1.1;
T_1.0 ;
    %load/vec4 v0x5655268be560_0;
    %cmpi/e 1, 0, 2;
    %jmp/0xz  T_1.8, 4;
    %load/vec4 v0x5655268e4ff0_0;
    %flag_set/vec4 8;
    %jmp/0xz  T_1.10, 8;
    %pushi/vec4 1, 0, 1;
    %store/vec4 v0x5655268e54d0_0, 0, 1;
    %pushi/vec4 2, 0, 2;
    %store/vec4 v0x5655268e53f0_0, 0, 2;
    %load/vec4 v0x5655268e5190_0;
    %store/vec4 v0x5655268e5670_0, 0, 1;
    %load/vec4 v0x5655268e4d70_0;
    %store/vec4 v0x5655268e5310_0, 0, 8;
    %load/vec4 v0x5655268e50b0_0;
    %store/vec4 v0x5655268e5590_0, 0, 128;
    %pushi/vec4 1, 0, 1;
    %store/vec4 v0x5655268e4e50_0, 0, 1;
    %jmp T_1.11;
T_1.10 ;
    %load/vec4 v0x5655268c4f10_0;
    %flag_set/vec4 8;
    %jmp/0xz  T_1.12, 8;
    %pushi/vec4 1, 0, 1;
    %store/vec4 v0x5655268e54d0_0, 0, 1;
    %pushi/vec4 0, 0, 2;
    %store/vec4 v0x5655268e53f0_0, 0, 2;
    %load/vec4 v0x5655268e47d0_0;
    %store/vec4 v0x5655268e5670_0, 0, 1;
    %load/vec4 v0x5655268bfce0_0;
    %store/vec4 v0x5655268e5310_0, 0, 8;
    %load/vec4 v0x5655268e46f0_0;
    %store/vec4 v0x5655268e5590_0, 0, 128;
    %pushi/vec4 1, 0, 1;
    %store/vec4 v0x5655268c2b70_0, 0, 1;
    %jmp T_1.13;
T_1.12 ;
    %load/vec4 v0x5655268e4b10_0;
    %flag_set/vec4 8;
    %jmp/0xz  T_1.14, 8;
    %pushi/vec4 1, 0, 1;
    %store/vec4 v0x5655268e54d0_0, 0, 1;
    %pushi/vec4 1, 0, 2;
    %store/vec4 v0x5655268e53f0_0, 0, 2;
    %load/vec4 v0x5655268e4cb0_0;
    %store/vec4 v0x5655268e5670_0, 0, 1;
    %load/vec4 v0x5655268e4890_0;
    %store/vec4 v0x5655268e5310_0, 0, 8;
    %load/vec4 v0x5655268e4bd0_0;
    %store/vec4 v0x5655268e5590_0, 0, 128;
    %pushi/vec4 1, 0, 1;
    %store/vec4 v0x5655268e4970_0, 0, 1;
T_1.14 ;
T_1.13 ;
T_1.11 ;
    %jmp T_1.9;
T_1.8 ;
    %load/vec4 v0x5655268c4f10_0;
    %flag_set/vec4 8;
    %jmp/0xz  T_1.16, 8;
    %pushi/vec4 1, 0, 1;
    %store/vec4 v0x5655268e54d0_0, 0, 1;
    %pushi/vec4 0, 0, 2;
    %store/vec4 v0x5655268e53f0_0, 0, 2;
    %load/vec4 v0x5655268e47d0_0;
    %store/vec4 v0x5655268e5670_0, 0, 1;
    %load/vec4 v0x5655268bfce0_0;
    %store/vec4 v0x5655268e5310_0, 0, 8;
    %load/vec4 v0x5655268e46f0_0;
    %store/vec4 v0x5655268e5590_0, 0, 128;
    %pushi/vec4 1, 0, 1;
    %store/vec4 v0x5655268c2b70_0, 0, 1;
    %jmp T_1.17;
T_1.16 ;
    %load/vec4 v0x5655268e4b10_0;
    %flag_set/vec4 8;
    %jmp/0xz  T_1.18, 8;
    %pushi/vec4 1, 0, 1;
    %store/vec4 v0x5655268e54d0_0, 0, 1;
    %pushi/vec4 1, 0, 2;
    %store/vec4 v0x5655268e53f0_0, 0, 2;
    %load/vec4 v0x5655268e4cb0_0;
    %store/vec4 v0x5655268e5670_0, 0, 1;
    %load/vec4 v0x5655268e4890_0;
    %store/vec4 v0x5655268e5310_0, 0, 8;
    %load/vec4 v0x5655268e4bd0_0;
    %store/vec4 v0x5655268e5590_0, 0, 128;
    %pushi/vec4 1, 0, 1;
    %store/vec4 v0x5655268e4970_0, 0, 1;
    %jmp T_1.19;
T_1.18 ;
    %load/vec4 v0x5655268e4ff0_0;
    %flag_set/vec4 8;
    %jmp/0xz  T_1.20, 8;
    %pushi/vec4 1, 0, 1;
    %store/vec4 v0x5655268e54d0_0, 0, 1;
    %pushi/vec4 2, 0, 2;
    %store/vec4 v0x5655268e53f0_0, 0, 2;
    %load/vec4 v0x5655268e5190_0;
    %store/vec4 v0x5655268e5670_0, 0, 1;
    %load/vec4 v0x5655268e4d70_0;
    %store/vec4 v0x5655268e5310_0, 0, 8;
    %load/vec4 v0x5655268e50b0_0;
    %store/vec4 v0x5655268e5590_0, 0, 128;
    %pushi/vec4 1, 0, 1;
    %store/vec4 v0x5655268e4e50_0, 0, 1;
T_1.20 ;
T_1.19 ;
T_1.17 ;
T_1.9 ;
T_1.1 ;
    %jmp T_1;
    .thread T_1, $push;
    .scope S_0x565526858cf0;
T_2 ;
    %wait E_0x56552687c9b0;
    %load/vec4 v0x5655268e5250_0;
    %nor/r;
    %flag_set/vec4 8;
    %jmp/0xz  T_2.0, 8;
    %pushi/vec4 2, 0, 2;
    %assign/vec4 v0x5655268be560_0, 0;
    %pushi/vec4 0, 0, 128;
    %assign/vec4 v0x5655268bfac0_0, 0;
    %jmp T_2.1;
T_2.0 ;
    %load/vec4 v0x5655268e54d0_0;
    %flag_set/vec4 8;
    %jmp/0xz  T_2.2, 8;
    %load/vec4 v0x5655268e53f0_0;
    %assign/vec4 v0x5655268be560_0, 0;
    %load/vec4 v0x5655268e5670_0;
    %flag_set/vec4 8;
    %jmp/0xz  T_2.4, 8;
    %load/vec4 v0x5655268e5590_0;
    %load/vec4 v0x5655268e5310_0;
    %pad/u 10;
    %ix/vec4 3;
    %ix/load 4, 0, 0; Constant delay
    %assign/vec4/a/d v0x5655268e5730, 0, 4;
    %jmp T_2.5;
T_2.4 ;
    %load/vec4 v0x5655268e5310_0;
    %pad/u 10;
    %ix/vec4 4;
    %load/vec4a v0x5655268e5730, 4;
    %assign/vec4 v0x5655268bfac0_0, 0;
T_2.5 ;
T_2.2 ;
T_2.1 ;
    %jmp T_2;
    .thread T_2;
    .scope S_0x5655268a4d60;
T_3 ;
    %pushi/vec4 0, 0, 32;
    %store/vec4 v0x5655268e5cc0_0, 0, 32;
    %end;
    .thread T_3;
    .scope S_0x5655268a4d60;
T_4 ;
    %delay 5000, 0;
    %load/vec4 v0x5655268e5c20_0;
    %inv;
    %store/vec4 v0x5655268e5c20_0, 0, 1;
    %jmp T_4;
    .thread T_4;
    .scope S_0x5655268a4d60;
T_5 ;
    %vpi_call 2 63 "$dumpfile", "tb_sram_arbiter.vcd" {0 0 0};
    %vpi_call 2 64 "$dumpvars", 32'sb00000000000000000000000000000000, S_0x5655268a4d60 {0 0 0};
    %pushi/vec4 0, 0, 1;
    %store/vec4 v0x5655268e5c20_0, 0, 1;
    %pushi/vec4 0, 0, 1;
    %store/vec4 v0x5655268e6c90_0, 0, 1;
    %fork TD_tb_sram_arbiter.reset_inputs, S_0x5655268e5a70;
    %join;
    %wait E_0x565526897100;
    %wait E_0x565526897100;
    %pushi/vec4 1, 0, 1;
    %store/vec4 v0x5655268e6c90_0, 0, 1;
    %wait E_0x565526897100;
    %vpi_call 2 76 "$display", "--- T1: Single requestor write + read ---" {0 0 0};
    %wait E_0x565526896970;
    %pushi/vec4 1, 0, 1;
    %store/vec4 v0x5655268e5fb0_0, 0, 1;
    %pushi/vec4 1, 0, 1;
    %store/vec4 v0x5655268e60f0_0, 0, 1;
    %pushi/vec4 10, 0, 8;
    %store/vec4 v0x5655268e5d80_0, 0, 8;
    %pushi/vec4 3735928559, 0, 128;
    %store/vec4 v0x5655268e6050_0, 0, 128;
    %delay 1000, 0;
    %load/vec4 v0x5655268e5e20_0;
    %nor/r;
    %flag_set/vec4 8;
    %jmp/0xz  T_5.0, 8;
    %vpi_call 2 81 "$display", "FAIL T1: write grant not asserted (got g0=%b)", v0x5655268e5e20_0 {0 0 0};
    %load/vec4 v0x5655268e5cc0_0;
    %addi 1, 0, 32;
    %store/vec4 v0x5655268e5cc0_0, 0, 32;
    %jmp T_5.1;
T_5.0 ;
    %vpi_call 2 83 "$display", "PASS T1: write granted" {0 0 0};
T_5.1 ;
    %wait E_0x565526897100;
    %fork TD_tb_sram_arbiter.reset_inputs, S_0x5655268e5a70;
    %join;
    %wait E_0x565526896970;
    %pushi/vec4 1, 0, 1;
    %store/vec4 v0x5655268e5fb0_0, 0, 1;
    %pushi/vec4 0, 0, 1;
    %store/vec4 v0x5655268e60f0_0, 0, 1;
    %pushi/vec4 10, 0, 8;
    %store/vec4 v0x5655268e5d80_0, 0, 8;
    %delay 1000, 0;
    %load/vec4 v0x5655268e5e20_0;
    %nor/r;
    %flag_set/vec4 8;
    %jmp/0xz  T_5.2, 8;
    %vpi_call 2 93 "$display", "FAIL T1: read grant not asserted" {0 0 0};
    %load/vec4 v0x5655268e5cc0_0;
    %addi 1, 0, 32;
    %store/vec4 v0x5655268e5cc0_0, 0, 32;
T_5.2 ;
    %wait E_0x565526897100;
    %fork TD_tb_sram_arbiter.reset_inputs, S_0x5655268e5a70;
    %join;
    %wait E_0x565526897100;
    %delay 1000, 0;
    %load/vec4 v0x5655268e5ec0_0;
    %cmpi/ne 3735928559, 0, 128;
    %jmp/0xz  T_5.4, 6;
    %vpi_call 2 100 "$display", "FAIL T1: readback=%h (exp DEADBEEF)", v0x5655268e5ec0_0 {0 0 0};
    %load/vec4 v0x5655268e5cc0_0;
    %addi 1, 0, 32;
    %store/vec4 v0x5655268e5cc0_0, 0, 32;
    %jmp T_5.5;
T_5.4 ;
    %vpi_call 2 102 "$display", "PASS T1: readback correct" {0 0 0};
T_5.5 ;
    %vpi_call 2 109 "$display", "--- T2: Contention round-robin ---" {0 0 0};
    %wait E_0x565526896970;
    %pushi/vec4 1, 0, 1;
    %store/vec4 v0x5655268e5fb0_0, 0, 1;
    %pushi/vec4 1, 0, 1;
    %store/vec4 v0x5655268e60f0_0, 0, 1;
    %pushi/vec4 20, 0, 8;
    %store/vec4 v0x5655268e5d80_0, 0, 8;
    %pushi/vec4 43690, 0, 128;
    %store/vec4 v0x5655268e6050_0, 0, 128;
    %pushi/vec4 1, 0, 1;
    %store/vec4 v0x5655268e6430_0, 0, 1;
    %pushi/vec4 1, 0, 1;
    %store/vec4 v0x5655268e65d0_0, 0, 1;
    %pushi/vec4 30, 0, 8;
    %store/vec4 v0x5655268e61c0_0, 0, 8;
    %pushi/vec4 48059, 0, 128;
    %store/vec4 v0x5655268e6500_0, 0, 128;
    %delay 1000, 0;
    %load/vec4 v0x5655268e6290_0;
    %nor/r;
    %flag_set/vec4 8;
    %load/vec4 v0x5655268e5e20_0;
    %flag_set/vec4 9;
    %flag_or 9, 8;
    %jmp/0xz  T_5.6, 9;
    %vpi_call 2 115 "$display", "FAIL T2: req1 should win first (g0=%b g1=%b)", v0x5655268e5e20_0, v0x5655268e6290_0 {0 0 0};
    %load/vec4 v0x5655268e5cc0_0;
    %addi 1, 0, 32;
    %store/vec4 v0x5655268e5cc0_0, 0, 32;
    %jmp T_5.7;
T_5.6 ;
    %vpi_call 2 117 "$display", "PASS T2: req1 granted first" {0 0 0};
T_5.7 ;
    %wait E_0x565526897100;
    %pushi/vec4 0, 0, 1;
    %store/vec4 v0x5655268e6430_0, 0, 1;
    %delay 1000, 0;
    %load/vec4 v0x5655268e5e20_0;
    %nor/r;
    %flag_set/vec4 8;
    %jmp/0xz  T_5.8, 8;
    %vpi_call 2 123 "$display", "FAIL T2: req0 should get second grant (g0=%b)", v0x5655268e5e20_0 {0 0 0};
    %load/vec4 v0x5655268e5cc0_0;
    %addi 1, 0, 32;
    %store/vec4 v0x5655268e5cc0_0, 0, 32;
    %jmp T_5.9;
T_5.8 ;
    %vpi_call 2 125 "$display", "PASS T2: req0 granted second" {0 0 0};
T_5.9 ;
    %wait E_0x565526897100;
    %fork TD_tb_sram_arbiter.reset_inputs, S_0x5655268e5a70;
    %join;
    %wait E_0x565526897100;
    %vpi_call 2 133 "$display", "--- T3: Three-way contention ---" {0 0 0};
    %wait E_0x565526896970;
    %pushi/vec4 1, 0, 1;
    %store/vec4 v0x5655268e5fb0_0, 0, 1;
    %pushi/vec4 1, 0, 1;
    %store/vec4 v0x5655268e60f0_0, 0, 1;
    %pushi/vec4 40, 0, 8;
    %store/vec4 v0x5655268e5d80_0, 0, 8;
    %pushi/vec4 4369, 0, 128;
    %store/vec4 v0x5655268e6050_0, 0, 128;
    %pushi/vec4 1, 0, 1;
    %store/vec4 v0x5655268e6430_0, 0, 1;
    %pushi/vec4 1, 0, 1;
    %store/vec4 v0x5655268e65d0_0, 0, 1;
    %pushi/vec4 50, 0, 8;
    %store/vec4 v0x5655268e61c0_0, 0, 8;
    %pushi/vec4 8738, 0, 128;
    %store/vec4 v0x5655268e6500_0, 0, 128;
    %pushi/vec4 1, 0, 1;
    %store/vec4 v0x5655268e6a20_0, 0, 1;
    %pushi/vec4 1, 0, 1;
    %store/vec4 v0x5655268e6bc0_0, 0, 1;
    %pushi/vec4 60, 0, 8;
    %store/vec4 v0x5655268e66a0_0, 0, 8;
    %pushi/vec4 13107, 0, 128;
    %store/vec4 v0x5655268e6af0_0, 0, 128;
    %delay 1000, 0;
    %load/vec4 v0x5655268e6290_0;
    %nor/r;
    %flag_set/vec4 8;
    %load/vec4 v0x5655268e5e20_0;
    %flag_set/vec4 9;
    %flag_or 9, 8;
    %load/vec4 v0x5655268e6770_0;
    %flag_set/vec4 8;
    %flag_or 8, 9;
    %jmp/0xz  T_5.10, 8;
    %vpi_call 2 140 "$display", "FAIL T3a: req1 expected first (g0=%b g1=%b g2=%b)", v0x5655268e5e20_0, v0x5655268e6290_0, v0x5655268e6770_0 {0 0 0};
    %load/vec4 v0x5655268e5cc0_0;
    %addi 1, 0, 32;
    %store/vec4 v0x5655268e5cc0_0, 0, 32;
    %jmp T_5.11;
T_5.10 ;
    %vpi_call 2 143 "$display", "PASS T3a: req1 first" {0 0 0};
T_5.11 ;
    %wait E_0x565526897100;
    %pushi/vec4 0, 0, 1;
    %store/vec4 v0x5655268e6430_0, 0, 1;
    %delay 1000, 0;
    %load/vec4 v0x5655268e6770_0;
    %nor/r;
    %flag_set/vec4 8;
    %load/vec4 v0x5655268e5e20_0;
    %flag_set/vec4 9;
    %flag_or 9, 8;
    %jmp/0xz  T_5.12, 9;
    %vpi_call 2 148 "$display", "FAIL T3b: req2 expected second (g0=%b g2=%b)", v0x5655268e5e20_0, v0x5655268e6770_0 {0 0 0};
    %load/vec4 v0x5655268e5cc0_0;
    %addi 1, 0, 32;
    %store/vec4 v0x5655268e5cc0_0, 0, 32;
    %jmp T_5.13;
T_5.12 ;
    %vpi_call 2 150 "$display", "PASS T3b: req2 second" {0 0 0};
T_5.13 ;
    %wait E_0x565526897100;
    %pushi/vec4 0, 0, 1;
    %store/vec4 v0x5655268e6a20_0, 0, 1;
    %delay 1000, 0;
    %load/vec4 v0x5655268e5e20_0;
    %nor/r;
    %flag_set/vec4 8;
    %jmp/0xz  T_5.14, 8;
    %vpi_call 2 155 "$display", "FAIL T3c: req0 expected third (g0=%b)", v0x5655268e5e20_0 {0 0 0};
    %load/vec4 v0x5655268e5cc0_0;
    %addi 1, 0, 32;
    %store/vec4 v0x5655268e5cc0_0, 0, 32;
    %jmp T_5.15;
T_5.14 ;
    %vpi_call 2 157 "$display", "PASS T3c: req0 third" {0 0 0};
T_5.15 ;
    %wait E_0x565526897100;
    %fork TD_tb_sram_arbiter.reset_inputs, S_0x5655268e5a70;
    %join;
    %wait E_0x565526897100;
    %vpi_call 2 165 "$display", "---" {0 0 0};
    %load/vec4 v0x5655268e5cc0_0;
    %cmpi/e 0, 0, 32;
    %jmp/0xz  T_5.16, 4;
    %vpi_call 2 167 "$display", "sram_arbiter: ALL TESTS PASSED" {0 0 0};
    %jmp T_5.17;
T_5.16 ;
    %vpi_call 2 169 "$display", "sram_arbiter: %0d ERRORS", v0x5655268e5cc0_0 {0 0 0};
T_5.17 ;
    %vpi_call 2 170 "$finish" {0 0 0};
    %end;
    .thread T_5;
# The file index is used to find the file name in the following table.
:file_names 4;
    "N/A";
    "<interactive>";
    "tb/tb_sram_arbiter.v";
    "src/sram_arbiter.v";
