#! /usr/bin/vvp
:ivl_version "11.0 (stable)";
:ivl_delay_selection "TYPICAL";
:vpi_time_precision - 12;
:vpi_module "/usr/lib/x86_64-linux-gnu/ivl/system.vpi";
:vpi_module "/usr/lib/x86_64-linux-gnu/ivl/vhdl_sys.vpi";
:vpi_module "/usr/lib/x86_64-linux-gnu/ivl/vhdl_textio.vpi";
:vpi_module "/usr/lib/x86_64-linux-gnu/ivl/v2005_math.vpi";
:vpi_module "/usr/lib/x86_64-linux-gnu/ivl/va_math.vpi";
S_0x55a62a14f5b0 .scope module, "tb_sq_engine" "tb_sq_engine" 2 4;
 .timescale -9 -12;
P_0x55a62a14f1f0 .param/l "DW" 0 2 9, +C4<00000000000000000000000010000000>;
P_0x55a62a14f230 .param/l "MAILBOX_BASE" 0 2 10, C4<0010000100000000>;
P_0x55a62a14f270 .param/l "MAILBOX_STRIDE" 0 2 11, +C4<00000000000000000000000000100000>;
P_0x55a62a14f2b0 .param/l "NUM_QUEUES" 0 2 6, +C4<00000000000000000000000000000100>;
P_0x55a62a14f2f0 .param/l "QUEUE_DEPTH" 0 2 7, +C4<00000000000000000000000000001000>;
P_0x55a62a14f330 .param/l "SRAM_AW" 0 2 8, +C4<00000000000000000000000000010000>;
v0x55a62a1d92e0_0 .var "clk", 0 0;
v0x55a62a1d93d0_0 .var "credit_avail", 0 0;
v0x55a62a1d94a0_0 .net "credit_dec", 0 0, v0x55a62a1d6860_0;  1 drivers
v0x55a62a1d95a0_0 .var/i "errors", 31 0;
v0x55a62a1d9640_0 .var "mmio_wr_addr", 15 0;
v0x55a62a1d9730_0 .var "mmio_wr_data", 63 0;
v0x55a62a1d9800_0 .var "mmio_wr_valid", 0 0;
v0x55a62a1d98d0_0 .var "rst_n", 0 0;
v0x55a62a1d99a0_0 .net "sq_qid", 1 0, v0x55a62a1d8080_0;  1 drivers
v0x55a62a1d9a70_0 .net "sq_ready", 0 0, v0x55a62a1d8160_0;  1 drivers
v0x55a62a1d9b40_0 .var/i "sq_ready_count", 31 0;
v0x55a62a1d9be0_0 .net "sram_addr", 15 0, v0x55a62a1d8220_0;  1 drivers
v0x55a62a1d9cb0_0 .var "sram_grant", 0 0;
v0x55a62a1d9d80_0 .net "sram_req", 0 0, v0x55a62a1d83c0_0;  1 drivers
v0x55a62a1d9e50_0 .net "sram_wdata", 127 0, v0x55a62a1d8480_0;  1 drivers
v0x55a62a1d9f20_0 .net "sram_wr", 0 0, v0x55a62a1d8560_0;  1 drivers
v0x55a62a1d9ff0_0 .net "stat_mailbox_sub", 0 0, L_0x55a62a1b0e30;  1 drivers
v0x55a62a1da0c0_0 .net "stat_prp_list", 0 0, L_0x55a62a14d540;  1 drivers
v0x55a62a1da190_0 .net "stat_prp_simple", 0 0, L_0x55a62a1b3c20;  1 drivers
E_0x55a62a1652a0 .event edge, v0x55a62a1d83c0_0;
S_0x55a62a14f3d0 .scope begin, "burst_block" "burst_block" 2 122, 2 122 0, S_0x55a62a14f5b0;
 .timescale -9 -12;
v0x55a62a1b09e0_0 .var/i "j", 31 0;
E_0x55a62a166960 .event posedge, v0x55a62a1d66e0_0;
S_0x55a62a14ec30 .scope begin, "cid_block" "cid_block" 2 165, 2 165 0, S_0x55a62a14f5b0;
 .timescale -9 -12;
v0x55a62a1b1410_0 .var/i "j", 31 0;
S_0x55a62a14f8d0 .scope module, "dut" "sq_engine" 2 38, 3 5 0, S_0x55a62a14f5b0;
 .timescale 0 0;
    .port_info 0 /INPUT 1 "clk";
    .port_info 1 /INPUT 1 "rst_n";
    .port_info 2 /INPUT 1 "mmio_wr_valid";
    .port_info 3 /INPUT 16 "mmio_wr_addr";
    .port_info 4 /INPUT 64 "mmio_wr_data";
    .port_info 5 /OUTPUT 1 "sram_req";
    .port_info 6 /OUTPUT 1 "sram_wr";
    .port_info 7 /OUTPUT 16 "sram_addr";
    .port_info 8 /OUTPUT 128 "sram_wdata";
    .port_info 9 /INPUT 1 "sram_grant";
    .port_info 10 /INPUT 1 "credit_avail";
    .port_info 11 /OUTPUT 1 "credit_dec";
    .port_info 12 /OUTPUT 1 "sq_ready";
    .port_info 13 /OUTPUT 2 "sq_qid";
    .port_info 14 /OUTPUT 1 "stat_mailbox_sub";
    .port_info 15 /OUTPUT 1 "stat_prp_simple";
    .port_info 16 /OUTPUT 1 "stat_prp_list";
P_0x55a62a1d4640 .param/l "DATA_WIDTH" 0 3 9, +C4<00000000000000000000000010000000>;
P_0x55a62a1d4680 .param/l "DW" 1 3 45, +C4<00000000000000000000000000000011>;
P_0x55a62a1d46c0 .param/l "LBA_SIZE" 0 3 10, +C4<00000000000000000001000000000000>;
P_0x55a62a1d4700 .param/l "MAILBOX_BASE" 0 3 12, C4<0010000100000000>;
P_0x55a62a1d4740 .param/l "MAILBOX_STRIDE" 0 3 13, +C4<00000000000000000000000000100000>;
P_0x55a62a1d4780 .param/l "MAX_PRP" 1 3 47, +C4<000000000000000000000000000011111>;
P_0x55a62a1d47c0 .param/l "MAX_TRANSFER" 0 3 11, +C4<00000000000000100000000000000000>;
P_0x55a62a1d4800 .param/l "NUM_QUEUES" 0 3 6, +C4<00000000000000000000000000000100>;
P_0x55a62a1d4840 .param/l "PAGE_SIZE" 1 3 46, +C4<00000000000000000001000000000000>;
P_0x55a62a1d4880 .param/l "PRP_SRAM_BASE" 1 3 96, +C4<0000000000000000000000000000000000000000000000000000000000000000000000000000000000000000010100000>;
P_0x55a62a1d48c0 .param/l "PW" 1 3 48, +C4<00000000000000000000000000000101>;
P_0x55a62a1d4900 .param/l "QUEUE_DEPTH" 0 3 7, +C4<00000000000000000000000000001000>;
P_0x55a62a1d4940 .param/l "QW" 1 3 44, +C4<00000000000000000000000000000010>;
P_0x55a62a1d4980 .param/l "SRAM_ADDR_WIDTH" 0 3 8, +C4<00000000000000000000000000010000>;
P_0x55a62a1d49c0 .param/l "S_DECODE" 1 3 54, C4<0011>;
P_0x55a62a1d4a00 .param/l "S_IDLE" 1 3 51, C4<0000>;
P_0x55a62a1d4a40 .param/l "S_INJECT" 1 3 59, C4<1000>;
P_0x55a62a1d4a80 .param/l "S_LATCH_0" 1 3 52, C4<0001>;
P_0x55a62a1d4ac0 .param/l "S_LATCH_1" 1 3 53, C4<0010>;
P_0x55a62a1d4b00 .param/l "S_PRP_CALC" 1 3 55, C4<0100>;
P_0x55a62a1d4b40 .param/l "S_PRP_DUAL" 1 3 57, C4<0110>;
P_0x55a62a1d4b80 .param/l "S_PRP_LIST" 1 3 58, C4<0111>;
P_0x55a62a1d4bc0 .param/l "S_PRP_SIMPLE" 1 3 56, C4<0101>;
L_0x55a62a1b0e30 .functor BUFZ 1, v0x55a62a1d7480_0, C4<0>, C4<0>, C4<0>;
L_0x55a62a1b3c20 .functor AND 1, v0x55a62a1d7480_0, v0x55a62a1d7f00_0, C4<1>, C4<1>;
L_0x55a62a14d540 .functor AND 1, v0x55a62a1d7480_0, v0x55a62a1d7e40_0, C4<1>, C4<1>;
L_0x55a62a159530 .functor AND 1, v0x55a62a1d9800_0, L_0x55a62a1ea360, C4<1>, C4<1>;
L_0x55a62a1b57c0 .functor AND 1, L_0x55a62a159530, L_0x55a62a1ea6c0, C4<1>, C4<1>;
v0x55a62a1b3520_0 .net *"_ivl_11", 0 0, L_0x55a62a159530;  1 drivers
v0x55a62a1b3e00_0 .net *"_ivl_12", 31 0, L_0x55a62a1ea5a0;  1 drivers
L_0x7f253fd7d060 .functor BUFT 1, C4<0000000000000000>, C4<0>, C4<0>, C4<0>;
v0x55a62a1590b0_0 .net *"_ivl_15", 15 0, L_0x7f253fd7d060;  1 drivers
L_0x7f253fd7d0a8 .functor BUFT 1, C4<00000000000000000010000110000000>, C4<0>, C4<0>, C4<0>;
v0x55a62a159690_0 .net/2u *"_ivl_16", 31 0, L_0x7f253fd7d0a8;  1 drivers
v0x55a62a1b59a0_0 .net *"_ivl_18", 0 0, L_0x55a62a1ea6c0;  1 drivers
v0x55a62a1d5a00_0 .net *"_ivl_22", 31 0, L_0x55a62a1ea8d0;  1 drivers
L_0x7f253fd7d0f0 .functor BUFT 1, C4<0000000000000000>, C4<0>, C4<0>, C4<0>;
v0x55a62a1d5ae0_0 .net *"_ivl_25", 15 0, L_0x7f253fd7d0f0;  1 drivers
L_0x7f253fd7d138 .functor BUFT 1, C4<00000000000000000010000100000000>, C4<0>, C4<0>, C4<0>;
v0x55a62a1d5bc0_0 .net/2u *"_ivl_26", 31 0, L_0x7f253fd7d138;  1 drivers
v0x55a62a1d5ca0_0 .net *"_ivl_28", 31 0, L_0x55a62a1ea9f0;  1 drivers
L_0x7f253fd7d180 .functor BUFT 1, C4<00000000000000000000000000100000>, C4<0>, C4<0>, C4<0>;
v0x55a62a1d5d80_0 .net/2u *"_ivl_30", 31 0, L_0x7f253fd7d180;  1 drivers
v0x55a62a1d5e60_0 .net *"_ivl_32", 31 0, L_0x55a62a1eab30;  1 drivers
v0x55a62a1d5f40_0 .net *"_ivl_36", 31 0, L_0x55a62a1eada0;  1 drivers
L_0x7f253fd7d1c8 .functor BUFT 1, C4<0000000000000000>, C4<0>, C4<0>, C4<0>;
v0x55a62a1d6020_0 .net *"_ivl_39", 15 0, L_0x7f253fd7d1c8;  1 drivers
L_0x7f253fd7d210 .functor BUFT 1, C4<00000000000000000010000100000000>, C4<0>, C4<0>, C4<0>;
v0x55a62a1d6100_0 .net/2u *"_ivl_40", 31 0, L_0x7f253fd7d210;  1 drivers
v0x55a62a1d61e0_0 .net *"_ivl_42", 31 0, L_0x55a62a1eaee0;  1 drivers
L_0x7f253fd7d258 .functor BUFT 1, C4<00000000000000000000000000100000>, C4<0>, C4<0>, C4<0>;
v0x55a62a1d62c0_0 .net/2u *"_ivl_44", 31 0, L_0x7f253fd7d258;  1 drivers
v0x55a62a1d63a0_0 .net *"_ivl_46", 31 0, L_0x55a62a1eb020;  1 drivers
L_0x7f253fd7d018 .functor BUFT 1, C4<0010000100000000>, C4<0>, C4<0>, C4<0>;
v0x55a62a1d6480_0 .net/2u *"_ivl_6", 15 0, L_0x7f253fd7d018;  1 drivers
v0x55a62a1d6560_0 .net *"_ivl_8", 0 0, L_0x55a62a1ea360;  1 drivers
v0x55a62a1d6620 .array "cid_counter", 3 0, 2 0;
v0x55a62a1d66e0_0 .net "clk", 0 0, v0x55a62a1d92e0_0;  1 drivers
v0x55a62a1d67a0_0 .net "credit_avail", 0 0, v0x55a62a1d93d0_0;  1 drivers
v0x55a62a1d6860_0 .var "credit_dec", 0 0;
v0x55a62a1d6920_0 .var "cur_buf_addr", 63 0;
v0x55a62a1d6a00_0 .var "cur_cid", 2 0;
v0x55a62a1d6ae0_0 .var "cur_flags", 7 0;
v0x55a62a1d6bc0_0 .var "cur_lba", 63 0;
v0x55a62a1d6ca0_0 .var "cur_nlb", 15 0;
v0x55a62a1d6d80_0 .var "cur_nsid", 15 0;
v0x55a62a1d6e60_0 .var "cur_opcode", 7 0;
v0x55a62a1d6f40_0 .var "cur_prp1", 63 0;
v0x55a62a1d7020_0 .var "cur_prp2", 63 0;
v0x55a62a1d7100_0 .var "cur_qid", 1 0;
v0x55a62a1d71e0_0 .var "cur_qpair_id", 15 0;
v0x55a62a1d72c0_0 .var "cur_transfer_size", 31 0;
v0x55a62a1d73a0_0 .var/i "i", 31 0;
v0x55a62a1d7480_0 .var "inject_done", 0 0;
v0x55a62a1d7540 .array "latch_w0", 3 0, 63 0;
v0x55a62a1d7600 .array "latch_w1", 3 0, 63 0;
v0x55a62a1d76c0 .array "latch_w2", 3 0, 63 0;
v0x55a62a1d7780_0 .net "mailbox_hit", 0 0, L_0x55a62a1b57c0;  1 drivers
v0x55a62a1d7840_0 .net "mailbox_offset", 4 0, L_0x55a62a1eb170;  1 drivers
v0x55a62a1d7920_0 .net "mailbox_qid", 1 0, L_0x55a62a1eacb0;  1 drivers
v0x55a62a1d7a00_0 .net "mmio_wr_addr", 15 0, v0x55a62a1d9640_0;  1 drivers
v0x55a62a1d7ae0_0 .net "mmio_wr_data", 63 0, v0x55a62a1d9730_0;  1 drivers
v0x55a62a1d7bc0_0 .net "mmio_wr_valid", 0 0, v0x55a62a1d9800_0;  1 drivers
v0x55a62a1d7c80_0 .var "prp_count", 4 0;
v0x55a62a1d7d60_0 .var "prp_idx", 4 0;
v0x55a62a1d7e40_0 .var "prp_was_list", 0 0;
v0x55a62a1d7f00_0 .var "prp_was_simple", 0 0;
v0x55a62a1d7fc0_0 .net "rst_n", 0 0, v0x55a62a1d98d0_0;  1 drivers
v0x55a62a1d8080_0 .var "sq_qid", 1 0;
v0x55a62a1d8160_0 .var "sq_ready", 0 0;
v0x55a62a1d8220_0 .var "sram_addr", 15 0;
v0x55a62a1d8300_0 .net "sram_grant", 0 0, v0x55a62a1d9cb0_0;  1 drivers
v0x55a62a1d83c0_0 .var "sram_req", 0 0;
v0x55a62a1d8480_0 .var "sram_wdata", 127 0;
v0x55a62a1d8560_0 .var "sram_wr", 0 0;
v0x55a62a1d8620_0 .net "stat_mailbox_sub", 0 0, L_0x55a62a1b0e30;  alias, 1 drivers
v0x55a62a1d86e0_0 .net "stat_prp_list", 0 0, L_0x55a62a14d540;  alias, 1 drivers
v0x55a62a1d87a0_0 .net "stat_prp_simple", 0 0, L_0x55a62a1b3c20;  alias, 1 drivers
v0x55a62a1d8860_0 .var "state", 3 0;
v0x55a62a1d8940 .array "write_count", 3 0, 1 0;
E_0x55a62a14a9b0/0 .event negedge, v0x55a62a1d7fc0_0;
E_0x55a62a14a9b0/1 .event posedge, v0x55a62a1d66e0_0;
E_0x55a62a14a9b0 .event/or E_0x55a62a14a9b0/0, E_0x55a62a14a9b0/1;
L_0x55a62a1ea360 .cmp/ge 16, v0x55a62a1d9640_0, L_0x7f253fd7d018;
L_0x55a62a1ea5a0 .concat [ 16 16 0 0], v0x55a62a1d9640_0, L_0x7f253fd7d060;
L_0x55a62a1ea6c0 .cmp/gt 32, L_0x7f253fd7d0a8, L_0x55a62a1ea5a0;
L_0x55a62a1ea8d0 .concat [ 16 16 0 0], v0x55a62a1d9640_0, L_0x7f253fd7d0f0;
L_0x55a62a1ea9f0 .arith/sub 32, L_0x55a62a1ea8d0, L_0x7f253fd7d138;
L_0x55a62a1eab30 .arith/div 32, L_0x55a62a1ea9f0, L_0x7f253fd7d180;
L_0x55a62a1eacb0 .part L_0x55a62a1eab30, 0, 2;
L_0x55a62a1eada0 .concat [ 16 16 0 0], v0x55a62a1d9640_0, L_0x7f253fd7d1c8;
L_0x55a62a1eaee0 .arith/sub 32, L_0x55a62a1eada0, L_0x7f253fd7d210;
L_0x55a62a1eb020 .arith/mod 32, L_0x55a62a1eaee0, L_0x7f253fd7d258;
L_0x55a62a1eb170 .part L_0x55a62a1eb020, 0, 5;
S_0x55a62a14eaa0 .scope task, "mailbox_write" "mailbox_write" 2 56, 2 56 0, S_0x55a62a14f5b0;
 .timescale -9 -12;
v0x55a62a1d8c20_0 .var "data", 63 0;
v0x55a62a1d8d20_0 .var "offset", 4 0;
v0x55a62a1d8e00_0 .var "qid", 1 0;
TD_tb_sq_engine.mailbox_write ;
    %pushi/vec4 1, 0, 1;
    %store/vec4 v0x55a62a1d9800_0, 0, 1;
    %pushi/vec4 8448, 0, 32;
    %load/vec4 v0x55a62a1d8e00_0;
    %pad/u 32;
    %muli 32, 0, 32;
    %add;
    %load/vec4 v0x55a62a1d8d20_0;
    %pad/u 32;
    %add;
    %pad/u 16;
    %store/vec4 v0x55a62a1d9640_0, 0, 16;
    %load/vec4 v0x55a62a1d8c20_0;
    %store/vec4 v0x55a62a1d9730_0, 0, 64;
    %wait E_0x55a62a166960;
    %delay 100, 0;
    %pushi/vec4 0, 0, 1;
    %store/vec4 v0x55a62a1d9800_0, 0, 1;
    %wait E_0x55a62a166960;
    %delay 100, 0;
    %end;
S_0x55a62a14f740 .scope task, "submit_sqe" "submit_sqe" 2 71, 2 71 0, S_0x55a62a14f5b0;
 .timescale -9 -12;
v0x55a62a1d8f60_0 .var "buf_addr", 63 0;
v0x55a62a1d9060_0 .var "nlb", 15 0;
v0x55a62a1d9140_0 .var "opcode", 7 0;
v0x55a62a1d9200_0 .var "qid", 1 0;
TD_tb_sq_engine.submit_sqe ;
    %load/vec4 v0x55a62a1d9200_0;
    %store/vec4 v0x55a62a1d8e00_0, 0, 2;
    %pushi/vec4 0, 0, 5;
    %store/vec4 v0x55a62a1d8d20_0, 0, 5;
    %pushi/vec4 0, 0, 32;
    %concati/vec4 1, 0, 16;
    %concati/vec4 0, 0, 8;
    %load/vec4 v0x55a62a1d9140_0;
    %concat/vec4; draw_concat_vec4
    %store/vec4 v0x55a62a1d8c20_0, 0, 64;
    %fork TD_tb_sq_engine.mailbox_write, S_0x55a62a14eaa0;
    %join;
    %load/vec4 v0x55a62a1d9200_0;
    %store/vec4 v0x55a62a1d8e00_0, 0, 2;
    %pushi/vec4 8, 0, 5;
    %store/vec4 v0x55a62a1d8d20_0, 0, 5;
    %pushi/vec4 0, 0, 14;
    %load/vec4 v0x55a62a1d9200_0;
    %concat/vec4; draw_concat_vec4
    %load/vec4 v0x55a62a1d9060_0;
    %concat/vec4; draw_concat_vec4
    %concati/vec4 0, 0, 32;
    %store/vec4 v0x55a62a1d8c20_0, 0, 64;
    %fork TD_tb_sq_engine.mailbox_write, S_0x55a62a14eaa0;
    %join;
    %load/vec4 v0x55a62a1d9200_0;
    %store/vec4 v0x55a62a1d8e00_0, 0, 2;
    %pushi/vec4 16, 0, 5;
    %store/vec4 v0x55a62a1d8d20_0, 0, 5;
    %load/vec4 v0x55a62a1d8f60_0;
    %store/vec4 v0x55a62a1d8c20_0, 0, 64;
    %fork TD_tb_sq_engine.mailbox_write, S_0x55a62a14eaa0;
    %join;
    %end;
    .scope S_0x55a62a14f8d0;
T_2 ;
    %wait E_0x55a62a14a9b0;
    %load/vec4 v0x55a62a1d7fc0_0;
    %nor/r;
    %flag_set/vec4 8;
    %jmp/0xz  T_2.0, 8;
    %pushi/vec4 0, 0, 4;
    %assign/vec4 v0x55a62a1d8860_0, 0;
    %pushi/vec4 0, 0, 2;
    %assign/vec4 v0x55a62a1d7100_0, 0;
    %pushi/vec4 0, 0, 1;
    %assign/vec4 v0x55a62a1d83c0_0, 0;
    %pushi/vec4 0, 0, 1;
    %assign/vec4 v0x55a62a1d8560_0, 0;
    %pushi/vec4 0, 0, 16;
    %assign/vec4 v0x55a62a1d8220_0, 0;
    %pushi/vec4 0, 0, 128;
    %assign/vec4 v0x55a62a1d8480_0, 0;
    %pushi/vec4 0, 0, 1;
    %assign/vec4 v0x55a62a1d6860_0, 0;
    %pushi/vec4 0, 0, 1;
    %assign/vec4 v0x55a62a1d8160_0, 0;
    %pushi/vec4 0, 0, 2;
    %assign/vec4 v0x55a62a1d8080_0, 0;
    %pushi/vec4 0, 0, 1;
    %assign/vec4 v0x55a62a1d7480_0, 0;
    %pushi/vec4 0, 0, 1;
    %assign/vec4 v0x55a62a1d7f00_0, 0;
    %pushi/vec4 0, 0, 1;
    %assign/vec4 v0x55a62a1d7e40_0, 0;
    %pushi/vec4 0, 0, 5;
    %assign/vec4 v0x55a62a1d7d60_0, 0;
    %pushi/vec4 0, 0, 5;
    %assign/vec4 v0x55a62a1d7c80_0, 0;
    %pushi/vec4 0, 0, 8;
    %assign/vec4 v0x55a62a1d6e60_0, 0;
    %pushi/vec4 0, 0, 8;
    %assign/vec4 v0x55a62a1d6ae0_0, 0;
    %pushi/vec4 0, 0, 16;
    %assign/vec4 v0x55a62a1d6d80_0, 0;
    %pushi/vec4 0, 0, 64;
    %assign/vec4 v0x55a62a1d6bc0_0, 0;
    %pushi/vec4 0, 0, 16;
    %assign/vec4 v0x55a62a1d6ca0_0, 0;
    %pushi/vec4 0, 0, 16;
    %assign/vec4 v0x55a62a1d71e0_0, 0;
    %pushi/vec4 0, 0, 64;
    %assign/vec4 v0x55a62a1d6920_0, 0;
    %pushi/vec4 0, 0, 3;
    %assign/vec4 v0x55a62a1d6a00_0, 0;
    %pushi/vec4 0, 0, 32;
    %assign/vec4 v0x55a62a1d72c0_0, 0;
    %pushi/vec4 0, 0, 64;
    %assign/vec4 v0x55a62a1d6f40_0, 0;
    %pushi/vec4 0, 0, 64;
    %assign/vec4 v0x55a62a1d7020_0, 0;
    %pushi/vec4 0, 0, 32;
    %store/vec4 v0x55a62a1d73a0_0, 0, 32;
T_2.2 ;
    %load/vec4 v0x55a62a1d73a0_0;
    %cmpi/s 4, 0, 32;
    %jmp/0xz T_2.3, 5;
    %pushi/vec4 0, 0, 64;
    %ix/getv/s 3, v0x55a62a1d73a0_0;
    %ix/load 4, 0, 0; Constant delay
    %assign/vec4/a/d v0x55a62a1d7540, 0, 4;
    %pushi/vec4 0, 0, 64;
    %ix/getv/s 3, v0x55a62a1d73a0_0;
    %ix/load 4, 0, 0; Constant delay
    %assign/vec4/a/d v0x55a62a1d7600, 0, 4;
    %pushi/vec4 0, 0, 64;
    %ix/getv/s 3, v0x55a62a1d73a0_0;
    %ix/load 4, 0, 0; Constant delay
    %assign/vec4/a/d v0x55a62a1d76c0, 0, 4;
    %pushi/vec4 0, 0, 2;
    %ix/getv/s 3, v0x55a62a1d73a0_0;
    %ix/load 4, 0, 0; Constant delay
    %assign/vec4/a/d v0x55a62a1d8940, 0, 4;
    %pushi/vec4 0, 0, 3;
    %ix/getv/s 3, v0x55a62a1d73a0_0;
    %ix/load 4, 0, 0; Constant delay
    %assign/vec4/a/d v0x55a62a1d6620, 0, 4;
    %load/vec4 v0x55a62a1d73a0_0;
    %addi 1, 0, 32;
    %store/vec4 v0x55a62a1d73a0_0, 0, 32;
    %jmp T_2.2;
T_2.3 ;
    %jmp T_2.1;
T_2.0 ;
    %pushi/vec4 0, 0, 1;
    %assign/vec4 v0x55a62a1d6860_0, 0;
    %pushi/vec4 0, 0, 1;
    %assign/vec4 v0x55a62a1d8160_0, 0;
    %pushi/vec4 0, 0, 1;
    %assign/vec4 v0x55a62a1d7480_0, 0;
    %pushi/vec4 0, 0, 1;
    %assign/vec4 v0x55a62a1d83c0_0, 0;
    %load/vec4 v0x55a62a1d8860_0;
    %dup/vec4;
    %pushi/vec4 0, 0, 4;
    %cmp/u;
    %jmp/1 T_2.4, 6;
    %dup/vec4;
    %pushi/vec4 1, 0, 4;
    %cmp/u;
    %jmp/1 T_2.5, 6;
    %dup/vec4;
    %pushi/vec4 2, 0, 4;
    %cmp/u;
    %jmp/1 T_2.6, 6;
    %dup/vec4;
    %pushi/vec4 3, 0, 4;
    %cmp/u;
    %jmp/1 T_2.7, 6;
    %dup/vec4;
    %pushi/vec4 4, 0, 4;
    %cmp/u;
    %jmp/1 T_2.8, 6;
    %dup/vec4;
    %pushi/vec4 5, 0, 4;
    %cmp/u;
    %jmp/1 T_2.9, 6;
    %dup/vec4;
    %pushi/vec4 6, 0, 4;
    %cmp/u;
    %jmp/1 T_2.10, 6;
    %dup/vec4;
    %pushi/vec4 7, 0, 4;
    %cmp/u;
    %jmp/1 T_2.11, 6;
    %dup/vec4;
    %pushi/vec4 8, 0, 4;
    %cmp/u;
    %jmp/1 T_2.12, 6;
    %pushi/vec4 0, 0, 4;
    %assign/vec4 v0x55a62a1d8860_0, 0;
    %jmp T_2.14;
T_2.4 ;
    %load/vec4 v0x55a62a1d7780_0;
    %flag_set/vec4 8;
    %jmp/0xz  T_2.15, 8;
    %load/vec4 v0x55a62a1d7920_0;
    %assign/vec4 v0x55a62a1d7100_0, 0;
    %load/vec4 v0x55a62a1d7840_0;
    %cmpi/e 0, 0, 5;
    %jmp/0xz  T_2.17, 4;
    %load/vec4 v0x55a62a1d7ae0_0;
    %load/vec4 v0x55a62a1d7920_0;
    %pad/u 4;
    %ix/vec4 3;
    %ix/load 4, 0, 0; Constant delay
    %assign/vec4/a/d v0x55a62a1d7540, 0, 4;
    %pushi/vec4 1, 0, 2;
    %load/vec4 v0x55a62a1d7920_0;
    %pad/u 4;
    %ix/vec4 3;
    %ix/load 4, 0, 0; Constant delay
    %assign/vec4/a/d v0x55a62a1d8940, 0, 4;
    %pushi/vec4 1, 0, 4;
    %assign/vec4 v0x55a62a1d8860_0, 0;
T_2.17 ;
T_2.15 ;
    %jmp T_2.14;
T_2.5 ;
    %load/vec4 v0x55a62a1d7780_0;
    %load/vec4 v0x55a62a1d7920_0;
    %load/vec4 v0x55a62a1d7100_0;
    %cmp/e;
    %flag_get/vec4 4;
    %and;
    %load/vec4 v0x55a62a1d7840_0;
    %pushi/vec4 8, 0, 5;
    %cmp/e;
    %flag_get/vec4 4;
    %and;
    %flag_set/vec4 8;
    %jmp/0xz  T_2.19, 8;
    %load/vec4 v0x55a62a1d7ae0_0;
    %load/vec4 v0x55a62a1d7100_0;
    %pad/u 4;
    %ix/vec4 3;
    %ix/load 4, 0, 0; Constant delay
    %assign/vec4/a/d v0x55a62a1d7600, 0, 4;
    %pushi/vec4 2, 0, 2;
    %load/vec4 v0x55a62a1d7100_0;
    %pad/u 4;
    %ix/vec4 3;
    %ix/load 4, 0, 0; Constant delay
    %assign/vec4/a/d v0x55a62a1d8940, 0, 4;
    %pushi/vec4 2, 0, 4;
    %assign/vec4 v0x55a62a1d8860_0, 0;
T_2.19 ;
    %jmp T_2.14;
T_2.6 ;
    %load/vec4 v0x55a62a1d7780_0;
    %load/vec4 v0x55a62a1d7920_0;
    %load/vec4 v0x55a62a1d7100_0;
    %cmp/e;
    %flag_get/vec4 4;
    %and;
    %load/vec4 v0x55a62a1d7840_0;
    %pushi/vec4 16, 0, 5;
    %cmp/e;
    %flag_get/vec4 4;
    %and;
    %flag_set/vec4 8;
    %jmp/0xz  T_2.21, 8;
    %load/vec4 v0x55a62a1d7ae0_0;
    %load/vec4 v0x55a62a1d7100_0;
    %pad/u 4;
    %ix/vec4 3;
    %ix/load 4, 0, 0; Constant delay
    %assign/vec4/a/d v0x55a62a1d76c0, 0, 4;
    %pushi/vec4 0, 0, 2;
    %load/vec4 v0x55a62a1d7100_0;
    %pad/u 4;
    %ix/vec4 3;
    %ix/load 4, 0, 0; Constant delay
    %assign/vec4/a/d v0x55a62a1d8940, 0, 4;
    %pushi/vec4 3, 0, 4;
    %assign/vec4 v0x55a62a1d8860_0, 0;
T_2.21 ;
    %jmp T_2.14;
T_2.7 ;
    %load/vec4 v0x55a62a1d7100_0;
    %pad/u 4;
    %ix/vec4 4;
    %load/vec4a v0x55a62a1d7540, 4;
    %parti/s 8, 0, 2;
    %assign/vec4 v0x55a62a1d6e60_0, 0;
    %load/vec4 v0x55a62a1d7100_0;
    %pad/u 4;
    %ix/vec4 4;
    %load/vec4a v0x55a62a1d7540, 4;
    %parti/s 8, 8, 5;
    %assign/vec4 v0x55a62a1d6ae0_0, 0;
    %load/vec4 v0x55a62a1d7100_0;
    %pad/u 4;
    %ix/vec4 4;
    %load/vec4a v0x55a62a1d7540, 4;
    %parti/s 16, 16, 6;
    %assign/vec4 v0x55a62a1d6d80_0, 0;
    %load/vec4 v0x55a62a1d7100_0;
    %pad/u 4;
    %ix/vec4 4;
    %load/vec4a v0x55a62a1d7600, 4;
    %parti/s 32, 0, 2;
    %load/vec4 v0x55a62a1d7100_0;
    %pad/u 4;
    %ix/vec4 4;
    %load/vec4a v0x55a62a1d7540, 4;
    %parti/s 32, 32, 7;
    %concat/vec4; draw_concat_vec4
    %assign/vec4 v0x55a62a1d6bc0_0, 0;
    %load/vec4 v0x55a62a1d7100_0;
    %pad/u 4;
    %ix/vec4 4;
    %load/vec4a v0x55a62a1d7600, 4;
    %parti/s 16, 32, 7;
    %assign/vec4 v0x55a62a1d6ca0_0, 0;
    %load/vec4 v0x55a62a1d7100_0;
    %pad/u 4;
    %ix/vec4 4;
    %load/vec4a v0x55a62a1d7600, 4;
    %parti/s 16, 48, 7;
    %assign/vec4 v0x55a62a1d71e0_0, 0;
    %load/vec4 v0x55a62a1d7100_0;
    %pad/u 4;
    %ix/vec4 4;
    %load/vec4a v0x55a62a1d76c0, 4;
    %assign/vec4 v0x55a62a1d6920_0, 0;
    %load/vec4 v0x55a62a1d7100_0;
    %pad/u 4;
    %ix/vec4 4;
    %load/vec4a v0x55a62a1d6620, 4;
    %assign/vec4 v0x55a62a1d6a00_0, 0;
    %load/vec4 v0x55a62a1d7100_0;
    %pad/u 4;
    %ix/vec4 4;
    %load/vec4a v0x55a62a1d6620, 4;
    %pad/u 32;
    %cmpi/e 4294967295, 0, 32;
    %flag_mov 8, 4;
    %jmp/0 T_2.23, 8;
    %pushi/vec4 0, 0, 3;
    %jmp/1 T_2.24, 8;
T_2.23 ; End of true expr.
    %load/vec4 v0x55a62a1d7100_0;
    %pad/u 4;
    %ix/vec4 4;
    %load/vec4a v0x55a62a1d6620, 4;
    %addi 1, 0, 3;
    %jmp/0 T_2.24, 8;
 ; End of false expr.
    %blend;
T_2.24;
    %load/vec4 v0x55a62a1d7100_0;
    %pad/u 4;
    %ix/vec4 3;
    %ix/load 4, 0, 0; Constant delay
    %assign/vec4/a/d v0x55a62a1d6620, 0, 4;
    %load/vec4 v0x55a62a1d67a0_0;
    %flag_set/vec4 8;
    %jmp/0xz  T_2.25, 8;
    %pushi/vec4 4, 0, 4;
    %assign/vec4 v0x55a62a1d8860_0, 0;
T_2.25 ;
    %jmp T_2.14;
T_2.8 ;
    %pushi/vec4 0, 0, 16;
    %load/vec4 v0x55a62a1d6ca0_0;
    %concat/vec4; draw_concat_vec4
    %addi 1, 0, 32;
    %muli 4096, 0, 32;
    %assign/vec4 v0x55a62a1d72c0_0, 0;
    %load/vec4 v0x55a62a1d6920_0;
    %assign/vec4 v0x55a62a1d6f40_0, 0;
    %pushi/vec4 5, 0, 4;
    %assign/vec4 v0x55a62a1d8860_0, 0;
    %pushi/vec4 1, 0, 1;
    %assign/vec4 v0x55a62a1d7f00_0, 0;
    %pushi/vec4 0, 0, 1;
    %assign/vec4 v0x55a62a1d7e40_0, 0;
    %pushi/vec4 0, 0, 16;
    %load/vec4 v0x55a62a1d6ca0_0;
    %concat/vec4; draw_concat_vec4
    %addi 1, 0, 32;
    %muli 4096, 0, 32;
    %cmpi/u 4096, 0, 32;
    %flag_or 5, 4;
    %jmp/0xz  T_2.27, 5;
    %pushi/vec4 5, 0, 4;
    %assign/vec4 v0x55a62a1d8860_0, 0;
    %pushi/vec4 1, 0, 1;
    %assign/vec4 v0x55a62a1d7f00_0, 0;
    %jmp T_2.28;
T_2.27 ;
    %pushi/vec4 0, 0, 16;
    %load/vec4 v0x55a62a1d6ca0_0;
    %concat/vec4; draw_concat_vec4
    %addi 1, 0, 32;
    %muli 4096, 0, 32;
    %cmpi/u 8192, 0, 32;
    %flag_or 5, 4;
    %jmp/0xz  T_2.29, 5;
    %pushi/vec4 6, 0, 4;
    %assign/vec4 v0x55a62a1d8860_0, 0;
    %pushi/vec4 1, 0, 1;
    %assign/vec4 v0x55a62a1d7f00_0, 0;
    %jmp T_2.30;
T_2.29 ;
    %pushi/vec4 7, 0, 4;
    %assign/vec4 v0x55a62a1d8860_0, 0;
    %pushi/vec4 0, 0, 16;
    %load/vec4 v0x55a62a1d6ca0_0;
    %concat/vec4; draw_concat_vec4
    %addi 1, 0, 32;
    %muli 4096, 0, 32;
    %subi 4096, 0, 32;
    %pushi/vec4 4096, 0, 32;
    %div;
    %pad/u 5;
    %assign/vec4 v0x55a62a1d7c80_0, 0;
    %pushi/vec4 0, 0, 5;
    %assign/vec4 v0x55a62a1d7d60_0, 0;
    %pushi/vec4 0, 0, 1;
    %assign/vec4 v0x55a62a1d7f00_0, 0;
    %pushi/vec4 1, 0, 1;
    %assign/vec4 v0x55a62a1d7e40_0, 0;
T_2.30 ;
T_2.28 ;
    %jmp T_2.14;
T_2.9 ;
    %pushi/vec4 0, 0, 64;
    %assign/vec4 v0x55a62a1d7020_0, 0;
    %pushi/vec4 8, 0, 4;
    %assign/vec4 v0x55a62a1d8860_0, 0;
    %jmp T_2.14;
T_2.10 ;
    %load/vec4 v0x55a62a1d6920_0;
    %addi 4096, 0, 64;
    %assign/vec4 v0x55a62a1d7020_0, 0;
    %pushi/vec4 8, 0, 4;
    %assign/vec4 v0x55a62a1d8860_0, 0;
    %jmp T_2.14;
T_2.11 ;
    %pushi/vec4 1, 0, 1;
    %assign/vec4 v0x55a62a1d83c0_0, 0;
    %pushi/vec4 1, 0, 1;
    %assign/vec4 v0x55a62a1d8560_0, 0;
    %pushi/vec4 160, 0, 16;
    %pushi/vec4 0, 0, 6;
    %load/vec4 v0x55a62a1d7100_0;
    %concat/vec4; draw_concat_vec4
    %load/vec4 v0x55a62a1d6a00_0;
    %concat/vec4; draw_concat_vec4
    %load/vec4 v0x55a62a1d7d60_0;
    %concat/vec4; draw_concat_vec4
    %add;
    %assign/vec4 v0x55a62a1d8220_0, 0;
    %pushi/vec4 0, 0, 64;
    %load/vec4 v0x55a62a1d6920_0;
    %pushi/vec4 0, 0, 32;
    %load/vec4 v0x55a62a1d7d60_0;
    %concat/vec4; draw_concat_vec4
    %pad/u 64;
    %addi 1, 0, 64;
    %muli 4096, 0, 64;
    %add;
    %concat/vec4; draw_concat_vec4
    %assign/vec4 v0x55a62a1d8480_0, 0;
    %load/vec4 v0x55a62a1d8300_0;
    %flag_set/vec4 8;
    %jmp/0xz  T_2.31, 8;
    %load/vec4 v0x55a62a1d7d60_0;
    %pad/u 32;
    %load/vec4 v0x55a62a1d7c80_0;
    %pad/u 32;
    %subi 1, 0, 32;
    %cmp/e;
    %jmp/0xz  T_2.33, 4;
    %pushi/vec4 160, 0, 64;
    %pushi/vec4 0, 0, 6;
    %load/vec4 v0x55a62a1d7100_0;
    %concat/vec4; draw_concat_vec4
    %load/vec4 v0x55a62a1d6a00_0;
    %concat/vec4; draw_concat_vec4
    %concati/vec4 0, 0, 5;
    %pad/u 64;
    %add;
    %assign/vec4 v0x55a62a1d7020_0, 0;
    %pushi/vec4 8, 0, 4;
    %assign/vec4 v0x55a62a1d8860_0, 0;
    %jmp T_2.34;
T_2.33 ;
    %load/vec4 v0x55a62a1d7d60_0;
    %addi 1, 0, 5;
    %assign/vec4 v0x55a62a1d7d60_0, 0;
T_2.34 ;
T_2.31 ;
    %jmp T_2.14;
T_2.12 ;
    %pushi/vec4 1, 0, 1;
    %assign/vec4 v0x55a62a1d83c0_0, 0;
    %pushi/vec4 1, 0, 1;
    %assign/vec4 v0x55a62a1d8560_0, 0;
    %pushi/vec4 0, 0, 9;
    %load/vec4 v0x55a62a1d7100_0;
    %concat/vec4; draw_concat_vec4
    %load/vec4 v0x55a62a1d6a00_0;
    %concat/vec4; draw_concat_vec4
    %concati/vec4 0, 0, 2;
    %assign/vec4 v0x55a62a1d8220_0, 0;
    %load/vec4 v0x55a62a1d7020_0;
    %load/vec4 v0x55a62a1d6f40_0;
    %concat/vec4; draw_concat_vec4
    %assign/vec4 v0x55a62a1d8480_0, 0;
    %load/vec4 v0x55a62a1d8300_0;
    %flag_set/vec4 8;
    %jmp/0xz  T_2.35, 8;
    %pushi/vec4 1, 0, 1;
    %assign/vec4 v0x55a62a1d6860_0, 0;
    %pushi/vec4 1, 0, 1;
    %assign/vec4 v0x55a62a1d8160_0, 0;
    %load/vec4 v0x55a62a1d7100_0;
    %assign/vec4 v0x55a62a1d8080_0, 0;
    %pushi/vec4 1, 0, 1;
    %assign/vec4 v0x55a62a1d7480_0, 0;
    %pushi/vec4 0, 0, 4;
    %assign/vec4 v0x55a62a1d8860_0, 0;
T_2.35 ;
    %jmp T_2.14;
T_2.14 ;
    %pop/vec4 1;
T_2.1 ;
    %jmp T_2;
    .thread T_2;
    .scope S_0x55a62a14f5b0;
T_3 ;
    %pushi/vec4 0, 0, 32;
    %store/vec4 v0x55a62a1d95a0_0, 0, 32;
    %end;
    .thread T_3;
    .scope S_0x55a62a14f5b0;
T_4 ;
    %delay 500, 0;
    %load/vec4 v0x55a62a1d92e0_0;
    %inv;
    %store/vec4 v0x55a62a1d92e0_0, 0, 1;
    %jmp T_4;
    .thread T_4;
    .scope S_0x55a62a14f5b0;
T_5 ;
    %wait E_0x55a62a1652a0;
    %load/vec4 v0x55a62a1d9d80_0;
    %store/vec4 v0x55a62a1d9cb0_0, 0, 1;
    %jmp T_5;
    .thread T_5, $push;
    .scope S_0x55a62a14f5b0;
T_6 ;
    %vpi_call 2 84 "$dumpfile", "tb_sq_engine.vcd" {0 0 0};
    %vpi_call 2 85 "$dumpvars", 32'sb00000000000000000000000000000000, S_0x55a62a14f5b0 {0 0 0};
    %pushi/vec4 0, 0, 1;
    %store/vec4 v0x55a62a1d92e0_0, 0, 1;
    %pushi/vec4 0, 0, 1;
    %store/vec4 v0x55a62a1d98d0_0, 0, 1;
    %pushi/vec4 0, 0, 1;
    %store/vec4 v0x55a62a1d9800_0, 0, 1;
    %pushi/vec4 0, 0, 16;
    %store/vec4 v0x55a62a1d9640_0, 0, 16;
    %pushi/vec4 0, 0, 64;
    %store/vec4 v0x55a62a1d9730_0, 0, 64;
    %pushi/vec4 1, 0, 1;
    %store/vec4 v0x55a62a1d93d0_0, 0, 1;
    %delay 2000, 0;
    %pushi/vec4 1, 0, 1;
    %store/vec4 v0x55a62a1d98d0_0, 0, 1;
    %delay 1000, 0;
    %vpi_call 2 94 "$display", "--- T1.1: Single 4KB submission ---" {0 0 0};
    %pushi/vec4 0, 0, 32;
    %store/vec4 v0x55a62a1d9b40_0, 0, 32;
    %pushi/vec4 0, 0, 2;
    %store/vec4 v0x55a62a1d9200_0, 0, 2;
    %pushi/vec4 2, 0, 8;
    %store/vec4 v0x55a62a1d9140_0, 0, 8;
    %pushi/vec4 0, 0, 16;
    %store/vec4 v0x55a62a1d9060_0, 0, 16;
    %pushi/vec4 2863267840, 0, 64;
    %store/vec4 v0x55a62a1d8f60_0, 0, 64;
    %fork TD_tb_sq_engine.submit_sqe, S_0x55a62a14f740;
    %join;
    %pushi/vec4 10, 0, 32;
T_6.0 %dup/vec4;
    %pushi/vec4 0, 0, 32;
    %cmp/s;
    %jmp/1xz T_6.1, 5;
    %jmp/1 T_6.1, 4;
    %pushi/vec4 1, 0, 32;
    %sub;
    %wait E_0x55a62a166960;
    %jmp T_6.0;
T_6.1 ;
    %pop/vec4 1;
    %delay 100, 0;
    %vpi_call 2 99 "$display", "PASS T1.1: 4KB submission completed" {0 0 0};
    %vpi_call 2 104 "$display", "--- T1.2: 8KB submission (dual PRP) ---" {0 0 0};
    %pushi/vec4 0, 0, 2;
    %store/vec4 v0x55a62a1d9200_0, 0, 2;
    %pushi/vec4 2, 0, 8;
    %store/vec4 v0x55a62a1d9140_0, 0, 8;
    %pushi/vec4 1, 0, 16;
    %store/vec4 v0x55a62a1d9060_0, 0, 16;
    %pushi/vec4 3149594624, 0, 64;
    %store/vec4 v0x55a62a1d8f60_0, 0, 64;
    %fork TD_tb_sq_engine.submit_sqe, S_0x55a62a14f740;
    %join;
    %pushi/vec4 10, 0, 32;
T_6.2 %dup/vec4;
    %pushi/vec4 0, 0, 32;
    %cmp/s;
    %jmp/1xz T_6.3, 5;
    %jmp/1 T_6.3, 4;
    %pushi/vec4 1, 0, 32;
    %sub;
    %wait E_0x55a62a166960;
    %jmp T_6.2;
T_6.3 ;
    %pop/vec4 1;
    %delay 100, 0;
    %vpi_call 2 107 "$display", "PASS T1.2: 8KB dual-PRP submission completed" {0 0 0};
    %vpi_call 2 112 "$display", "--- T1.3: 128KB submission (PRP list) ---" {0 0 0};
    %pushi/vec4 0, 0, 2;
    %store/vec4 v0x55a62a1d9200_0, 0, 2;
    %pushi/vec4 2, 0, 8;
    %store/vec4 v0x55a62a1d9140_0, 0, 8;
    %pushi/vec4 31, 0, 16;
    %store/vec4 v0x55a62a1d9060_0, 0, 16;
    %pushi/vec4 3435921408, 0, 64;
    %store/vec4 v0x55a62a1d8f60_0, 0, 64;
    %fork TD_tb_sq_engine.submit_sqe, S_0x55a62a14f740;
    %join;
    %pushi/vec4 50, 0, 32;
T_6.4 %dup/vec4;
    %pushi/vec4 0, 0, 32;
    %cmp/s;
    %jmp/1xz T_6.5, 5;
    %jmp/1 T_6.5, 4;
    %pushi/vec4 1, 0, 32;
    %sub;
    %wait E_0x55a62a166960;
    %jmp T_6.4;
T_6.5 ;
    %pop/vec4 1;
    %delay 100, 0;
    %vpi_call 2 116 "$display", "PASS T1.3: 128KB PRP-list submission completed" {0 0 0};
    %vpi_call 2 121 "$display", "--- T1.4: Back-to-back burst (8 commands) ---" {0 0 0};
    %fork t_1, S_0x55a62a14f3d0;
    %jmp t_0;
    .scope S_0x55a62a14f3d0;
t_1 ;
    %pushi/vec4 0, 0, 32;
    %store/vec4 v0x55a62a1b09e0_0, 0, 32;
T_6.6 ;
    %load/vec4 v0x55a62a1b09e0_0;
    %cmpi/s 8, 0, 32;
    %jmp/0xz T_6.7, 5;
    %pushi/vec4 0, 0, 2;
    %store/vec4 v0x55a62a1d9200_0, 0, 2;
    %pushi/vec4 2, 0, 8;
    %store/vec4 v0x55a62a1d9140_0, 0, 8;
    %pushi/vec4 0, 0, 16;
    %store/vec4 v0x55a62a1d9060_0, 0, 16;
    %pushi/vec4 3489660928, 0, 64;
    %load/vec4 v0x55a62a1b09e0_0;
    %pad/u 64;
    %muli 4096, 0, 64;
    %add;
    %store/vec4 v0x55a62a1d8f60_0, 0, 64;
    %fork TD_tb_sq_engine.submit_sqe, S_0x55a62a14f740;
    %join;
    %pushi/vec4 8, 0, 32;
T_6.8 %dup/vec4;
    %pushi/vec4 0, 0, 32;
    %cmp/s;
    %jmp/1xz T_6.9, 5;
    %jmp/1 T_6.9, 4;
    %pushi/vec4 1, 0, 32;
    %sub;
    %wait E_0x55a62a166960;
    %jmp T_6.8;
T_6.9 ;
    %pop/vec4 1;
    %delay 100, 0;
    %load/vec4 v0x55a62a1b09e0_0;
    %addi 1, 0, 32;
    %store/vec4 v0x55a62a1b09e0_0, 0, 32;
    %jmp T_6.6;
T_6.7 ;
    %end;
    .scope S_0x55a62a14f5b0;
t_0 %join;
    %vpi_call 2 129 "$display", "PASS T1.4: 8 back-to-back submissions completed" {0 0 0};
    %vpi_call 2 134 "$display", "--- T1.5: Credit exhaustion stall ---" {0 0 0};
    %pushi/vec4 0, 0, 1;
    %store/vec4 v0x55a62a1d93d0_0, 0, 1;
    %pushi/vec4 0, 0, 2;
    %store/vec4 v0x55a62a1d8e00_0, 0, 2;
    %pushi/vec4 0, 0, 5;
    %store/vec4 v0x55a62a1d8d20_0, 0, 5;
    %pushi/vec4 2147483649, 0, 63;
    %concati/vec4 0, 0, 1;
    %store/vec4 v0x55a62a1d8c20_0, 0, 64;
    %fork TD_tb_sq_engine.mailbox_write, S_0x55a62a14eaa0;
    %join;
    %pushi/vec4 0, 0, 2;
    %store/vec4 v0x55a62a1d8e00_0, 0, 2;
    %pushi/vec4 8, 0, 5;
    %store/vec4 v0x55a62a1d8d20_0, 0, 5;
    %pushi/vec4 0, 0, 64;
    %store/vec4 v0x55a62a1d8c20_0, 0, 64;
    %fork TD_tb_sq_engine.mailbox_write, S_0x55a62a14eaa0;
    %join;
    %pushi/vec4 0, 0, 2;
    %store/vec4 v0x55a62a1d8e00_0, 0, 2;
    %pushi/vec4 16, 0, 5;
    %store/vec4 v0x55a62a1d8d20_0, 0, 5;
    %pushi/vec4 4008574976, 0, 64;
    %store/vec4 v0x55a62a1d8c20_0, 0, 64;
    %fork TD_tb_sq_engine.mailbox_write, S_0x55a62a14eaa0;
    %join;
    %pushi/vec4 5, 0, 32;
T_6.10 %dup/vec4;
    %pushi/vec4 0, 0, 32;
    %cmp/s;
    %jmp/1xz T_6.11, 5;
    %jmp/1 T_6.11, 4;
    %pushi/vec4 1, 0, 32;
    %sub;
    %wait E_0x55a62a166960;
    %jmp T_6.10;
T_6.11 ;
    %pop/vec4 1;
    %delay 100, 0;
    %load/vec4 v0x55a62a1d9a70_0;
    %flag_set/vec4 8;
    %jmp/0xz  T_6.12, 8;
    %vpi_call 2 143 "$display", "FAIL T1.5: sq_ready asserted during credit stall" {0 0 0};
    %load/vec4 v0x55a62a1d95a0_0;
    %addi 1, 0, 32;
    %store/vec4 v0x55a62a1d95a0_0, 0, 32;
    %jmp T_6.13;
T_6.12 ;
    %vpi_call 2 145 "$display", "PASS T1.5a: stalled at S_DECODE" {0 0 0};
T_6.13 ;
    %pushi/vec4 1, 0, 1;
    %store/vec4 v0x55a62a1d93d0_0, 0, 1;
    %pushi/vec4 10, 0, 32;
T_6.14 %dup/vec4;
    %pushi/vec4 0, 0, 32;
    %cmp/s;
    %jmp/1xz T_6.15, 5;
    %jmp/1 T_6.15, 4;
    %pushi/vec4 1, 0, 32;
    %sub;
    %wait E_0x55a62a166960;
    %jmp T_6.14;
T_6.15 ;
    %pop/vec4 1;
    %delay 100, 0;
    %vpi_call 2 149 "$display", "PASS T1.5b: completed after credit release" {0 0 0};
    %vpi_call 2 154 "$display", "--- T1.6: Multi-queue interleave ---" {0 0 0};
    %pushi/vec4 0, 0, 2;
    %store/vec4 v0x55a62a1d9200_0, 0, 2;
    %pushi/vec4 2, 0, 8;
    %store/vec4 v0x55a62a1d9140_0, 0, 8;
    %pushi/vec4 0, 0, 16;
    %store/vec4 v0x55a62a1d9060_0, 0, 16;
    %pushi/vec4 4026531840, 0, 64;
    %store/vec4 v0x55a62a1d8f60_0, 0, 64;
    %fork TD_tb_sq_engine.submit_sqe, S_0x55a62a14f740;
    %join;
    %pushi/vec4 8, 0, 32;
T_6.16 %dup/vec4;
    %pushi/vec4 0, 0, 32;
    %cmp/s;
    %jmp/1xz T_6.17, 5;
    %jmp/1 T_6.17, 4;
    %pushi/vec4 1, 0, 32;
    %sub;
    %wait E_0x55a62a166960;
    %jmp T_6.16;
T_6.17 ;
    %pop/vec4 1;
    %delay 100, 0;
    %pushi/vec4 1, 0, 2;
    %store/vec4 v0x55a62a1d9200_0, 0, 2;
    %pushi/vec4 2, 0, 8;
    %store/vec4 v0x55a62a1d9140_0, 0, 8;
    %pushi/vec4 0, 0, 16;
    %store/vec4 v0x55a62a1d9060_0, 0, 16;
    %pushi/vec4 4043309056, 0, 64;
    %store/vec4 v0x55a62a1d8f60_0, 0, 64;
    %fork TD_tb_sq_engine.submit_sqe, S_0x55a62a14f740;
    %join;
    %pushi/vec4 8, 0, 32;
T_6.18 %dup/vec4;
    %pushi/vec4 0, 0, 32;
    %cmp/s;
    %jmp/1xz T_6.19, 5;
    %jmp/1 T_6.19, 4;
    %pushi/vec4 1, 0, 32;
    %sub;
    %wait E_0x55a62a166960;
    %jmp T_6.18;
T_6.19 ;
    %pop/vec4 1;
    %delay 100, 0;
    %vpi_call 2 159 "$display", "PASS T1.6: multi-queue interleave completed" {0 0 0};
    %vpi_call 2 164 "$display", "--- T1.7: CID wraparound ---" {0 0 0};
    %fork t_3, S_0x55a62a14ec30;
    %jmp t_2;
    .scope S_0x55a62a14ec30;
t_3 ;
    %pushi/vec4 0, 0, 32;
    %store/vec4 v0x55a62a1b1410_0, 0, 32;
T_6.20 ;
    %load/vec4 v0x55a62a1b1410_0;
    %cmpi/s 9, 0, 32;
    %jmp/0xz T_6.21, 5;
    %pushi/vec4 3, 0, 2;
    %store/vec4 v0x55a62a1d9200_0, 0, 2;
    %pushi/vec4 2, 0, 8;
    %store/vec4 v0x55a62a1d9140_0, 0, 8;
    %pushi/vec4 0, 0, 16;
    %store/vec4 v0x55a62a1d9060_0, 0, 16;
    %pushi/vec4 0, 0, 64;
    %load/vec4 v0x55a62a1b1410_0;
    %pad/u 64;
    %muli 4096, 0, 64;
    %add;
    %store/vec4 v0x55a62a1d8f60_0, 0, 64;
    %fork TD_tb_sq_engine.submit_sqe, S_0x55a62a14f740;
    %join;
    %pushi/vec4 8, 0, 32;
T_6.22 %dup/vec4;
    %pushi/vec4 0, 0, 32;
    %cmp/s;
    %jmp/1xz T_6.23, 5;
    %jmp/1 T_6.23, 4;
    %pushi/vec4 1, 0, 32;
    %sub;
    %wait E_0x55a62a166960;
    %jmp T_6.22;
T_6.23 ;
    %pop/vec4 1;
    %delay 100, 0;
    %load/vec4 v0x55a62a1b1410_0;
    %addi 1, 0, 32;
    %store/vec4 v0x55a62a1b1410_0, 0, 32;
    %jmp T_6.20;
T_6.21 ;
    %end;
    .scope S_0x55a62a14f5b0;
t_2 %join;
    %vpi_call 2 173 "$display", "PASS T1.7: CID wraparound exercised (QD+1 submissions)" {0 0 0};
    %vpi_call 2 176 "$display", "---" {0 0 0};
    %load/vec4 v0x55a62a1d95a0_0;
    %cmpi/e 0, 0, 32;
    %jmp/0xz  T_6.24, 4;
    %vpi_call 2 178 "$display", "sq_engine: ALL TESTS PASSED" {0 0 0};
    %jmp T_6.25;
T_6.24 ;
    %vpi_call 2 180 "$display", "sq_engine: %0d ERRORS", v0x55a62a1d95a0_0 {0 0 0};
T_6.25 ;
    %vpi_call 2 181 "$finish" {0 0 0};
    %end;
    .thread T_6;
# The file index is used to find the file name in the following table.
:file_names 4;
    "N/A";
    "<interactive>";
    "tb/tb_sq_engine.v";
    "src/sq_engine.v";
