[trace] loaded 1225846 entries (19613536 bytes) from /mnt/9p/artifacts/bigann/diskann_bigann_trace_rw50.bin
EAL: '-c <coremask>' option is deprecated, and will be removed in a future release
EAL: 	Use '-l <corelist>' or '--lcores=<corelist>' option instead
[DBG_MECH4] calls=1 reg_null=0 qid0=1 state=0 entered=0 qid=0 state_now=5 hint_reg=0x201000802000
Initializing NVMe Controllers
Attached to NVMe Controller at PCIE (0000:00:05.0) [144d:2001]
Associating PCIE (0000:00:05.0) [144d:2001] NSID 1 with lcore 0
Initialization complete. Launching workers.

====================
lcore 0, ns PCIE (0000:00:05.0) [144d:2001] NSID 1 statistics:
PCIE transport:
	polls:               63286
	idle_polls:          1
	completions:         981719
	completion_calls:    63286
	cq_mmio_doorbell_updates: 63285
	cq_shadow_doorbell_updates: 0
	submitted_requests:  981719
	sq_mmio_doorbell_updates:  981719
	sq_shadow_doorbell_updates:  0
	queued_requests:     0
	completions_per_poll_hist: 0:1, 1:0, 2:1, 3:118, 4:5750, 5:25469, 6:11, 7:8, 8:52, 9:1391, 10:8611, 11:18, 12:119, 13:211, 14:238, 15:2987, 16:42, 17:177, 18:326, 19:57, 20:843, 21:28, 22:141, 23:361, 24:242, 25:149, 26:14, 27:80, 28:286, 29:523, 30:523, 31:7, 32+:14502
	pcie_stats: polls=63286 completions=981719 sq_mmio=981719 cq_mmio=63285
========================================================
                                                                                       Latency(us)
Device Information                                 :       IOPS      MiB/s    Average        min        max
PCIE (0000:00:05.0) [144d:2001] NSID 1 from core  0:  981695.44    3834.75     130.25       3.31     509.16
========================================================
Total                                              :  981695.44    3834.75     130.25       3.31     509.16

Summary latency data for PCIE (0000:00:05.0) [144d:2001] NSID 1      from core 0:
=================================================================================
  1.00000% :     5.920us
 10.00000% :    17.151us
 25.00000% :    39.166us
 50.00000% :    93.179us
 75.00000% :   195.574us
 90.00000% :   311.280us
 95.00000% :   362.478us
 98.00000% :   411.627us
 99.00000% :   434.154us
 99.50000% :   452.585us
 99.90000% :   475.112us
 99.99000% :   493.543us
 99.99900% :   503.783us
 99.99990% :   509.927us
 99.99999% :   509.927us
