[trace] loaded 1225846 entries (19613536 bytes) from /mnt/9p/artifacts/bigann/diskann_bigann_trace_write.bin
EAL: '-c <coremask>' option is deprecated, and will be removed in a future release
EAL: 	Use '-l <corelist>' or '--lcores=<corelist>' option instead
[DBG_MECH4] calls=1 reg_null=1 qid0=0 state=0 entered=0 qid=0 state_now=5 hint_reg=(nil)
Initializing NVMe Controllers
Attached to NVMe Controller at PCIE (0000:00:05.0) [144d:2001]
Associating PCIE (0000:00:05.0) [144d:2001] NSID 1 with lcore 0
Initialization complete. Launching workers.

====================
lcore 0, ns PCIE (0000:00:05.0) [144d:2001] NSID 1 statistics:
PCIE transport:
	polls:               80567
	idle_polls:          52105
	completions:         834028
	completion_calls:    80567
	cq_mmio_doorbell_updates: 28462
	cq_shadow_doorbell_updates: 0
	submitted_requests:  834028
	sq_mmio_doorbell_updates:  28462
	sq_shadow_doorbell_updates:  0
	queued_requests:     0
	completions_per_poll_hist: 0:52105, 1:6483, 2:2506, 3:1316, 4:3494, 5:452, 6:0, 7:0, 8:0, 9:0, 10:0, 11:0, 12:0, 13:0, 14:0, 15:0, 16:0, 17:0, 18:4, 19:0, 20:2, 21:3, 22:2, 23:4, 24:3, 25:8, 26:1, 27:3, 28:4, 29:16, 30:9, 31:13, 32+:14139
	pcie_stats: polls=80567 completions=834028 sq_mmio=28462 cq_mmio=28462
========================================================
                                                                                       Latency(us)
Device Information                                 :       IOPS      MiB/s    Average        min        max
PCIE (0000:00:05.0) [144d:2001] NSID 1 from core  0:  834019.66    3257.89      76.62      14.27     252.03
========================================================
Total                                              :  834019.66    3257.89      76.62      14.27     252.03

Summary latency data for PCIE (0000:00:05.0) [144d:2001] NSID 1      from core 0:
=================================================================================
  1.00000% :    46.078us
 10.00000% :    61.181us
 25.00000% :    69.117us
 50.00000% :    76.796us
 75.00000% :    83.964us
 90.00000% :    92.155us
 95.00000% :    97.787us
 98.00000% :   104.955us
 99.00000% :   111.098us
 99.50000% :   117.242us
 99.90000% :   134.137us
 99.99000% :   162.808us
 99.99900% :   196.598us
 99.99990% :   252.915us
 99.99999% :   252.915us
