[trace] loaded 1225846 entries (19613536 bytes) from /mnt/9p/artifacts/bigann/diskann_bigann_trace_write.bin
EAL: '-c <coremask>' option is deprecated, and will be removed in a future release
EAL: 	Use '-l <corelist>' or '--lcores=<corelist>' option instead
[DBG_MECH4] calls=1 reg_null=0 qid0=1 state=0 entered=0 qid=0 state_now=5 hint_reg=0x201000802000
Initializing NVMe Controllers
Attached to NVMe Controller at PCIE (0000:00:05.0) [144d:2001]
Associating PCIE (0000:00:05.0) [144d:2001] NSID 1 with lcore 0
Initialization complete. Launching workers.

====================
lcore 0, ns PCIE (0000:00:05.0) [144d:2001] NSID 1 statistics:
PCIE transport:
	polls:               132162
	idle_polls:          56
	completions:         893009
	completion_calls:    132162
	cq_mmio_doorbell_updates: 132106
	cq_shadow_doorbell_updates: 0
	submitted_requests:  893009
	sq_mmio_doorbell_updates:  893009
	sq_shadow_doorbell_updates:  0
	queued_requests:     0
	completions_per_poll_hist: 0:56, 1:0, 2:67, 3:3959, 4:41012, 5:53660, 6:271, 7:245, 8:835, 9:7558, 10:11094, 11:591, 12:940, 13:928, 14:832, 15:2470, 16:413, 17:899, 18:1144, 19:289, 20:350, 21:152, 22:444, 23:647, 24:596, 25:181, 26:64, 27:174, 28:428, 29:613, 30:244, 31:27, 32+:979
	pcie_stats: polls=132162 completions=893009 sq_mmio=893009 cq_mmio=132106
========================================================
                                                                                       Latency(us)
Device Information                                 :       IOPS      MiB/s    Average        min        max
PCIE (0000:00:05.0) [144d:2001] NSID 1 from core  0:  893003.64    3488.30      17.80       2.92     103.63
========================================================
Total                                              :  893003.64    3488.30      17.80       2.92     103.63

Summary latency data for PCIE (0000:00:05.0) [144d:2001] NSID 1      from core 0:
=================================================================================
  1.00000% :     4.704us
 10.00000% :     6.304us
 25.00000% :     9.408us
 50.00000% :    15.487us
 75.00000% :    24.063us
 90.00000% :    33.022us
 95.00000% :    38.142us
 98.00000% :    43.774us
 99.00000% :    47.102us
 99.50000% :    50.173us
 99.90000% :    55.549us
 99.99000% :    61.949us
 99.99900% :    68.093us
 99.99990% :   103.931us
 99.99999% :   103.931us
