Warning 168: run_sta.tcl line 1, unknown field nets.
Warning 502: run_sta.tcl line 1, report_checks -endpoint_count is deprecated. Use -endpoint_path_count instead.
Warning 503: run_sta.tcl line 1, report_checks -group_count is deprecated. Use -group_path_count instead.
Startpoint: _58163_ (rising edge-triggered flip-flop clocked by clk)
Endpoint: _55475_ (rising edge-triggered flip-flop clocked by clk)
Path Group: clk
Path Type: max

     Cap     Slew    Delay     Time   Description
---------------------------------------------------------------------------
           20.000    0.000    0.000   clock clk (rise edge)
                     0.000    0.000   clock network delay (ideal)
           20.000    0.000    0.000 ^ _58163_/CLK (DFFHQNx1_ASAP7_75t_R)
   3.336   37.877   65.923   65.923 v _58163_/QN (DFFHQNx1_ASAP7_75t_R)
 246.552 6401.862 2925.643 2991.565 ^ _35001_/Y (NAND2xp33_ASAP7_75t_R)
   2.149  935.900  607.959 3599.524 v _43774_/Y (NAND2xp33_ASAP7_75t_R)
  22.531  688.510  632.443 4231.968 ^ _53439_/Y (NAND2xp33_ASAP7_75t_R)
  22.188 1226.458  423.196 4655.164 v _53440_/Y (NAND2xp33_ASAP7_75t_R)
   0.347  166.172  144.495 4799.658 ^ _53627_/Y (NAND2xp33_ASAP7_75t_R)
   0.556   40.930   29.647 4829.305 v _53629_/Y (NAND2xp33_ASAP7_75t_R)
           40.930    0.000 4829.305 v _55475_/D (DFFHQNx1_ASAP7_75t_R)
                           4829.305   data arrival time

           20.000 1000.000 1000.000   clock clk (rise edge)
                     0.000 1000.000   clock network delay (ideal)
                   -50.000  950.000   clock uncertainty
                     0.000  950.000   clock reconvergence pessimism
                            950.000 ^ _55475_/CLK (DFFHQNx1_ASAP7_75t_R)
                    -4.266  945.734   library setup time
                            945.734   data required time
---------------------------------------------------------------------------
                            945.734   data required time
                           -4829.305   data arrival time
---------------------------------------------------------------------------
                           -3883.571   slack (VIOLATED)


