
27. Printing statistics.

=== io_uncore_top ===

        +----------Local Count, excluding submodules.
        | 
    92681 wires
    94291 wire bits
       26 public wires
     1636 public wire bits
       23 ports
      592 port bits
    93267 cells
      139   DFFASRHQNx1_ASAP7_75t_R
    15974   DFFHQNx1_ASAP7_75t_R
      203   MAJIxp5_ASAP7_75t_R
       56   MAJx3_ASAP7_75t_R
    66934   NAND2xp33_ASAP7_75t_R
     6775   NAND3xp33_ASAP7_75t_R
     1704   NAND4xp25_ASAP7_75t_R
      857   NAND5xp2_ASAP7_75t_R
       40   NOR2xp33_ASAP7_75t_R
        1   OR2x4_ASAP7_75t_R
       12   OR3x1_ASAP7_75t_R
       41   XNOR2x2_ASAP7_75t_R
      530   XOR2x2_ASAP7_75t_R
        1   sram_macro

